[0.010s] Invoking command in '/home/aiv/ev_ws/perception/build/velodyne_cropbox': CMAKE_PREFIX_PATH=${CMAKE_PREFIX_PATH}:/opt/ros/humble /usr/bin/cmake /home/aiv/ev_ws/perception/src/lidar/velodyne_cropbox -DCMAKE_INSTALL_PREFIX=/home/aiv/ev_ws/perception/install/velodyne_cropbox
[0.039s] -- The C compiler identification is GNU 11.4.0
[0.069s] -- The CXX compiler identification is GNU 11.4.0
[0.073s] -- Detecting C compiler ABI info
[0.115s] -- Detecting C compiler ABI info - done
[0.120s] -- Check for working C compiler: /usr/bin/cc - skipped
[0.121s] -- Detecting C compile features
[0.121s] -- Detecting C compile features - done
[0.123s] -- Detecting CXX compiler ABI info
[0.176s] -- Detecting CXX compiler ABI info - done
[0.181s] -- Check for working CXX compiler: /usr/bin/c++ - skipped
[0.181s] -- Detecting CXX compile features
[0.182s] -- Detecting CXX compile features - done
[0.183s] -- Found ament_cmake: 1.3.12 (/opt/ros/humble/share/ament_cmake/cmake)
[0.284s] -- Found Python3: /usr/bin/python3 (found version "3.10.12") found components: Interpreter 
[0.331s] -- Found rclcpp: 16.0.17 (/opt/ros/humble/share/rclcpp/cmake)
[0.353s] -- Found rosidl_generator_c: 3.1.8 (/opt/ros/humble/share/rosidl_generator_c/cmake)
[0.356s] -- Found rosidl_adapter: 3.1.8 (/opt/ros/humble/share/rosidl_adapter/cmake)
[0.360s] -- Found rosidl_generator_cpp: 3.1.8 (/opt/ros/humble/share/rosidl_generator_cpp/cmake)
[0.366s] -- Using all available rosidl_typesupport_c: rosidl_typesupport_fastrtps_c;rosidl_typesupport_introspection_c
[0.374s] -- Using all available rosidl_typesupport_cpp: rosidl_typesupport_fastrtps_cpp;rosidl_typesupport_introspection_cpp
[0.395s] -- Found rmw_implementation_cmake: 6.1.2 (/opt/ros/humble/share/rmw_implementation_cmake/cmake)
[0.397s] -- Found rmw_fastrtps_cpp: 6.2.9 (/opt/ros/humble/share/rmw_fastrtps_cpp/cmake)
[0.447s] -- Found OpenSSL: /usr/lib/x86_64-linux-gnu/libcrypto.so (found version "3.0.2")  
[0.467s] -- Found FastRTPS: /opt/ros/humble/include  
[0.493s] -- Using RMW implementation 'rmw_fastrtps_cpp' as default
[0.499s] -- Looking for pthread.h
[0.547s] -- Looking for pthread.h - found
[0.547s] -- Performing Test CMAKE_HAVE_LIBC_PTHREAD
[0.593s] -- Performing Test CMAKE_HAVE_LIBC_PTHREAD - Success
[0.594s] -- Found Threads: TRUE  
[0.621s] -- Found rclcpp_components: 16.0.17 (/opt/ros/humble/share/rclcpp_components/cmake)
[0.635s] -- Found sensor_msgs: 4.9.0 (/opt/ros/humble/share/sensor_msgs/cmake)
[0.652s] -- Found ament_lint_auto: 0.12.14 (/opt/ros/humble/share/ament_lint_auto/cmake)
[0.693s] -- Added test 'cppcheck' to perform static code analysis on C / C++ code
[0.693s] -- Configured cppcheck include dirs: $<BUILD_INTERFACE:/home/aiv/ev_ws/perception/src/lidar/velodyne_cropbox/include>
[0.694s] -- Configured cppcheck exclude dirs and/or files: 
[0.694s] -- Added test 'lint_cmake' to check CMake code style
[0.695s] -- Added test 'uncrustify' to check C / C++ code style
[0.695s] -- Configured uncrustify additional arguments: 
[0.695s] -- Added test 'xmllint' to check XML markup files
[0.696s] -- Configuring done
[0.701s] -- Generating done
[0.703s] -- Build files have been written to: /home/aiv/ev_ws/perception/build/velodyne_cropbox
[0.708s] Invoked command in '/home/aiv/ev_ws/perception/build/velodyne_cropbox' returned '0': CMAKE_PREFIX_PATH=${CMAKE_PREFIX_PATH}:/opt/ros/humble /usr/bin/cmake /home/aiv/ev_ws/perception/src/lidar/velodyne_cropbox -DCMAKE_INSTALL_PREFIX=/home/aiv/ev_ws/perception/install/velodyne_cropbox
[0.710s] Invoking command in '/home/aiv/ev_ws/perception/build/velodyne_cropbox': CMAKE_PREFIX_PATH=${CMAKE_PREFIX_PATH}:/opt/ros/humble /usr/bin/cmake --build /home/aiv/ev_ws/perception/build/velodyne_cropbox -- -j28 -l28
[0.742s] [ 50%] [32mBuilding CXX object CMakeFiles/cropbox_component.dir/src/cropbox_component.cpp.o[0m
[5.914s] [100%] [32m[1mLinking CXX shared library libcropbox_component.so[0m
[6.312s] [100%] Built target cropbox_component
[6.323s] Invoked command in '/home/aiv/ev_ws/perception/build/velodyne_cropbox' returned '0': CMAKE_PREFIX_PATH=${CMAKE_PREFIX_PATH}:/opt/ros/humble /usr/bin/cmake --build /home/aiv/ev_ws/perception/build/velodyne_cropbox -- -j28 -l28
[6.324s] Invoking command in '/home/aiv/ev_ws/perception/build/velodyne_cropbox': CMAKE_PREFIX_PATH=${CMAKE_PREFIX_PATH}:/opt/ros/humble /usr/bin/cmake --install /home/aiv/ev_ws/perception/build/velodyne_cropbox
[6.332s] -- Install configuration: ""
[6.332s] -- Installing: /home/aiv/ev_ws/perception/install/velodyne_cropbox/lib/libcropbox_component.so
[6.338s] -- Set runtime path of "/home/aiv/ev_ws/perception/install/velodyne_cropbox/lib/libcropbox_component.so" to ""
[6.338s] -- Installing: /home/aiv/ev_ws/perception/install/velodyne_cropbox/include
[6.338s] -- Installing: /home/aiv/ev_ws/perception/install/velodyne_cropbox/include/velodyne_cropbox
[6.339s] -- Installing: /home/aiv/ev_ws/perception/install/velodyne_cropbox/include/velodyne_cropbox/cropbox_component.hpp
[6.339s] -- Installing: /home/aiv/ev_ws/perception/install/velodyne_cropbox/share/velodyne_cropbox/config
[6.339s] -- Installing: /home/aiv/ev_ws/perception/install/velodyne_cropbox/share/velodyne_cropbox/config/default_cropbox_params.yaml
[6.339s] -- Installing: /home/aiv/ev_ws/perception/install/velodyne_cropbox/share/velodyne_cropbox/environment/library_path.sh
[6.339s] -- Installing: /home/aiv/ev_ws/perception/install/velodyne_cropbox/share/velodyne_cropbox/environment/library_path.dsv
[6.339s] -- Installing: /home/aiv/ev_ws/perception/install/velodyne_cropbox/share/ament_index/resource_index/package_run_dependencies/velodyne_cropbox
[6.339s] -- Installing: /home/aiv/ev_ws/perception/install/velodyne_cropbox/share/ament_index/resource_index/parent_prefix_path/velodyne_cropbox
[6.339s] -- Installing: /home/aiv/ev_ws/perception/install/velodyne_cropbox/share/velodyne_cropbox/environment/ament_prefix_path.sh
[6.339s] -- Installing: /home/aiv/ev_ws/perception/install/velodyne_cropbox/share/velodyne_cropbox/environment/ament_prefix_path.dsv
[6.339s] -- Installing: /home/aiv/ev_ws/perception/install/velodyne_cropbox/share/velodyne_cropbox/environment/path.sh
[6.339s] -- Installing: /home/aiv/ev_ws/perception/install/velodyne_cropbox/share/velodyne_cropbox/environment/path.dsv
[6.340s] -- Installing: /home/aiv/ev_ws/perception/install/velodyne_cropbox/share/velodyne_cropbox/local_setup.bash
[6.340s] -- Installing: /home/aiv/ev_ws/perception/install/velodyne_cropbox/share/velodyne_cropbox/local_setup.sh
[6.340s] -- Installing: /home/aiv/ev_ws/perception/install/velodyne_cropbox/share/velodyne_cropbox/local_setup.zsh
[6.340s] -- Installing: /home/aiv/ev_ws/perception/install/velodyne_cropbox/share/velodyne_cropbox/local_setup.dsv
[6.340s] -- Installing: /home/aiv/ev_ws/perception/install/velodyne_cropbox/share/velodyne_cropbox/package.dsv
[6.340s] -- Installing: /home/aiv/ev_ws/perception/install/velodyne_cropbox/share/ament_index/resource_index/packages/velodyne_cropbox
[6.340s] -- Installing: /home/aiv/ev_ws/perception/install/velodyne_cropbox/share/ament_index/resource_index/rclcpp_components/velodyne_cropbox
[6.340s] -- Installing: /home/aiv/ev_ws/perception/install/velodyne_cropbox/share/velodyne_cropbox/cmake/ament_cmake_export_include_directories-extras.cmake
[6.340s] -- Installing: /home/aiv/ev_ws/perception/install/velodyne_cropbox/share/velodyne_cropbox/cmake/ament_cmake_export_libraries-extras.cmake
[6.340s] -- Installing: /home/aiv/ev_ws/perception/install/velodyne_cropbox/share/velodyne_cropbox/cmake/ament_cmake_export_dependencies-extras.cmake
[6.341s] -- Installing: /home/aiv/ev_ws/perception/install/velodyne_cropbox/share/velodyne_cropbox/cmake/velodyne_cropboxConfig.cmake
[6.341s] -- Installing: /home/aiv/ev_ws/perception/install/velodyne_cropbox/share/velodyne_cropbox/cmake/velodyne_cropboxConfig-version.cmake
[6.341s] -- Installing: /home/aiv/ev_ws/perception/install/velodyne_cropbox/share/velodyne_cropbox/package.xml
[6.343s] Invoked command in '/home/aiv/ev_ws/perception/build/velodyne_cropbox' returned '0': CMAKE_PREFIX_PATH=${CMAKE_PREFIX_PATH}:/opt/ros/humble /usr/bin/cmake --install /home/aiv/ev_ws/perception/build/velodyne_cropbox
