[0.007s] Invoking command in '/home/aiv/ev_ws/ros2_ver2/build/lidar_clustering': CMAKE_PREFIX_PATH=${CMAKE_PREFIX_PATH}:/home/aiv/ros2_study/install/my_second_package:/opt/ros/humble /usr/bin/cmake --build /home/aiv/ev_ws/ros2_ver2/build/lidar_clustering -- -j28 -l28
[0.049s] -- Found ament_cmake: 1.3.12 (/opt/ros/humble/share/ament_cmake/cmake)
[0.122s] -- Override CMake install command with custom implementation using symlinks instead of copying resources
[0.130s] -- Found rclcpp: 16.0.17 (/opt/ros/humble/share/rclcpp/cmake)
[0.146s] -- Found rosidl_generator_c: 3.1.8 (/opt/ros/humble/share/rosidl_generator_c/cmake)
[0.148s] -- Found rosidl_adapter: 3.1.8 (/opt/ros/humble/share/rosidl_adapter/cmake)
[0.152s] -- Found rosidl_generator_cpp: 3.1.8 (/opt/ros/humble/share/rosidl_generator_cpp/cmake)
[0.158s] -- Using all available rosidl_typesupport_c: rosidl_typesupport_fastrtps_c;rosidl_typesupport_introspection_c
[0.167s] -- Using all available rosidl_typesupport_cpp: rosidl_typesupport_fastrtps_cpp;rosidl_typesupport_introspection_cpp
[0.188s] -- Found rmw_implementation_cmake: 6.1.2 (/opt/ros/humble/share/rmw_implementation_cmake/cmake)
[0.189s] -- Found rmw_cyclonedds_cpp: 1.3.4 (/opt/ros/humble/share/rmw_cyclonedds_cpp/cmake)
[0.203s] -- Using RMW implementation 'rmw_cyclonedds_cpp' as default
[0.231s] -- Found rclcpp_components: 16.0.17 (/opt/ros/humble/share/rclcpp_components/cmake)
[0.243s] -- Found sensor_msgs: 4.9.0 (/opt/ros/humble/share/sensor_msgs/cmake)
[0.303s] -- Configuring done
[0.310s] -- Generating done
[0.312s] -- Build files have been written to: /home/aiv/ev_ws/ros2_ver2/build/lidar_clustering
[0.331s] Consolidate compiler generated dependencies of target dbscan_gpu_kernels
[0.341s] [ 28%] Built target dbscan_gpu_kernels
[0.350s] Consolidate compiler generated dependencies of target clustering_component
[0.360s] [ 42%] Building CXX object CMakeFiles/clustering_component.dir/src/dbscan_gpu.cpp.o
[0.361s] [ 57%] Building CXX object CMakeFiles/clustering_component.dir/src/dbscan.cpp.o
[0.361s] [ 71%] Building CXX object CMakeFiles/clustering_component.dir/src/clustering_component.cpp.o
[5.442s] [ 85%] Linking CUDA device code CMakeFiles/clustering_component.dir/cmake_device_link.o
[5.456s] nvlink warning : Skipping incompatible '/lib/x86_64-linux-gnu/libdl.a' when searching for -ldl
[5.457s] nvlink warning : Skipping incompatible '/usr/lib/x86_64-linux-gnu/libdl.a' when searching for -ldl
[5.458s] nvlink warning : Skipping incompatible '/lib/x86_64-linux-gnu/librt.a' when searching for -lrt
[5.458s] nvlink warning : Skipping incompatible '/usr/lib/x86_64-linux-gnu/librt.a' when searching for -lrt
[5.458s] nvlink warning : Skipping incompatible '/lib/x86_64-linux-gnu/libpthread.a' when searching for -lpthread
[5.458s] nvlink warning : Skipping incompatible '/usr/lib/x86_64-linux-gnu/libpthread.a' when searching for -lpthread
[5.495s] [100%] Linking CXX shared library libclustering_component.so
[5.762s] [100%] Built target clustering_component
[5.769s] Invoked command in '/home/aiv/ev_ws/ros2_ver2/build/lidar_clustering' returned '0': CMAKE_PREFIX_PATH=${CMAKE_PREFIX_PATH}:/home/aiv/ros2_study/install/my_second_package:/opt/ros/humble /usr/bin/cmake --build /home/aiv/ev_ws/ros2_ver2/build/lidar_clustering -- -j28 -l28
[5.777s] Invoking command in '/home/aiv/ev_ws/ros2_ver2/build/lidar_clustering': CMAKE_PREFIX_PATH=${CMAKE_PREFIX_PATH}:/home/aiv/ros2_study/install/my_second_package:/opt/ros/humble /usr/bin/cmake --install /home/aiv/ev_ws/ros2_ver2/build/lidar_clustering
[5.783s] -- Install configuration: ""
[5.784s] -- Execute custom install script
[5.784s] -- Up-to-date symlink: /home/aiv/ev_ws/ros2_ver2/install/lidar_clustering/lib/libclustering_component.so
[5.784s] -- Up-to-date symlink: /home/aiv/ev_ws/ros2_ver2/install/lidar_clustering/include/lidar_clustering/clustering_component.hpp
[5.784s] -- Up-to-date symlink: /home/aiv/ev_ws/ros2_ver2/install/lidar_clustering/include/lidar_clustering/dbscan.hpp
[5.784s] -- Up-to-date symlink: /home/aiv/ev_ws/ros2_ver2/install/lidar_clustering/include/lidar_clustering/dbscan_gpu.hpp
[5.784s] -- Up-to-date symlink: /home/aiv/ev_ws/ros2_ver2/install/lidar_clustering/include/lidar_clustering/dbscan_gpu_kernels.h
[5.784s] -- Up-to-date symlink: /home/aiv/ev_ws/ros2_ver2/install/lidar_clustering/include/lidar_clustering/nanoflann.hpp
[5.784s] -- Up-to-date symlink: /home/aiv/ev_ws/ros2_ver2/install/lidar_clustering/share/lidar_clustering/config/clustering_params.yaml
[5.784s] -- Up-to-date symlink: /home/aiv/ev_ws/ros2_ver2/install/lidar_clustering/share/lidar_clustering/environment/library_path.sh
[5.784s] -- Up-to-date symlink: /home/aiv/ev_ws/ros2_ver2/install/lidar_clustering/share/lidar_clustering/environment/library_path.dsv
[5.784s] -- Up-to-date symlink: /home/aiv/ev_ws/ros2_ver2/install/lidar_clustering/share/ament_index/resource_index/package_run_dependencies/lidar_clustering
[5.784s] -- Up-to-date symlink: /home/aiv/ev_ws/ros2_ver2/install/lidar_clustering/share/ament_index/resource_index/parent_prefix_path/lidar_clustering
[5.784s] -- Up-to-date symlink: /home/aiv/ev_ws/ros2_ver2/install/lidar_clustering/share/lidar_clustering/environment/ament_prefix_path.sh
[5.784s] -- Up-to-date symlink: /home/aiv/ev_ws/ros2_ver2/install/lidar_clustering/share/lidar_clustering/environment/ament_prefix_path.dsv
[5.784s] -- Up-to-date symlink: /home/aiv/ev_ws/ros2_ver2/install/lidar_clustering/share/lidar_clustering/environment/path.sh
[5.784s] -- Up-to-date symlink: /home/aiv/ev_ws/ros2_ver2/install/lidar_clustering/share/lidar_clustering/environment/path.dsv
[5.784s] -- Up-to-date symlink: /home/aiv/ev_ws/ros2_ver2/install/lidar_clustering/share/lidar_clustering/local_setup.bash
[5.784s] -- Up-to-date symlink: /home/aiv/ev_ws/ros2_ver2/install/lidar_clustering/share/lidar_clustering/local_setup.sh
[5.784s] -- Up-to-date symlink: /home/aiv/ev_ws/ros2_ver2/install/lidar_clustering/share/lidar_clustering/local_setup.zsh
[5.784s] -- Up-to-date symlink: /home/aiv/ev_ws/ros2_ver2/install/lidar_clustering/share/lidar_clustering/local_setup.dsv
[5.785s] -- Symlinking: /home/aiv/ev_ws/ros2_ver2/install/lidar_clustering/share/lidar_clustering/package.dsv
[5.790s] -- Up-to-date symlink: /home/aiv/ev_ws/ros2_ver2/install/lidar_clustering/share/ament_index/resource_index/packages/lidar_clustering
[5.790s] -- Up-to-date symlink: /home/aiv/ev_ws/ros2_ver2/install/lidar_clustering/share/ament_index/resource_index/rclcpp_components/lidar_clustering
[5.790s] -- Up-to-date symlink: /home/aiv/ev_ws/ros2_ver2/install/lidar_clustering/share/lidar_clustering/cmake/ament_cmake_export_include_directories-extras.cmake
[5.790s] -- Up-to-date symlink: /home/aiv/ev_ws/ros2_ver2/install/lidar_clustering/share/lidar_clustering/cmake/ament_cmake_export_libraries-extras.cmake
[5.790s] -- Up-to-date symlink: /home/aiv/ev_ws/ros2_ver2/install/lidar_clustering/share/lidar_clustering/cmake/ament_cmake_export_dependencies-extras.cmake
[5.791s] -- Up-to-date symlink: /home/aiv/ev_ws/ros2_ver2/install/lidar_clustering/share/lidar_clustering/cmake/lidar_clusteringConfig.cmake
[5.791s] -- Up-to-date symlink: /home/aiv/ev_ws/ros2_ver2/install/lidar_clustering/share/lidar_clustering/cmake/lidar_clusteringConfig-version.cmake
[5.791s] -- Up-to-date symlink: /home/aiv/ev_ws/ros2_ver2/install/lidar_clustering/share/lidar_clustering/package.xml
[5.791s] Invoked command in '/home/aiv/ev_ws/ros2_ver2/build/lidar_clustering' returned '0': CMAKE_PREFIX_PATH=${CMAKE_PREFIX_PATH}:/home/aiv/ros2_study/install/my_second_package:/opt/ros/humble /usr/bin/cmake --install /home/aiv/ev_ws/ros2_ver2/build/lidar_clustering
