-- The C compiler identification is GNU 11.4.0
-- The CXX compiler identification is GNU 11.4.0
-- Detecting C compiler ABI info
-- Detecting C compiler ABI info - done
-- Check for working C compiler: /usr/bin/cc - skipped
-- Detecting C compile features
-- Detecting C compile features - done
-- Detecting CXX compiler ABI info
-- Detecting CXX compiler ABI info - done
-- Check for working CXX compiler: /usr/bin/c++ - skipped
-- Detecting CXX compile features
-- Detecting CXX compile features - done
-- Found ament_cmake: 1.3.12 (/opt/ros/humble/share/ament_cmake/cmake)
-- Found Python3: /usr/bin/python3 (found version "3.10.12") found components: Interpreter 
-- Found rosidl_default_generators: 1.2.0 (/opt/ros/humble/share/rosidl_default_generators/cmake)
-- Using all available rosidl_typesupport_c: rosidl_typesupport_fastrtps_c;rosidl_typesupport_introspection_c
-- Found rosidl_adapter: 3.1.8 (/opt/ros/humble/share/rosidl_adapter/cmake)
-- Using all available rosidl_typesupport_cpp: rosidl_typesupport_fastrtps_cpp;rosidl_typesupport_introspection_cpp
-- Found geometry_msgs: 4.9.0 (/opt/ros/humble/share/geometry_msgs/cmake)
-- Found ament_cmake_ros: 0.10.0 (/opt/ros/humble/share/ament_cmake_ros/cmake)
-- Using all available rosidl_typesupport_c: rosidl_typesupport_fastrtps_c;rosidl_typesupport_introspection_c
-- Using all available rosidl_typesupport_cpp: rosidl_typesupport_fastrtps_cpp;rosidl_typesupport_introspection_cpp
-- Found PythonInterp: /usr/bin/python3 (found suitable version "3.10.12", minimum required is "3.6") 
-- Found python_cmake_module: 0.10.0 (/opt/ros/humble/share/python_cmake_module/cmake)
-- Found PythonLibs: /usr/lib/x86_64-linux-gnu/libpython3.10.so (found suitable version "3.10.12", minimum required is "3.5") 
-- Using PYTHON_EXECUTABLE: /usr/bin/python3
-- Using PYTHON_INCLUDE_DIRS: /usr/include/python3.10
-- Using PYTHON_LIBRARIES: /usr/lib/x86_64-linux-gnu/libpython3.10.so
-- Found PythonExtra: .so  
-- Found ament_lint_auto: 0.12.14 (/opt/ros/humble/share/ament_lint_auto/cmake)
-- Configuring done
-- Generating done
-- Build files have been written to: /home/aiv/ev_ws/perception/build/lidar_interfaces
[  1%] [34m[1mGenerating C code for ROS interfaces[0m
[  3%] [34m[1mGenerating C++ code for ROS interfaces[0m
[  3%] Built target ament_cmake_python_copy_lidar_interfaces
running egg_info
creating lidar_interfaces.egg-info
writing lidar_interfaces.egg-info/PKG-INFO
writing dependency_links to lidar_interfaces.egg-info/dependency_links.txt
writing top-level names to lidar_interfaces.egg-info/top_level.txt
writing manifest file 'lidar_interfaces.egg-info/SOURCES.txt'
reading manifest file 'lidar_interfaces.egg-info/SOURCES.txt'
writing manifest file 'lidar_interfaces.egg-info/SOURCES.txt'
[  7%] [32mBuilding C object CMakeFiles/lidar_interfaces__rosidl_generator_c.dir/rosidl_generator_c/lidar_interfaces/msg/detail/tracked_cone__functions.c.o[0m
[  7%] [32mBuilding C object CMakeFiles/lidar_interfaces__rosidl_generator_c.dir/rosidl_generator_c/lidar_interfaces/msg/detail/tracked_cone_array__functions.c.o[0m
[  9%] [32mBuilding C object CMakeFiles/lidar_interfaces__rosidl_generator_c.dir/rosidl_generator_c/lidar_interfaces/msg/detail/cone_array__functions.c.o[0m
[ 10%] [32mBuilding C object CMakeFiles/lidar_interfaces__rosidl_generator_c.dir/rosidl_generator_c/lidar_interfaces/msg/detail/cone__functions.c.o[0m
[ 10%] Built target ament_cmake_python_build_lidar_interfaces_egg
[ 12%] [32m[1mLinking C shared library liblidar_interfaces__rosidl_generator_c.so[0m
[ 12%] Built target lidar_interfaces__rosidl_generator_c
[ 14%] [34m[1mGenerating C type support for eProsima Fast-RTPS[0m
[ 18%] [34m[1mGenerating C introspection for ROS interfaces[0m
[ 18%] [34m[1mGenerating C type support dispatch for ROS interfaces[0m
[ 18%] Built target lidar_interfaces__cpp
[ 20%] [34m[1mGenerating C++ type support for eProsima Fast-RTPS[0m
[ 23%] [34m[1mGenerating C++ type support dispatch for ROS interfaces[0m
[ 23%] [34m[1mGenerating C++ introspection for ROS interfaces[0m
[ 25%] [32mBuilding CXX object CMakeFiles/lidar_interfaces__rosidl_typesupport_fastrtps_c.dir/rosidl_typesupport_fastrtps_c/lidar_interfaces/msg/detail/cone__type_support_c.cpp.o[0m
[ 27%] [32mBuilding CXX object CMakeFiles/lidar_interfaces__rosidl_typesupport_fastrtps_c.dir/rosidl_typesupport_fastrtps_c/lidar_interfaces/msg/detail/tracked_cone_array__type_support_c.cpp.o[0m
[ 29%] [32mBuilding CXX object CMakeFiles/lidar_interfaces__rosidl_typesupport_fastrtps_c.dir/rosidl_typesupport_fastrtps_c/lidar_interfaces/msg/detail/cone_array__type_support_c.cpp.o[0m
[ 30%] [32mBuilding CXX object CMakeFiles/lidar_interfaces__rosidl_typesupport_fastrtps_c.dir/rosidl_typesupport_fastrtps_c/lidar_interfaces/msg/detail/tracked_cone__type_support_c.cpp.o[0m
[ 32%] [32mBuilding CXX object CMakeFiles/lidar_interfaces__rosidl_typesupport_c.dir/rosidl_typesupport_c/lidar_interfaces/msg/tracked_cone__type_support.cpp.o[0m
[ 34%] [32mBuilding CXX object CMakeFiles/lidar_interfaces__rosidl_typesupport_c.dir/rosidl_typesupport_c/lidar_interfaces/msg/tracked_cone_array__type_support.cpp.o[0m
[ 36%] [32mBuilding CXX object CMakeFiles/lidar_interfaces__rosidl_typesupport_c.dir/rosidl_typesupport_c/lidar_interfaces/msg/cone__type_support.cpp.o[0m
[ 38%] [32mBuilding CXX object CMakeFiles/lidar_interfaces__rosidl_typesupport_c.dir/rosidl_typesupport_c/lidar_interfaces/msg/cone_array__type_support.cpp.o[0m
[ 45%] [32mBuilding C object CMakeFiles/lidar_interfaces__rosidl_typesupport_introspection_c.dir/rosidl_typesupport_introspection_c/lidar_interfaces/msg/detail/cone_array__type_support.c.o[0m
[ 45%] [32mBuilding C object CMakeFiles/lidar_interfaces__rosidl_typesupport_introspection_c.dir/rosidl_typesupport_introspection_c/lidar_interfaces/msg/detail/tracked_cone_array__type_support.c.o[0m
[ 45%] [32mBuilding C object CMakeFiles/lidar_interfaces__rosidl_typesupport_introspection_c.dir/rosidl_typesupport_introspection_c/lidar_interfaces/msg/detail/cone__type_support.c.o[0m
[ 45%] [32mBuilding C object CMakeFiles/lidar_interfaces__rosidl_typesupport_introspection_c.dir/rosidl_typesupport_introspection_c/lidar_interfaces/msg/detail/tracked_cone__type_support.c.o[0m
[ 47%] [32m[1mLinking CXX shared library liblidar_interfaces__rosidl_typesupport_c.so[0m
[ 49%] [32m[1mLinking C shared library liblidar_interfaces__rosidl_typesupport_introspection_c.so[0m
[ 52%] [32mBuilding CXX object CMakeFiles/lidar_interfaces__rosidl_typesupport_cpp.dir/rosidl_typesupport_cpp/lidar_interfaces/msg/tracked_cone__type_support.cpp.o[0m
[ 52%] [32mBuilding CXX object CMakeFiles/lidar_interfaces__rosidl_typesupport_cpp.dir/rosidl_typesupport_cpp/lidar_interfaces/msg/cone_array__type_support.cpp.o[0m
[ 54%] [32mBuilding CXX object CMakeFiles/lidar_interfaces__rosidl_typesupport_cpp.dir/rosidl_typesupport_cpp/lidar_interfaces/msg/cone__type_support.cpp.o[0m
[ 56%] [32mBuilding CXX object CMakeFiles/lidar_interfaces__rosidl_typesupport_cpp.dir/rosidl_typesupport_cpp/lidar_interfaces/msg/tracked_cone_array__type_support.cpp.o[0m
[ 56%] Built target lidar_interfaces__rosidl_typesupport_introspection_c
[ 56%] Built target lidar_interfaces__rosidl_typesupport_c
[ 61%] [32mBuilding CXX object CMakeFiles/lidar_interfaces__rosidl_typesupport_introspection_cpp.dir/rosidl_typesupport_introspection_cpp/lidar_interfaces/msg/detail/cone_array__type_support.cpp.o[0m
[ 61%] [32mBuilding CXX object CMakeFiles/lidar_interfaces__rosidl_typesupport_introspection_cpp.dir/rosidl_typesupport_introspection_cpp/lidar_interfaces/msg/detail/cone__type_support.cpp.o[0m
[ 61%] [32mBuilding CXX object CMakeFiles/lidar_interfaces__rosidl_typesupport_introspection_cpp.dir/rosidl_typesupport_introspection_cpp/lidar_interfaces/msg/detail/tracked_cone_array__type_support.cpp.o[0m
[ 63%] [32mBuilding CXX object CMakeFiles/lidar_interfaces__rosidl_typesupport_introspection_cpp.dir/rosidl_typesupport_introspection_cpp/lidar_interfaces/msg/detail/tracked_cone__type_support.cpp.o[0m
[ 65%] [32mBuilding CXX object CMakeFiles/lidar_interfaces__rosidl_typesupport_fastrtps_cpp.dir/rosidl_typesupport_fastrtps_cpp/lidar_interfaces/msg/detail/dds_fastrtps/cone__type_support.cpp.o[0m
[ 67%] [32mBuilding CXX object CMakeFiles/lidar_interfaces__rosidl_typesupport_fastrtps_cpp.dir/rosidl_typesupport_fastrtps_cpp/lidar_interfaces/msg/detail/dds_fastrtps/tracked_cone__type_support.cpp.o[0m
[ 69%] [32mBuilding CXX object CMakeFiles/lidar_interfaces__rosidl_typesupport_fastrtps_cpp.dir/rosidl_typesupport_fastrtps_cpp/lidar_interfaces/msg/detail/dds_fastrtps/cone_array__type_support.cpp.o[0m
[ 70%] [32mBuilding CXX object CMakeFiles/lidar_interfaces__rosidl_typesupport_fastrtps_cpp.dir/rosidl_typesupport_fastrtps_cpp/lidar_interfaces/msg/detail/dds_fastrtps/tracked_cone_array__type_support.cpp.o[0m
[ 72%] [32m[1mLinking CXX shared library liblidar_interfaces__rosidl_typesupport_fastrtps_c.so[0m
[ 74%] [32m[1mLinking CXX shared library liblidar_interfaces__rosidl_typesupport_cpp.so[0m
[ 74%] Built target lidar_interfaces__rosidl_typesupport_fastrtps_c
[ 74%] Built target lidar_interfaces__rosidl_typesupport_cpp
[ 76%] [32m[1mLinking CXX shared library liblidar_interfaces__rosidl_typesupport_introspection_cpp.so[0m
[ 76%] Built target lidar_interfaces__rosidl_typesupport_introspection_cpp
[ 78%] [32m[1mLinking CXX shared library liblidar_interfaces__rosidl_typesupport_fastrtps_cpp.so[0m
[ 78%] Built target lidar_interfaces__rosidl_typesupport_fastrtps_cpp
[ 78%] Built target lidar_interfaces
[ 80%] [34m[1mGenerating Python code for ROS interfaces[0m
[ 80%] Built target lidar_interfaces__py
[ 83%] [32mBuilding C object CMakeFiles/lidar_interfaces__rosidl_generator_py.dir/rosidl_generator_py/lidar_interfaces/msg/_tracked_cone_array_s.c.o[0m
[ 83%] [32mBuilding C object CMakeFiles/lidar_interfaces__rosidl_generator_py.dir/rosidl_generator_py/lidar_interfaces/msg/_cone_s.c.o[0m
[ 85%] [32mBuilding C object CMakeFiles/lidar_interfaces__rosidl_generator_py.dir/rosidl_generator_py/lidar_interfaces/msg/_cone_array_s.c.o[0m
[ 87%] [32mBuilding C object CMakeFiles/lidar_interfaces__rosidl_generator_py.dir/rosidl_generator_py/lidar_interfaces/msg/_tracked_cone_s.c.o[0m
[ 89%] [32m[1mLinking C shared library rosidl_generator_py/lidar_interfaces/liblidar_interfaces__rosidl_generator_py.so[0m
[ 89%] Built target lidar_interfaces__rosidl_generator_py
[ 90%] [32mBuilding C object CMakeFiles/lidar_interfaces__rosidl_typesupport_fastrtps_c__pyext.dir/rosidl_generator_py/lidar_interfaces/_lidar_interfaces_s.ep.rosidl_typesupport_fastrtps_c.c.o[0m
[ 92%] [32mBuilding C object CMakeFiles/lidar_interfaces__rosidl_typesupport_c__pyext.dir/rosidl_generator_py/lidar_interfaces/_lidar_interfaces_s.ep.rosidl_typesupport_c.c.o[0m
[ 94%] [32mBuilding C object CMakeFiles/lidar_interfaces__rosidl_typesupport_introspection_c__pyext.dir/rosidl_generator_py/lidar_interfaces/_lidar_interfaces_s.ep.rosidl_typesupport_introspection_c.c.o[0m
[ 96%] [32m[1mLinking C shared library rosidl_generator_py/lidar_interfaces/lidar_interfaces_s__rosidl_typesupport_c.cpython-310-x86_64-linux-gnu.so[0m
[ 98%] [32m[1mLinking C shared library rosidl_generator_py/lidar_interfaces/lidar_interfaces_s__rosidl_typesupport_fastrtps_c.cpython-310-x86_64-linux-gnu.so[0m
[100%] [32m[1mLinking C shared library rosidl_generator_py/lidar_interfaces/lidar_interfaces_s__rosidl_typesupport_introspection_c.cpython-310-x86_64-linux-gnu.so[0m
[100%] Built target lidar_interfaces__rosidl_typesupport_fastrtps_c__pyext
[100%] Built target lidar_interfaces__rosidl_typesupport_c__pyext
[100%] Built target lidar_interfaces__rosidl_typesupport_introspection_c__pyext
-- Install configuration: ""
-- Installing: /home/aiv/ev_ws/perception/install/lidar_interfaces/share/ament_index/resource_index/rosidl_interfaces/lidar_interfaces
-- Installing: /home/aiv/ev_ws/perception/install/lidar_interfaces/include/lidar_interfaces/lidar_interfaces
-- Installing: /home/aiv/ev_ws/perception/install/lidar_interfaces/include/lidar_interfaces/lidar_interfaces/msg
-- Installing: /home/aiv/ev_ws/perception/install/lidar_interfaces/include/lidar_interfaces/lidar_interfaces/msg/rosidl_generator_c__visibility_control.h
-- Installing: /home/aiv/ev_ws/perception/install/lidar_interfaces/include/lidar_interfaces/lidar_interfaces/msg/cone.h
-- Installing: /home/aiv/ev_ws/perception/install/lidar_interfaces/include/lidar_interfaces/lidar_interfaces/msg/tracked_cone.h
-- Installing: /home/aiv/ev_ws/perception/install/lidar_interfaces/include/lidar_interfaces/lidar_interfaces/msg/cone_array.h
-- Installing: /home/aiv/ev_ws/perception/install/lidar_interfaces/include/lidar_interfaces/lidar_interfaces/msg/detail
-- Installing: /home/aiv/ev_ws/perception/install/lidar_interfaces/include/lidar_interfaces/lidar_interfaces/msg/detail/tracked_cone_array__functions.c
-- Installing: /home/aiv/ev_ws/perception/install/lidar_interfaces/include/lidar_interfaces/lidar_interfaces/msg/detail/cone__functions.c
-- Installing: /home/aiv/ev_ws/perception/install/lidar_interfaces/include/lidar_interfaces/lidar_interfaces/msg/detail/tracked_cone__struct.h
-- Installing: /home/aiv/ev_ws/perception/install/lidar_interfaces/include/lidar_interfaces/lidar_interfaces/msg/detail/cone_array__struct.h
-- Installing: /home/aiv/ev_ws/perception/install/lidar_interfaces/include/lidar_interfaces/lidar_interfaces/msg/detail/cone_array__functions.h
-- Installing: /home/aiv/ev_ws/perception/install/lidar_interfaces/include/lidar_interfaces/lidar_interfaces/msg/detail/tracked_cone__functions.c
-- Installing: /home/aiv/ev_ws/perception/install/lidar_interfaces/include/lidar_interfaces/lidar_interfaces/msg/detail/cone_array__functions.c
-- Installing: /home/aiv/ev_ws/perception/install/lidar_interfaces/include/lidar_interfaces/lidar_interfaces/msg/detail/tracked_cone__type_support.h
-- Installing: /home/aiv/ev_ws/perception/install/lidar_interfaces/include/lidar_interfaces/lidar_interfaces/msg/detail/tracked_cone_array__functions.h
-- Installing: /home/aiv/ev_ws/perception/install/lidar_interfaces/include/lidar_interfaces/lidar_interfaces/msg/detail/tracked_cone_array__type_support.h
-- Installing: /home/aiv/ev_ws/perception/install/lidar_interfaces/include/lidar_interfaces/lidar_interfaces/msg/detail/cone__type_support.h
-- Installing: /home/aiv/ev_ws/perception/install/lidar_interfaces/include/lidar_interfaces/lidar_interfaces/msg/detail/tracked_cone__functions.h
-- Installing: /home/aiv/ev_ws/perception/install/lidar_interfaces/include/lidar_interfaces/lidar_interfaces/msg/detail/cone__functions.h
-- Installing: /home/aiv/ev_ws/perception/install/lidar_interfaces/include/lidar_interfaces/lidar_interfaces/msg/detail/cone__struct.h
-- Installing: /home/aiv/ev_ws/perception/install/lidar_interfaces/include/lidar_interfaces/lidar_interfaces/msg/detail/tracked_cone_array__struct.h
-- Installing: /home/aiv/ev_ws/perception/install/lidar_interfaces/include/lidar_interfaces/lidar_interfaces/msg/detail/cone_array__type_support.h
-- Installing: /home/aiv/ev_ws/perception/install/lidar_interfaces/include/lidar_interfaces/lidar_interfaces/msg/tracked_cone_array.h
-- Installing: /home/aiv/ev_ws/perception/install/lidar_interfaces/share/lidar_interfaces/environment/library_path.sh
-- Installing: /home/aiv/ev_ws/perception/install/lidar_interfaces/share/lidar_interfaces/environment/library_path.dsv
-- Installing: /home/aiv/ev_ws/perception/install/lidar_interfaces/lib/liblidar_interfaces__rosidl_generator_c.so
-- Set runtime path of "/home/aiv/ev_ws/perception/install/lidar_interfaces/lib/liblidar_interfaces__rosidl_generator_c.so" to ""
-- Up-to-date: /home/aiv/ev_ws/perception/install/lidar_interfaces/include/lidar_interfaces/lidar_interfaces
-- Up-to-date: /home/aiv/ev_ws/perception/install/lidar_interfaces/include/lidar_interfaces/lidar_interfaces/msg
-- Installing: /home/aiv/ev_ws/perception/install/lidar_interfaces/include/lidar_interfaces/lidar_interfaces/msg/rosidl_typesupport_fastrtps_c__visibility_control.h
-- Up-to-date: /home/aiv/ev_ws/perception/install/lidar_interfaces/include/lidar_interfaces/lidar_interfaces/msg/detail
-- Installing: /home/aiv/ev_ws/perception/install/lidar_interfaces/include/lidar_interfaces/lidar_interfaces/msg/detail/cone__rosidl_typesupport_fastrtps_c.h
-- Installing: /home/aiv/ev_ws/perception/install/lidar_interfaces/include/lidar_interfaces/lidar_interfaces/msg/detail/tracked_cone_array__rosidl_typesupport_fastrtps_c.h
-- Installing: /home/aiv/ev_ws/perception/install/lidar_interfaces/include/lidar_interfaces/lidar_interfaces/msg/detail/cone_array__rosidl_typesupport_fastrtps_c.h
-- Installing: /home/aiv/ev_ws/perception/install/lidar_interfaces/include/lidar_interfaces/lidar_interfaces/msg/detail/tracked_cone__rosidl_typesupport_fastrtps_c.h
-- Installing: /home/aiv/ev_ws/perception/install/lidar_interfaces/lib/liblidar_interfaces__rosidl_typesupport_fastrtps_c.so
-- Set runtime path of "/home/aiv/ev_ws/perception/install/lidar_interfaces/lib/liblidar_interfaces__rosidl_typesupport_fastrtps_c.so" to ""
-- Up-to-date: /home/aiv/ev_ws/perception/install/lidar_interfaces/include/lidar_interfaces/lidar_interfaces
-- Up-to-date: /home/aiv/ev_ws/perception/install/lidar_interfaces/include/lidar_interfaces/lidar_interfaces/msg
-- Up-to-date: /home/aiv/ev_ws/perception/install/lidar_interfaces/include/lidar_interfaces/lidar_interfaces/msg/detail
-- Installing: /home/aiv/ev_ws/perception/install/lidar_interfaces/include/lidar_interfaces/lidar_interfaces/msg/detail/tracked_cone__type_support.c
-- Installing: /home/aiv/ev_ws/perception/install/lidar_interfaces/include/lidar_interfaces/lidar_interfaces/msg/detail/tracked_cone_array__rosidl_typesupport_introspection_c.h
-- Installing: /home/aiv/ev_ws/perception/install/lidar_interfaces/include/lidar_interfaces/lidar_interfaces/msg/detail/cone_array__rosidl_typesupport_introspection_c.h
-- Installing: /home/aiv/ev_ws/perception/install/lidar_interfaces/include/lidar_interfaces/lidar_interfaces/msg/detail/cone__type_support.c
-- Installing: /home/aiv/ev_ws/perception/install/lidar_interfaces/include/lidar_interfaces/lidar_interfaces/msg/detail/cone__rosidl_typesupport_introspection_c.h
-- Installing: /home/aiv/ev_ws/perception/install/lidar_interfaces/include/lidar_interfaces/lidar_interfaces/msg/detail/tracked_cone_array__type_support.c
-- Installing: /home/aiv/ev_ws/perception/install/lidar_interfaces/include/lidar_interfaces/lidar_interfaces/msg/detail/tracked_cone__rosidl_typesupport_introspection_c.h
-- Installing: /home/aiv/ev_ws/perception/install/lidar_interfaces/include/lidar_interfaces/lidar_interfaces/msg/detail/cone_array__type_support.c
-- Installing: /home/aiv/ev_ws/perception/install/lidar_interfaces/include/lidar_interfaces/lidar_interfaces/msg/rosidl_typesupport_introspection_c__visibility_control.h
-- Installing: /home/aiv/ev_ws/perception/install/lidar_interfaces/lib/liblidar_interfaces__rosidl_typesupport_introspection_c.so
-- Set runtime path of "/home/aiv/ev_ws/perception/install/lidar_interfaces/lib/liblidar_interfaces__rosidl_typesupport_introspection_c.so" to ""
-- Installing: /home/aiv/ev_ws/perception/install/lidar_interfaces/lib/liblidar_interfaces__rosidl_typesupport_c.so
-- Set runtime path of "/home/aiv/ev_ws/perception/install/lidar_interfaces/lib/liblidar_interfaces__rosidl_typesupport_c.so" to ""
-- Up-to-date: /home/aiv/ev_ws/perception/install/lidar_interfaces/include/lidar_interfaces/lidar_interfaces
-- Up-to-date: /home/aiv/ev_ws/perception/install/lidar_interfaces/include/lidar_interfaces/lidar_interfaces/msg
-- Installing: /home/aiv/ev_ws/perception/install/lidar_interfaces/include/lidar_interfaces/lidar_interfaces/msg/cone_array.hpp
-- Installing: /home/aiv/ev_ws/perception/install/lidar_interfaces/include/lidar_interfaces/lidar_interfaces/msg/tracked_cone_array.hpp
-- Installing: /home/aiv/ev_ws/perception/install/lidar_interfaces/include/lidar_interfaces/lidar_interfaces/msg/tracked_cone.hpp
-- Installing: /home/aiv/ev_ws/perception/install/lidar_interfaces/include/lidar_interfaces/lidar_interfaces/msg/rosidl_generator_cpp__visibility_control.hpp
-- Up-to-date: /home/aiv/ev_ws/perception/install/lidar_interfaces/include/lidar_interfaces/lidar_interfaces/msg/detail
-- Installing: /home/aiv/ev_ws/perception/install/lidar_interfaces/include/lidar_interfaces/lidar_interfaces/msg/detail/cone__builder.hpp
-- Installing: /home/aiv/ev_ws/perception/install/lidar_interfaces/include/lidar_interfaces/lidar_interfaces/msg/detail/cone__type_support.hpp
-- Installing: /home/aiv/ev_ws/perception/install/lidar_interfaces/include/lidar_interfaces/lidar_interfaces/msg/detail/tracked_cone__struct.hpp
-- Installing: /home/aiv/ev_ws/perception/install/lidar_interfaces/include/lidar_interfaces/lidar_interfaces/msg/detail/tracked_cone__traits.hpp
-- Installing: /home/aiv/ev_ws/perception/install/lidar_interfaces/include/lidar_interfaces/lidar_interfaces/msg/detail/cone__struct.hpp
-- Installing: /home/aiv/ev_ws/perception/install/lidar_interfaces/include/lidar_interfaces/lidar_interfaces/msg/detail/cone_array__traits.hpp
-- Installing: /home/aiv/ev_ws/perception/install/lidar_interfaces/include/lidar_interfaces/lidar_interfaces/msg/detail/tracked_cone_array__struct.hpp
-- Installing: /home/aiv/ev_ws/perception/install/lidar_interfaces/include/lidar_interfaces/lidar_interfaces/msg/detail/tracked_cone_array__builder.hpp
-- Installing: /home/aiv/ev_ws/perception/install/lidar_interfaces/include/lidar_interfaces/lidar_interfaces/msg/detail/tracked_cone__type_support.hpp
-- Installing: /home/aiv/ev_ws/perception/install/lidar_interfaces/include/lidar_interfaces/lidar_interfaces/msg/detail/cone_array__struct.hpp
-- Installing: /home/aiv/ev_ws/perception/install/lidar_interfaces/include/lidar_interfaces/lidar_interfaces/msg/detail/cone__traits.hpp
-- Installing: /home/aiv/ev_ws/perception/install/lidar_interfaces/include/lidar_interfaces/lidar_interfaces/msg/detail/tracked_cone_array__traits.hpp
-- Installing: /home/aiv/ev_ws/perception/install/lidar_interfaces/include/lidar_interfaces/lidar_interfaces/msg/detail/cone_array__type_support.hpp
-- Installing: /home/aiv/ev_ws/perception/install/lidar_interfaces/include/lidar_interfaces/lidar_interfaces/msg/detail/cone_array__builder.hpp
-- Installing: /home/aiv/ev_ws/perception/install/lidar_interfaces/include/lidar_interfaces/lidar_interfaces/msg/detail/tracked_cone__builder.hpp
-- Installing: /home/aiv/ev_ws/perception/install/lidar_interfaces/include/lidar_interfaces/lidar_interfaces/msg/detail/tracked_cone_array__type_support.hpp
-- Installing: /home/aiv/ev_ws/perception/install/lidar_interfaces/include/lidar_interfaces/lidar_interfaces/msg/cone.hpp
-- Up-to-date: /home/aiv/ev_ws/perception/install/lidar_interfaces/include/lidar_interfaces/lidar_interfaces
-- Up-to-date: /home/aiv/ev_ws/perception/install/lidar_interfaces/include/lidar_interfaces/lidar_interfaces/msg
-- Up-to-date: /home/aiv/ev_ws/perception/install/lidar_interfaces/include/lidar_interfaces/lidar_interfaces/msg/detail
-- Installing: /home/aiv/ev_ws/perception/install/lidar_interfaces/include/lidar_interfaces/lidar_interfaces/msg/detail/dds_fastrtps
-- Installing: /home/aiv/ev_ws/perception/install/lidar_interfaces/include/lidar_interfaces/lidar_interfaces/msg/detail/tracked_cone_array__rosidl_typesupport_fastrtps_cpp.hpp
-- Installing: /home/aiv/ev_ws/perception/install/lidar_interfaces/include/lidar_interfaces/lidar_interfaces/msg/detail/cone__rosidl_typesupport_fastrtps_cpp.hpp
-- Installing: /home/aiv/ev_ws/perception/install/lidar_interfaces/include/lidar_interfaces/lidar_interfaces/msg/detail/cone_array__rosidl_typesupport_fastrtps_cpp.hpp
-- Installing: /home/aiv/ev_ws/perception/install/lidar_interfaces/include/lidar_interfaces/lidar_interfaces/msg/detail/tracked_cone__rosidl_typesupport_fastrtps_cpp.hpp
-- Installing: /home/aiv/ev_ws/perception/install/lidar_interfaces/include/lidar_interfaces/lidar_interfaces/msg/rosidl_typesupport_fastrtps_cpp__visibility_control.h
-- Installing: /home/aiv/ev_ws/perception/install/lidar_interfaces/lib/liblidar_interfaces__rosidl_typesupport_fastrtps_cpp.so
-- Set runtime path of "/home/aiv/ev_ws/perception/install/lidar_interfaces/lib/liblidar_interfaces__rosidl_typesupport_fastrtps_cpp.so" to ""
-- Up-to-date: /home/aiv/ev_ws/perception/install/lidar_interfaces/include/lidar_interfaces/lidar_interfaces
-- Up-to-date: /home/aiv/ev_ws/perception/install/lidar_interfaces/include/lidar_interfaces/lidar_interfaces/msg
-- Up-to-date: /home/aiv/ev_ws/perception/install/lidar_interfaces/include/lidar_interfaces/lidar_interfaces/msg/detail
-- Installing: /home/aiv/ev_ws/perception/install/lidar_interfaces/include/lidar_interfaces/lidar_interfaces/msg/detail/tracked_cone__rosidl_typesupport_introspection_cpp.hpp
-- Installing: /home/aiv/ev_ws/perception/install/lidar_interfaces/include/lidar_interfaces/lidar_interfaces/msg/detail/tracked_cone_array__type_support.cpp
-- Installing: /home/aiv/ev_ws/perception/install/lidar_interfaces/include/lidar_interfaces/lidar_interfaces/msg/detail/cone__type_support.cpp
-- Installing: /home/aiv/ev_ws/perception/install/lidar_interfaces/include/lidar_interfaces/lidar_interfaces/msg/detail/tracked_cone__type_support.cpp
-- Installing: /home/aiv/ev_ws/perception/install/lidar_interfaces/include/lidar_interfaces/lidar_interfaces/msg/detail/cone_array__rosidl_typesupport_introspection_cpp.hpp
-- Installing: /home/aiv/ev_ws/perception/install/lidar_interfaces/include/lidar_interfaces/lidar_interfaces/msg/detail/cone_array__type_support.cpp
-- Installing: /home/aiv/ev_ws/perception/install/lidar_interfaces/include/lidar_interfaces/lidar_interfaces/msg/detail/tracked_cone_array__rosidl_typesupport_introspection_cpp.hpp
-- Installing: /home/aiv/ev_ws/perception/install/lidar_interfaces/include/lidar_interfaces/lidar_interfaces/msg/detail/cone__rosidl_typesupport_introspection_cpp.hpp
-- Installing: /home/aiv/ev_ws/perception/install/lidar_interfaces/lib/liblidar_interfaces__rosidl_typesupport_introspection_cpp.so
-- Set runtime path of "/home/aiv/ev_ws/perception/install/lidar_interfaces/lib/liblidar_interfaces__rosidl_typesupport_introspection_cpp.so" to ""
-- Installing: /home/aiv/ev_ws/perception/install/lidar_interfaces/lib/liblidar_interfaces__rosidl_typesupport_cpp.so
-- Set runtime path of "/home/aiv/ev_ws/perception/install/lidar_interfaces/lib/liblidar_interfaces__rosidl_typesupport_cpp.so" to ""
-- Installing: /home/aiv/ev_ws/perception/install/lidar_interfaces/share/lidar_interfaces/environment/pythonpath.sh
-- Installing: /home/aiv/ev_ws/perception/install/lidar_interfaces/share/lidar_interfaces/environment/pythonpath.dsv
-- Installing: /home/aiv/ev_ws/perception/install/lidar_interfaces/local/lib/python3.10/dist-packages/lidar_interfaces-0.0.0-py3.10.egg-info
-- Installing: /home/aiv/ev_ws/perception/install/lidar_interfaces/local/lib/python3.10/dist-packages/lidar_interfaces-0.0.0-py3.10.egg-info/PKG-INFO
-- Installing: /home/aiv/ev_ws/perception/install/lidar_interfaces/local/lib/python3.10/dist-packages/lidar_interfaces-0.0.0-py3.10.egg-info/top_level.txt
-- Installing: /home/aiv/ev_ws/perception/install/lidar_interfaces/local/lib/python3.10/dist-packages/lidar_interfaces-0.0.0-py3.10.egg-info/SOURCES.txt
-- Installing: /home/aiv/ev_ws/perception/install/lidar_interfaces/local/lib/python3.10/dist-packages/lidar_interfaces-0.0.0-py3.10.egg-info/dependency_links.txt
-- Installing: /home/aiv/ev_ws/perception/install/lidar_interfaces/local/lib/python3.10/dist-packages/lidar_interfaces
-- Installing: /home/aiv/ev_ws/perception/install/lidar_interfaces/local/lib/python3.10/dist-packages/lidar_interfaces/lidar_interfaces_s__rosidl_typesupport_introspection_c.cpython-310-x86_64-linux-gnu.so
-- Installing: /home/aiv/ev_ws/perception/install/lidar_interfaces/local/lib/python3.10/dist-packages/lidar_interfaces/_lidar_interfaces_s.ep.rosidl_typesupport_c.c
-- Installing: /home/aiv/ev_ws/perception/install/lidar_interfaces/local/lib/python3.10/dist-packages/lidar_interfaces/__init__.py
-- Installing: /home/aiv/ev_ws/perception/install/lidar_interfaces/local/lib/python3.10/dist-packages/lidar_interfaces/_lidar_interfaces_s.ep.rosidl_typesupport_fastrtps_c.c
-- Installing: /home/aiv/ev_ws/perception/install/lidar_interfaces/local/lib/python3.10/dist-packages/lidar_interfaces/msg
-- Installing: /home/aiv/ev_ws/perception/install/lidar_interfaces/local/lib/python3.10/dist-packages/lidar_interfaces/msg/_cone_array.py
-- Installing: /home/aiv/ev_ws/perception/install/lidar_interfaces/local/lib/python3.10/dist-packages/lidar_interfaces/msg/_tracked_cone.py
-- Installing: /home/aiv/ev_ws/perception/install/lidar_interfaces/local/lib/python3.10/dist-packages/lidar_interfaces/msg/__init__.py
-- Installing: /home/aiv/ev_ws/perception/install/lidar_interfaces/local/lib/python3.10/dist-packages/lidar_interfaces/msg/_tracked_cone_array.py
-- Installing: /home/aiv/ev_ws/perception/install/lidar_interfaces/local/lib/python3.10/dist-packages/lidar_interfaces/msg/_cone_array_s.c
-- Installing: /home/aiv/ev_ws/perception/install/lidar_interfaces/local/lib/python3.10/dist-packages/lidar_interfaces/msg/_tracked_cone_array_s.c
-- Installing: /home/aiv/ev_ws/perception/install/lidar_interfaces/local/lib/python3.10/dist-packages/lidar_interfaces/msg/_tracked_cone_s.c
-- Installing: /home/aiv/ev_ws/perception/install/lidar_interfaces/local/lib/python3.10/dist-packages/lidar_interfaces/msg/_cone_s.c
-- Installing: /home/aiv/ev_ws/perception/install/lidar_interfaces/local/lib/python3.10/dist-packages/lidar_interfaces/msg/_cone.py
-- Installing: /home/aiv/ev_ws/perception/install/lidar_interfaces/local/lib/python3.10/dist-packages/lidar_interfaces/lidar_interfaces_s__rosidl_typesupport_c.cpython-310-x86_64-linux-gnu.so
-- Installing: /home/aiv/ev_ws/perception/install/lidar_interfaces/local/lib/python3.10/dist-packages/lidar_interfaces/liblidar_interfaces__rosidl_generator_py.so
-- Installing: /home/aiv/ev_ws/perception/install/lidar_interfaces/local/lib/python3.10/dist-packages/lidar_interfaces/lidar_interfaces_s__rosidl_typesupport_fastrtps_c.cpython-310-x86_64-linux-gnu.so
-- Installing: /home/aiv/ev_ws/perception/install/lidar_interfaces/local/lib/python3.10/dist-packages/lidar_interfaces/_lidar_interfaces_s.ep.rosidl_typesupport_introspection_c.c
Listing '/home/aiv/ev_ws/perception/install/lidar_interfaces/local/lib/python3.10/dist-packages/lidar_interfaces'...
Compiling '/home/aiv/ev_ws/perception/install/lidar_interfaces/local/lib/python3.10/dist-packages/lidar_interfaces/__init__.py'...
Listing '/home/aiv/ev_ws/perception/install/lidar_interfaces/local/lib/python3.10/dist-packages/lidar_interfaces/msg'...
Compiling '/home/aiv/ev_ws/perception/install/lidar_interfaces/local/lib/python3.10/dist-packages/lidar_interfaces/msg/__init__.py'...
Compiling '/home/aiv/ev_ws/perception/install/lidar_interfaces/local/lib/python3.10/dist-packages/lidar_interfaces/msg/_cone.py'...
Compiling '/home/aiv/ev_ws/perception/install/lidar_interfaces/local/lib/python3.10/dist-packages/lidar_interfaces/msg/_cone_array.py'...
Compiling '/home/aiv/ev_ws/perception/install/lidar_interfaces/local/lib/python3.10/dist-packages/lidar_interfaces/msg/_tracked_cone.py'...
Compiling '/home/aiv/ev_ws/perception/install/lidar_interfaces/local/lib/python3.10/dist-packages/lidar_interfaces/msg/_tracked_cone_array.py'...
-- Installing: /home/aiv/ev_ws/perception/install/lidar_interfaces/local/lib/python3.10/dist-packages/lidar_interfaces/lidar_interfaces_s__rosidl_typesupport_fastrtps_c.cpython-310-x86_64-linux-gnu.so
-- Set runtime path of "/home/aiv/ev_ws/perception/install/lidar_interfaces/local/lib/python3.10/dist-packages/lidar_interfaces/lidar_interfaces_s__rosidl_typesupport_fastrtps_c.cpython-310-x86_64-linux-gnu.so" to ""
-- Installing: /home/aiv/ev_ws/perception/install/lidar_interfaces/local/lib/python3.10/dist-packages/lidar_interfaces/lidar_interfaces_s__rosidl_typesupport_introspection_c.cpython-310-x86_64-linux-gnu.so
-- Set runtime path of "/home/aiv/ev_ws/perception/install/lidar_interfaces/local/lib/python3.10/dist-packages/lidar_interfaces/lidar_interfaces_s__rosidl_typesupport_introspection_c.cpython-310-x86_64-linux-gnu.so" to ""
-- Installing: /home/aiv/ev_ws/perception/install/lidar_interfaces/local/lib/python3.10/dist-packages/lidar_interfaces/lidar_interfaces_s__rosidl_typesupport_c.cpython-310-x86_64-linux-gnu.so
-- Set runtime path of "/home/aiv/ev_ws/perception/install/lidar_interfaces/local/lib/python3.10/dist-packages/lidar_interfaces/lidar_interfaces_s__rosidl_typesupport_c.cpython-310-x86_64-linux-gnu.so" to ""
-- Installing: /home/aiv/ev_ws/perception/install/lidar_interfaces/lib/liblidar_interfaces__rosidl_generator_py.so
-- Set runtime path of "/home/aiv/ev_ws/perception/install/lidar_interfaces/lib/liblidar_interfaces__rosidl_generator_py.so" to ""
-- Installing: /home/aiv/ev_ws/perception/install/lidar_interfaces/share/lidar_interfaces/msg/Cone.idl
-- Installing: /home/aiv/ev_ws/perception/install/lidar_interfaces/share/lidar_interfaces/msg/ConeArray.idl
-- Installing: /home/aiv/ev_ws/perception/install/lidar_interfaces/share/lidar_interfaces/msg/TrackedCone.idl
-- Installing: /home/aiv/ev_ws/perception/install/lidar_interfaces/share/lidar_interfaces/msg/TrackedConeArray.idl
-- Installing: /home/aiv/ev_ws/perception/install/lidar_interfaces/share/lidar_interfaces/msg/Cone.msg
-- Installing: /home/aiv/ev_ws/perception/install/lidar_interfaces/share/lidar_interfaces/msg/ConeArray.msg
-- Installing: /home/aiv/ev_ws/perception/install/lidar_interfaces/share/lidar_interfaces/msg/TrackedCone.msg
-- Installing: /home/aiv/ev_ws/perception/install/lidar_interfaces/share/lidar_interfaces/msg/TrackedConeArray.msg
-- Installing: /home/aiv/ev_ws/perception/install/lidar_interfaces/share/ament_index/resource_index/package_run_dependencies/lidar_interfaces
-- Installing: /home/aiv/ev_ws/perception/install/lidar_interfaces/share/ament_index/resource_index/parent_prefix_path/lidar_interfaces
-- Installing: /home/aiv/ev_ws/perception/install/lidar_interfaces/share/lidar_interfaces/environment/ament_prefix_path.sh
-- Installing: /home/aiv/ev_ws/perception/install/lidar_interfaces/share/lidar_interfaces/environment/ament_prefix_path.dsv
-- Installing: /home/aiv/ev_ws/perception/install/lidar_interfaces/share/lidar_interfaces/environment/path.sh
-- Installing: /home/aiv/ev_ws/perception/install/lidar_interfaces/share/lidar_interfaces/environment/path.dsv
-- Installing: /home/aiv/ev_ws/perception/install/lidar_interfaces/share/lidar_interfaces/local_setup.bash
-- Installing: /home/aiv/ev_ws/perception/install/lidar_interfaces/share/lidar_interfaces/local_setup.sh
-- Installing: /home/aiv/ev_ws/perception/install/lidar_interfaces/share/lidar_interfaces/local_setup.zsh
-- Installing: /home/aiv/ev_ws/perception/install/lidar_interfaces/share/lidar_interfaces/local_setup.dsv
-- Installing: /home/aiv/ev_ws/perception/install/lidar_interfaces/share/lidar_interfaces/package.dsv
-- Installing: /home/aiv/ev_ws/perception/install/lidar_interfaces/share/ament_index/resource_index/packages/lidar_interfaces
-- Installing: /home/aiv/ev_ws/perception/install/lidar_interfaces/share/lidar_interfaces/cmake/export_lidar_interfaces__rosidl_generator_cExport.cmake
-- Installing: /home/aiv/ev_ws/perception/install/lidar_interfaces/share/lidar_interfaces/cmake/export_lidar_interfaces__rosidl_generator_cExport-noconfig.cmake
-- Installing: /home/aiv/ev_ws/perception/install/lidar_interfaces/share/lidar_interfaces/cmake/export_lidar_interfaces__rosidl_typesupport_fastrtps_cExport.cmake
-- Installing: /home/aiv/ev_ws/perception/install/lidar_interfaces/share/lidar_interfaces/cmake/export_lidar_interfaces__rosidl_typesupport_fastrtps_cExport-noconfig.cmake
-- Installing: /home/aiv/ev_ws/perception/install/lidar_interfaces/share/lidar_interfaces/cmake/lidar_interfaces__rosidl_typesupport_introspection_cExport.cmake
-- Installing: /home/aiv/ev_ws/perception/install/lidar_interfaces/share/lidar_interfaces/cmake/lidar_interfaces__rosidl_typesupport_introspection_cExport-noconfig.cmake
-- Installing: /home/aiv/ev_ws/perception/install/lidar_interfaces/share/lidar_interfaces/cmake/lidar_interfaces__rosidl_typesupport_cExport.cmake
-- Installing: /home/aiv/ev_ws/perception/install/lidar_interfaces/share/lidar_interfaces/cmake/lidar_interfaces__rosidl_typesupport_cExport-noconfig.cmake
-- Installing: /home/aiv/ev_ws/perception/install/lidar_interfaces/share/lidar_interfaces/cmake/export_lidar_interfaces__rosidl_generator_cppExport.cmake
-- Installing: /home/aiv/ev_ws/perception/install/lidar_interfaces/share/lidar_interfaces/cmake/export_lidar_interfaces__rosidl_typesupport_fastrtps_cppExport.cmake
-- Installing: /home/aiv/ev_ws/perception/install/lidar_interfaces/share/lidar_interfaces/cmake/export_lidar_interfaces__rosidl_typesupport_fastrtps_cppExport-noconfig.cmake
-- Installing: /home/aiv/ev_ws/perception/install/lidar_interfaces/share/lidar_interfaces/cmake/lidar_interfaces__rosidl_typesupport_introspection_cppExport.cmake
-- Installing: /home/aiv/ev_ws/perception/install/lidar_interfaces/share/lidar_interfaces/cmake/lidar_interfaces__rosidl_typesupport_introspection_cppExport-noconfig.cmake
-- Installing: /home/aiv/ev_ws/perception/install/lidar_interfaces/share/lidar_interfaces/cmake/lidar_interfaces__rosidl_typesupport_cppExport.cmake
-- Installing: /home/aiv/ev_ws/perception/install/lidar_interfaces/share/lidar_interfaces/cmake/lidar_interfaces__rosidl_typesupport_cppExport-noconfig.cmake
-- Installing: /home/aiv/ev_ws/perception/install/lidar_interfaces/share/lidar_interfaces/cmake/export_lidar_interfaces__rosidl_generator_pyExport.cmake
-- Installing: /home/aiv/ev_ws/perception/install/lidar_interfaces/share/lidar_interfaces/cmake/export_lidar_interfaces__rosidl_generator_pyExport-noconfig.cmake
-- Installing: /home/aiv/ev_ws/perception/install/lidar_interfaces/share/lidar_interfaces/cmake/rosidl_cmake-extras.cmake
-- Installing: /home/aiv/ev_ws/perception/install/lidar_interfaces/share/lidar_interfaces/cmake/ament_cmake_export_dependencies-extras.cmake
-- Installing: /home/aiv/ev_ws/perception/install/lidar_interfaces/share/lidar_interfaces/cmake/ament_cmake_export_include_directories-extras.cmake
-- Installing: /home/aiv/ev_ws/perception/install/lidar_interfaces/share/lidar_interfaces/cmake/ament_cmake_export_libraries-extras.cmake
-- Installing: /home/aiv/ev_ws/perception/install/lidar_interfaces/share/lidar_interfaces/cmake/ament_cmake_export_targets-extras.cmake
-- Installing: /home/aiv/ev_ws/perception/install/lidar_interfaces/share/lidar_interfaces/cmake/rosidl_cmake_export_typesupport_targets-extras.cmake
-- Installing: /home/aiv/ev_ws/perception/install/lidar_interfaces/share/lidar_interfaces/cmake/rosidl_cmake_export_typesupport_libraries-extras.cmake
-- Installing: /home/aiv/ev_ws/perception/install/lidar_interfaces/share/lidar_interfaces/cmake/lidar_interfacesConfig.cmake
-- Installing: /home/aiv/ev_ws/perception/install/lidar_interfaces/share/lidar_interfaces/cmake/lidar_interfacesConfig-version.cmake
-- Installing: /home/aiv/ev_ws/perception/install/lidar_interfaces/share/lidar_interfaces/package.xml
