[0.012s] Invoking command in '/home/aiv/ev_ws/perception/build/lidar_interfaces': CMAKE_PREFIX_PATH=${CMAKE_PREFIX_PATH}:/opt/ros/humble /usr/bin/cmake /home/aiv/ev_ws/perception/src/lidar/lidar_interfaces -DCMAKE_INSTALL_PREFIX=/home/aiv/ev_ws/perception/install/lidar_interfaces
[0.048s] -- The C compiler identification is GNU 11.4.0
[0.087s] -- The CXX compiler identification is GNU 11.4.0
[0.091s] -- Detecting C compiler ABI info
[0.131s] -- Detecting C compiler ABI info - done
[0.135s] -- Check for working C compiler: /usr/bin/cc - skipped
[0.135s] -- Detecting C compile features
[0.136s] -- Detecting C compile features - done
[0.137s] -- Detecting CXX compiler ABI info
[0.186s] -- Detecting CXX compiler ABI info - done
[0.191s] -- Check for working CXX compiler: /usr/bin/c++ - skipped
[0.191s] -- Detecting CXX compile features
[0.191s] -- Detecting CXX compile features - done
[0.193s] -- Found ament_cmake: 1.3.12 (/opt/ros/humble/share/ament_cmake/cmake)
[0.289s] -- Found Python3: /usr/bin/python3 (found version "3.10.12") found components: Interpreter 
[0.342s] -- Found rosidl_default_generators: 1.2.0 (/opt/ros/humble/share/rosidl_default_generators/cmake)
[0.345s] -- Using all available rosidl_typesupport_c: rosidl_typesupport_fastrtps_c;rosidl_typesupport_introspection_c
[0.349s] -- Found rosidl_adapter: 3.1.8 (/opt/ros/humble/share/rosidl_adapter/cmake)
[0.374s] -- Using all available rosidl_typesupport_cpp: rosidl_typesupport_fastrtps_cpp;rosidl_typesupport_introspection_cpp
[0.394s] -- Found geometry_msgs: 4.9.0 (/opt/ros/humble/share/geometry_msgs/cmake)
[0.593s] -- Found ament_cmake_ros: 0.10.0 (/opt/ros/humble/share/ament_cmake_ros/cmake)
[0.739s] -- Using all available rosidl_typesupport_c: rosidl_typesupport_fastrtps_c;rosidl_typesupport_introspection_c
[0.924s] -- Using all available rosidl_typesupport_cpp: rosidl_typesupport_fastrtps_cpp;rosidl_typesupport_introspection_cpp
[0.938s] -- Found PythonInterp: /usr/bin/python3 (found suitable version "3.10.12", minimum required is "3.6") 
[0.939s] -- Found python_cmake_module: 0.10.0 (/opt/ros/humble/share/python_cmake_module/cmake)
[0.953s] -- Found PythonLibs: /usr/lib/x86_64-linux-gnu/libpython3.10.so (found suitable version "3.10.12", minimum required is "3.5") 
[0.953s] -- Using PYTHON_EXECUTABLE: /usr/bin/python3
[0.953s] -- Using PYTHON_INCLUDE_DIRS: /usr/include/python3.10
[0.954s] -- Using PYTHON_LIBRARIES: /usr/lib/x86_64-linux-gnu/libpython3.10.so
[0.966s] -- Found PythonExtra: .so  
[1.003s] -- Found ament_lint_auto: 0.12.14 (/opt/ros/humble/share/ament_lint_auto/cmake)
[1.007s] -- Configuring done
[1.029s] -- Generating done
[1.036s] -- Build files have been written to: /home/aiv/ev_ws/perception/build/lidar_interfaces
[1.042s] Invoked command in '/home/aiv/ev_ws/perception/build/lidar_interfaces' returned '0': CMAKE_PREFIX_PATH=${CMAKE_PREFIX_PATH}:/opt/ros/humble /usr/bin/cmake /home/aiv/ev_ws/perception/src/lidar/lidar_interfaces -DCMAKE_INSTALL_PREFIX=/home/aiv/ev_ws/perception/install/lidar_interfaces
[1.043s] Invoking command in '/home/aiv/ev_ws/perception/build/lidar_interfaces': CMAKE_PREFIX_PATH=${CMAKE_PREFIX_PATH}:/opt/ros/humble /usr/bin/cmake --build /home/aiv/ev_ws/perception/build/lidar_interfaces -- -j28 -l28
[1.068s] [  1%] [34m[1mGenerating C code for ROS interfaces[0m
[1.077s] [  3%] [34m[1mGenerating C++ code for ROS interfaces[0m
[1.083s] [  3%] Built target ament_cmake_python_copy_lidar_interfaces
[1.299s] running egg_info
[1.299s] creating lidar_interfaces.egg-info
[1.300s] writing lidar_interfaces.egg-info/PKG-INFO
[1.300s] writing dependency_links to lidar_interfaces.egg-info/dependency_links.txt
[1.300s] writing top-level names to lidar_interfaces.egg-info/top_level.txt
[1.300s] writing manifest file 'lidar_interfaces.egg-info/SOURCES.txt'
[1.302s] reading manifest file 'lidar_interfaces.egg-info/SOURCES.txt'
[1.302s] writing manifest file 'lidar_interfaces.egg-info/SOURCES.txt'
[1.312s] [  7%] [32mBuilding C object CMakeFiles/lidar_interfaces__rosidl_generator_c.dir/rosidl_generator_c/lidar_interfaces/msg/detail/tracked_cone__functions.c.o[0m
[1.312s] [  7%] [32mBuilding C object CMakeFiles/lidar_interfaces__rosidl_generator_c.dir/rosidl_generator_c/lidar_interfaces/msg/detail/tracked_cone_array__functions.c.o[0m
[1.313s] [  9%] [32mBuilding C object CMakeFiles/lidar_interfaces__rosidl_generator_c.dir/rosidl_generator_c/lidar_interfaces/msg/detail/cone_array__functions.c.o[0m
[1.314s] [ 10%] [32mBuilding C object CMakeFiles/lidar_interfaces__rosidl_generator_c.dir/rosidl_generator_c/lidar_interfaces/msg/detail/cone__functions.c.o[0m
[1.329s] [ 10%] Built target ament_cmake_python_build_lidar_interfaces_egg
[1.351s] [ 12%] [32m[1mLinking C shared library liblidar_interfaces__rosidl_generator_c.so[0m
[1.371s] [ 12%] Built target lidar_interfaces__rosidl_generator_c
[1.377s] [ 14%] [34m[1mGenerating C type support for eProsima Fast-RTPS[0m
[1.379s] [ 18%] [34m[1mGenerating C introspection for ROS interfaces[0m
[1.379s] [ 18%] [34m[1mGenerating C type support dispatch for ROS interfaces[0m
[1.461s] [ 18%] Built target lidar_interfaces__cpp
[1.468s] [ 20%] [34m[1mGenerating C++ type support for eProsima Fast-RTPS[0m
[1.470s] [ 23%] [34m[1mGenerating C++ type support dispatch for ROS interfaces[0m
[1.470s] [ 23%] [34m[1mGenerating C++ introspection for ROS interfaces[0m
[1.621s] [ 25%] [32mBuilding CXX object CMakeFiles/lidar_interfaces__rosidl_typesupport_fastrtps_c.dir/rosidl_typesupport_fastrtps_c/lidar_interfaces/msg/detail/cone__type_support_c.cpp.o[0m
[1.621s] [ 27%] [32mBuilding CXX object CMakeFiles/lidar_interfaces__rosidl_typesupport_fastrtps_c.dir/rosidl_typesupport_fastrtps_c/lidar_interfaces/msg/detail/tracked_cone_array__type_support_c.cpp.o[0m
[1.621s] [ 29%] [32mBuilding CXX object CMakeFiles/lidar_interfaces__rosidl_typesupport_fastrtps_c.dir/rosidl_typesupport_fastrtps_c/lidar_interfaces/msg/detail/cone_array__type_support_c.cpp.o[0m
[1.621s] [ 30%] [32mBuilding CXX object CMakeFiles/lidar_interfaces__rosidl_typesupport_fastrtps_c.dir/rosidl_typesupport_fastrtps_c/lidar_interfaces/msg/detail/tracked_cone__type_support_c.cpp.o[0m
[1.662s] [ 32%] [32mBuilding CXX object CMakeFiles/lidar_interfaces__rosidl_typesupport_c.dir/rosidl_typesupport_c/lidar_interfaces/msg/tracked_cone__type_support.cpp.o[0m
[1.662s] [ 34%] [32mBuilding CXX object CMakeFiles/lidar_interfaces__rosidl_typesupport_c.dir/rosidl_typesupport_c/lidar_interfaces/msg/tracked_cone_array__type_support.cpp.o[0m
[1.662s] [ 36%] [32mBuilding CXX object CMakeFiles/lidar_interfaces__rosidl_typesupport_c.dir/rosidl_typesupport_c/lidar_interfaces/msg/cone__type_support.cpp.o[0m
[1.665s] [ 38%] [32mBuilding CXX object CMakeFiles/lidar_interfaces__rosidl_typesupport_c.dir/rosidl_typesupport_c/lidar_interfaces/msg/cone_array__type_support.cpp.o[0m
[1.670s] [ 45%] [32mBuilding C object CMakeFiles/lidar_interfaces__rosidl_typesupport_introspection_c.dir/rosidl_typesupport_introspection_c/lidar_interfaces/msg/detail/cone_array__type_support.c.o[0m
[1.670s] [ 45%] [32mBuilding C object CMakeFiles/lidar_interfaces__rosidl_typesupport_introspection_c.dir/rosidl_typesupport_introspection_c/lidar_interfaces/msg/detail/tracked_cone_array__type_support.c.o[0m
[1.670s] [ 45%] [32mBuilding C object CMakeFiles/lidar_interfaces__rosidl_typesupport_introspection_c.dir/rosidl_typesupport_introspection_c/lidar_interfaces/msg/detail/cone__type_support.c.o[0m
[1.670s] [ 45%] [32mBuilding C object CMakeFiles/lidar_interfaces__rosidl_typesupport_introspection_c.dir/rosidl_typesupport_introspection_c/lidar_interfaces/msg/detail/tracked_cone__type_support.c.o[0m
[1.691s] [ 47%] [32m[1mLinking CXX shared library liblidar_interfaces__rosidl_typesupport_c.so[0m
[1.703s] [ 49%] [32m[1mLinking C shared library liblidar_interfaces__rosidl_typesupport_introspection_c.so[0m
[1.705s] [ 52%] [32mBuilding CXX object CMakeFiles/lidar_interfaces__rosidl_typesupport_cpp.dir/rosidl_typesupport_cpp/lidar_interfaces/msg/tracked_cone__type_support.cpp.o[0m
[1.705s] [ 52%] [32mBuilding CXX object CMakeFiles/lidar_interfaces__rosidl_typesupport_cpp.dir/rosidl_typesupport_cpp/lidar_interfaces/msg/cone_array__type_support.cpp.o[0m
[1.705s] [ 54%] [32mBuilding CXX object CMakeFiles/lidar_interfaces__rosidl_typesupport_cpp.dir/rosidl_typesupport_cpp/lidar_interfaces/msg/cone__type_support.cpp.o[0m
[1.706s] [ 56%] [32mBuilding CXX object CMakeFiles/lidar_interfaces__rosidl_typesupport_cpp.dir/rosidl_typesupport_cpp/lidar_interfaces/msg/tracked_cone_array__type_support.cpp.o[0m
[1.727s] [ 56%] Built target lidar_interfaces__rosidl_typesupport_introspection_c
[1.730s] [ 56%] Built target lidar_interfaces__rosidl_typesupport_c
[1.777s] [ 61%] [32mBuilding CXX object CMakeFiles/lidar_interfaces__rosidl_typesupport_introspection_cpp.dir/rosidl_typesupport_introspection_cpp/lidar_interfaces/msg/detail/cone_array__type_support.cpp.o[0m
[1.777s] [ 61%] [32mBuilding CXX object CMakeFiles/lidar_interfaces__rosidl_typesupport_introspection_cpp.dir/rosidl_typesupport_introspection_cpp/lidar_interfaces/msg/detail/cone__type_support.cpp.o[0m
[1.777s] [ 61%] [32mBuilding CXX object CMakeFiles/lidar_interfaces__rosidl_typesupport_introspection_cpp.dir/rosidl_typesupport_introspection_cpp/lidar_interfaces/msg/detail/tracked_cone_array__type_support.cpp.o[0m
[1.777s] [ 63%] [32mBuilding CXX object CMakeFiles/lidar_interfaces__rosidl_typesupport_introspection_cpp.dir/rosidl_typesupport_introspection_cpp/lidar_interfaces/msg/detail/tracked_cone__type_support.cpp.o[0m
[1.868s] [ 65%] [32mBuilding CXX object CMakeFiles/lidar_interfaces__rosidl_typesupport_fastrtps_cpp.dir/rosidl_typesupport_fastrtps_cpp/lidar_interfaces/msg/detail/dds_fastrtps/cone__type_support.cpp.o[0m
[1.868s] [ 67%] [32mBuilding CXX object CMakeFiles/lidar_interfaces__rosidl_typesupport_fastrtps_cpp.dir/rosidl_typesupport_fastrtps_cpp/lidar_interfaces/msg/detail/dds_fastrtps/tracked_cone__type_support.cpp.o[0m
[1.870s] [ 69%] [32mBuilding CXX object CMakeFiles/lidar_interfaces__rosidl_typesupport_fastrtps_cpp.dir/rosidl_typesupport_fastrtps_cpp/lidar_interfaces/msg/detail/dds_fastrtps/cone_array__type_support.cpp.o[0m
[1.870s] [ 70%] [32mBuilding CXX object CMakeFiles/lidar_interfaces__rosidl_typesupport_fastrtps_cpp.dir/rosidl_typesupport_fastrtps_cpp/lidar_interfaces/msg/detail/dds_fastrtps/tracked_cone_array__type_support.cpp.o[0m
[1.900s] [ 72%] [32m[1mLinking CXX shared library liblidar_interfaces__rosidl_typesupport_fastrtps_c.so[0m
[1.943s] [ 74%] [32m[1mLinking CXX shared library liblidar_interfaces__rosidl_typesupport_cpp.so[0m
[1.973s] [ 74%] Built target lidar_interfaces__rosidl_typesupport_fastrtps_c
[1.982s] [ 74%] Built target lidar_interfaces__rosidl_typesupport_cpp
[2.026s] [ 76%] [32m[1mLinking CXX shared library liblidar_interfaces__rosidl_typesupport_introspection_cpp.so[0m
[2.088s] [ 76%] Built target lidar_interfaces__rosidl_typesupport_introspection_cpp
[2.138s] [ 78%] [32m[1mLinking CXX shared library liblidar_interfaces__rosidl_typesupport_fastrtps_cpp.so[0m
[2.188s] [ 78%] Built target lidar_interfaces__rosidl_typesupport_fastrtps_cpp
[2.204s] [ 78%] Built target lidar_interfaces
[2.218s] [ 80%] [34m[1mGenerating Python code for ROS interfaces[0m
[2.642s] [ 80%] Built target lidar_interfaces__py
[2.656s] [ 83%] [32mBuilding C object CMakeFiles/lidar_interfaces__rosidl_generator_py.dir/rosidl_generator_py/lidar_interfaces/msg/_tracked_cone_array_s.c.o[0m
[2.656s] [ 83%] [32mBuilding C object CMakeFiles/lidar_interfaces__rosidl_generator_py.dir/rosidl_generator_py/lidar_interfaces/msg/_cone_s.c.o[0m
[2.657s] [ 85%] [32mBuilding C object CMakeFiles/lidar_interfaces__rosidl_generator_py.dir/rosidl_generator_py/lidar_interfaces/msg/_cone_array_s.c.o[0m
[2.657s] [ 87%] [32mBuilding C object CMakeFiles/lidar_interfaces__rosidl_generator_py.dir/rosidl_generator_py/lidar_interfaces/msg/_tracked_cone_s.c.o[0m
[2.723s] [ 89%] [32m[1mLinking C shared library rosidl_generator_py/lidar_interfaces/liblidar_interfaces__rosidl_generator_py.so[0m
[2.757s] [ 89%] Built target lidar_interfaces__rosidl_generator_py
[2.773s] [ 90%] [32mBuilding C object CMakeFiles/lidar_interfaces__rosidl_typesupport_fastrtps_c__pyext.dir/rosidl_generator_py/lidar_interfaces/_lidar_interfaces_s.ep.rosidl_typesupport_fastrtps_c.c.o[0m
[2.773s] [ 92%] [32mBuilding C object CMakeFiles/lidar_interfaces__rosidl_typesupport_c__pyext.dir/rosidl_generator_py/lidar_interfaces/_lidar_interfaces_s.ep.rosidl_typesupport_c.c.o[0m
[2.773s] [ 94%] [32mBuilding C object CMakeFiles/lidar_interfaces__rosidl_typesupport_introspection_c__pyext.dir/rosidl_generator_py/lidar_interfaces/_lidar_interfaces_s.ep.rosidl_typesupport_introspection_c.c.o[0m
[2.829s] [ 96%] [32m[1mLinking C shared library rosidl_generator_py/lidar_interfaces/lidar_interfaces_s__rosidl_typesupport_c.cpython-310-x86_64-linux-gnu.so[0m
[2.831s] [ 98%] [32m[1mLinking C shared library rosidl_generator_py/lidar_interfaces/lidar_interfaces_s__rosidl_typesupport_fastrtps_c.cpython-310-x86_64-linux-gnu.so[0m
[2.839s] [100%] [32m[1mLinking C shared library rosidl_generator_py/lidar_interfaces/lidar_interfaces_s__rosidl_typesupport_introspection_c.cpython-310-x86_64-linux-gnu.so[0m
[2.856s] [100%] Built target lidar_interfaces__rosidl_typesupport_fastrtps_c__pyext
[2.861s] [100%] Built target lidar_interfaces__rosidl_typesupport_c__pyext
[2.867s] [100%] Built target lidar_interfaces__rosidl_typesupport_introspection_c__pyext
[2.877s] Invoked command in '/home/aiv/ev_ws/perception/build/lidar_interfaces' returned '0': CMAKE_PREFIX_PATH=${CMAKE_PREFIX_PATH}:/opt/ros/humble /usr/bin/cmake --build /home/aiv/ev_ws/perception/build/lidar_interfaces -- -j28 -l28
[2.878s] Invoking command in '/home/aiv/ev_ws/perception/build/lidar_interfaces': CMAKE_PREFIX_PATH=${CMAKE_PREFIX_PATH}:/opt/ros/humble /usr/bin/cmake --install /home/aiv/ev_ws/perception/build/lidar_interfaces
[2.883s] -- Install configuration: ""
[2.883s] -- Installing: /home/aiv/ev_ws/perception/install/lidar_interfaces/share/ament_index/resource_index/rosidl_interfaces/lidar_interfaces
[2.883s] -- Installing: /home/aiv/ev_ws/perception/install/lidar_interfaces/include/lidar_interfaces/lidar_interfaces
[2.883s] -- Installing: /home/aiv/ev_ws/perception/install/lidar_interfaces/include/lidar_interfaces/lidar_interfaces/msg
[2.883s] -- Installing: /home/aiv/ev_ws/perception/install/lidar_interfaces/include/lidar_interfaces/lidar_interfaces/msg/rosidl_generator_c__visibility_control.h
[2.883s] -- Installing: /home/aiv/ev_ws/perception/install/lidar_interfaces/include/lidar_interfaces/lidar_interfaces/msg/cone.h
[2.883s] -- Installing: /home/aiv/ev_ws/perception/install/lidar_interfaces/include/lidar_interfaces/lidar_interfaces/msg/tracked_cone.h
[2.883s] -- Installing: /home/aiv/ev_ws/perception/install/lidar_interfaces/include/lidar_interfaces/lidar_interfaces/msg/cone_array.h
[2.883s] -- Installing: /home/aiv/ev_ws/perception/install/lidar_interfaces/include/lidar_interfaces/lidar_interfaces/msg/detail
[2.884s] -- Installing: /home/aiv/ev_ws/perception/install/lidar_interfaces/include/lidar_interfaces/lidar_interfaces/msg/detail/tracked_cone_array__functions.c
[2.884s] -- Installing: /home/aiv/ev_ws/perception/install/lidar_interfaces/include/lidar_interfaces/lidar_interfaces/msg/detail/cone__functions.c
[2.884s] -- Installing: /home/aiv/ev_ws/perception/install/lidar_interfaces/include/lidar_interfaces/lidar_interfaces/msg/detail/tracked_cone__struct.h
[2.884s] -- Installing: /home/aiv/ev_ws/perception/install/lidar_interfaces/include/lidar_interfaces/lidar_interfaces/msg/detail/cone_array__struct.h
[2.884s] -- Installing: /home/aiv/ev_ws/perception/install/lidar_interfaces/include/lidar_interfaces/lidar_interfaces/msg/detail/cone_array__functions.h
[2.884s] -- Installing: /home/aiv/ev_ws/perception/install/lidar_interfaces/include/lidar_interfaces/lidar_interfaces/msg/detail/tracked_cone__functions.c
[2.884s] -- Installing: /home/aiv/ev_ws/perception/install/lidar_interfaces/include/lidar_interfaces/lidar_interfaces/msg/detail/cone_array__functions.c
[2.884s] -- Installing: /home/aiv/ev_ws/perception/install/lidar_interfaces/include/lidar_interfaces/lidar_interfaces/msg/detail/tracked_cone__type_support.h
[2.884s] -- Installing: /home/aiv/ev_ws/perception/install/lidar_interfaces/include/lidar_interfaces/lidar_interfaces/msg/detail/tracked_cone_array__functions.h
[2.884s] -- Installing: /home/aiv/ev_ws/perception/install/lidar_interfaces/include/lidar_interfaces/lidar_interfaces/msg/detail/tracked_cone_array__type_support.h
[2.884s] -- Installing: /home/aiv/ev_ws/perception/install/lidar_interfaces/include/lidar_interfaces/lidar_interfaces/msg/detail/cone__type_support.h
[2.884s] -- Installing: /home/aiv/ev_ws/perception/install/lidar_interfaces/include/lidar_interfaces/lidar_interfaces/msg/detail/tracked_cone__functions.h
[2.884s] -- Installing: /home/aiv/ev_ws/perception/install/lidar_interfaces/include/lidar_interfaces/lidar_interfaces/msg/detail/cone__functions.h
[2.884s] -- Installing: /home/aiv/ev_ws/perception/install/lidar_interfaces/include/lidar_interfaces/lidar_interfaces/msg/detail/cone__struct.h
[2.884s] -- Installing: /home/aiv/ev_ws/perception/install/lidar_interfaces/include/lidar_interfaces/lidar_interfaces/msg/detail/tracked_cone_array__struct.h
[2.884s] -- Installing: /home/aiv/ev_ws/perception/install/lidar_interfaces/include/lidar_interfaces/lidar_interfaces/msg/detail/cone_array__type_support.h
[2.884s] -- Installing: /home/aiv/ev_ws/perception/install/lidar_interfaces/include/lidar_interfaces/lidar_interfaces/msg/tracked_cone_array.h
[2.885s] -- Installing: /home/aiv/ev_ws/perception/install/lidar_interfaces/share/lidar_interfaces/environment/library_path.sh
[2.885s] -- Installing: /home/aiv/ev_ws/perception/install/lidar_interfaces/share/lidar_interfaces/environment/library_path.dsv
[2.885s] -- Installing: /home/aiv/ev_ws/perception/install/lidar_interfaces/lib/liblidar_interfaces__rosidl_generator_c.so
[2.885s] -- Set runtime path of "/home/aiv/ev_ws/perception/install/lidar_interfaces/lib/liblidar_interfaces__rosidl_generator_c.so" to ""
[2.885s] -- Up-to-date: /home/aiv/ev_ws/perception/install/lidar_interfaces/include/lidar_interfaces/lidar_interfaces
[2.885s] -- Up-to-date: /home/aiv/ev_ws/perception/install/lidar_interfaces/include/lidar_interfaces/lidar_interfaces/msg
[2.885s] -- Installing: /home/aiv/ev_ws/perception/install/lidar_interfaces/include/lidar_interfaces/lidar_interfaces/msg/rosidl_typesupport_fastrtps_c__visibility_control.h
[2.885s] -- Up-to-date: /home/aiv/ev_ws/perception/install/lidar_interfaces/include/lidar_interfaces/lidar_interfaces/msg/detail
[2.885s] -- Installing: /home/aiv/ev_ws/perception/install/lidar_interfaces/include/lidar_interfaces/lidar_interfaces/msg/detail/cone__rosidl_typesupport_fastrtps_c.h
[2.885s] -- Installing: /home/aiv/ev_ws/perception/install/lidar_interfaces/include/lidar_interfaces/lidar_interfaces/msg/detail/tracked_cone_array__rosidl_typesupport_fastrtps_c.h
[2.885s] -- Installing: /home/aiv/ev_ws/perception/install/lidar_interfaces/include/lidar_interfaces/lidar_interfaces/msg/detail/cone_array__rosidl_typesupport_fastrtps_c.h
[2.885s] -- Installing: /home/aiv/ev_ws/perception/install/lidar_interfaces/include/lidar_interfaces/lidar_interfaces/msg/detail/tracked_cone__rosidl_typesupport_fastrtps_c.h
[2.885s] -- Installing: /home/aiv/ev_ws/perception/install/lidar_interfaces/lib/liblidar_interfaces__rosidl_typesupport_fastrtps_c.so
[2.885s] -- Set runtime path of "/home/aiv/ev_ws/perception/install/lidar_interfaces/lib/liblidar_interfaces__rosidl_typesupport_fastrtps_c.so" to ""
[2.885s] -- Up-to-date: /home/aiv/ev_ws/perception/install/lidar_interfaces/include/lidar_interfaces/lidar_interfaces
[2.885s] -- Up-to-date: /home/aiv/ev_ws/perception/install/lidar_interfaces/include/lidar_interfaces/lidar_interfaces/msg
[2.885s] -- Up-to-date: /home/aiv/ev_ws/perception/install/lidar_interfaces/include/lidar_interfaces/lidar_interfaces/msg/detail
[2.885s] -- Installing: /home/aiv/ev_ws/perception/install/lidar_interfaces/include/lidar_interfaces/lidar_interfaces/msg/detail/tracked_cone__type_support.c
[2.886s] -- Installing: /home/aiv/ev_ws/perception/install/lidar_interfaces/include/lidar_interfaces/lidar_interfaces/msg/detail/tracked_cone_array__rosidl_typesupport_introspection_c.h
[2.886s] -- Installing: /home/aiv/ev_ws/perception/install/lidar_interfaces/include/lidar_interfaces/lidar_interfaces/msg/detail/cone_array__rosidl_typesupport_introspection_c.h
[2.886s] -- Installing: /home/aiv/ev_ws/perception/install/lidar_interfaces/include/lidar_interfaces/lidar_interfaces/msg/detail/cone__type_support.c
[2.886s] -- Installing: /home/aiv/ev_ws/perception/install/lidar_interfaces/include/lidar_interfaces/lidar_interfaces/msg/detail/cone__rosidl_typesupport_introspection_c.h
[2.886s] -- Installing: /home/aiv/ev_ws/perception/install/lidar_interfaces/include/lidar_interfaces/lidar_interfaces/msg/detail/tracked_cone_array__type_support.c
[2.886s] -- Installing: /home/aiv/ev_ws/perception/install/lidar_interfaces/include/lidar_interfaces/lidar_interfaces/msg/detail/tracked_cone__rosidl_typesupport_introspection_c.h
[2.886s] -- Installing: /home/aiv/ev_ws/perception/install/lidar_interfaces/include/lidar_interfaces/lidar_interfaces/msg/detail/cone_array__type_support.c
[2.886s] -- Installing: /home/aiv/ev_ws/perception/install/lidar_interfaces/include/lidar_interfaces/lidar_interfaces/msg/rosidl_typesupport_introspection_c__visibility_control.h
[2.886s] -- Installing: /home/aiv/ev_ws/perception/install/lidar_interfaces/lib/liblidar_interfaces__rosidl_typesupport_introspection_c.so
[2.886s] -- Set runtime path of "/home/aiv/ev_ws/perception/install/lidar_interfaces/lib/liblidar_interfaces__rosidl_typesupport_introspection_c.so" to ""
[2.886s] -- Installing: /home/aiv/ev_ws/perception/install/lidar_interfaces/lib/liblidar_interfaces__rosidl_typesupport_c.so
[2.886s] -- Set runtime path of "/home/aiv/ev_ws/perception/install/lidar_interfaces/lib/liblidar_interfaces__rosidl_typesupport_c.so" to ""
[2.886s] -- Up-to-date: /home/aiv/ev_ws/perception/install/lidar_interfaces/include/lidar_interfaces/lidar_interfaces
[2.886s] -- Up-to-date: /home/aiv/ev_ws/perception/install/lidar_interfaces/include/lidar_interfaces/lidar_interfaces/msg
[2.886s] -- Installing: /home/aiv/ev_ws/perception/install/lidar_interfaces/include/lidar_interfaces/lidar_interfaces/msg/cone_array.hpp
[2.886s] -- Installing: /home/aiv/ev_ws/perception/install/lidar_interfaces/include/lidar_interfaces/lidar_interfaces/msg/tracked_cone_array.hpp
[2.886s] -- Installing: /home/aiv/ev_ws/perception/install/lidar_interfaces/include/lidar_interfaces/lidar_interfaces/msg/tracked_cone.hpp
[2.887s] -- Installing: /home/aiv/ev_ws/perception/install/lidar_interfaces/include/lidar_interfaces/lidar_interfaces/msg/rosidl_generator_cpp__visibility_control.hpp
[2.887s] -- Up-to-date: /home/aiv/ev_ws/perception/install/lidar_interfaces/include/lidar_interfaces/lidar_interfaces/msg/detail
[2.887s] -- Installing: /home/aiv/ev_ws/perception/install/lidar_interfaces/include/lidar_interfaces/lidar_interfaces/msg/detail/cone__builder.hpp
[2.887s] -- Installing: /home/aiv/ev_ws/perception/install/lidar_interfaces/include/lidar_interfaces/lidar_interfaces/msg/detail/cone__type_support.hpp
[2.887s] -- Installing: /home/aiv/ev_ws/perception/install/lidar_interfaces/include/lidar_interfaces/lidar_interfaces/msg/detail/tracked_cone__struct.hpp
[2.887s] -- Installing: /home/aiv/ev_ws/perception/install/lidar_interfaces/include/lidar_interfaces/lidar_interfaces/msg/detail/tracked_cone__traits.hpp
[2.887s] -- Installing: /home/aiv/ev_ws/perception/install/lidar_interfaces/include/lidar_interfaces/lidar_interfaces/msg/detail/cone__struct.hpp
[2.887s] -- Installing: /home/aiv/ev_ws/perception/install/lidar_interfaces/include/lidar_interfaces/lidar_interfaces/msg/detail/cone_array__traits.hpp
[2.887s] -- Installing: /home/aiv/ev_ws/perception/install/lidar_interfaces/include/lidar_interfaces/lidar_interfaces/msg/detail/tracked_cone_array__struct.hpp
[2.887s] -- Installing: /home/aiv/ev_ws/perception/install/lidar_interfaces/include/lidar_interfaces/lidar_interfaces/msg/detail/tracked_cone_array__builder.hpp
[2.887s] -- Installing: /home/aiv/ev_ws/perception/install/lidar_interfaces/include/lidar_interfaces/lidar_interfaces/msg/detail/tracked_cone__type_support.hpp
[2.887s] -- Installing: /home/aiv/ev_ws/perception/install/lidar_interfaces/include/lidar_interfaces/lidar_interfaces/msg/detail/cone_array__struct.hpp
[2.887s] -- Installing: /home/aiv/ev_ws/perception/install/lidar_interfaces/include/lidar_interfaces/lidar_interfaces/msg/detail/cone__traits.hpp
[2.887s] -- Installing: /home/aiv/ev_ws/perception/install/lidar_interfaces/include/lidar_interfaces/lidar_interfaces/msg/detail/tracked_cone_array__traits.hpp
[2.887s] -- Installing: /home/aiv/ev_ws/perception/install/lidar_interfaces/include/lidar_interfaces/lidar_interfaces/msg/detail/cone_array__type_support.hpp
[2.887s] -- Installing: /home/aiv/ev_ws/perception/install/lidar_interfaces/include/lidar_interfaces/lidar_interfaces/msg/detail/cone_array__builder.hpp
[2.887s] -- Installing: /home/aiv/ev_ws/perception/install/lidar_interfaces/include/lidar_interfaces/lidar_interfaces/msg/detail/tracked_cone__builder.hpp
[2.887s] -- Installing: /home/aiv/ev_ws/perception/install/lidar_interfaces/include/lidar_interfaces/lidar_interfaces/msg/detail/tracked_cone_array__type_support.hpp
[2.888s] -- Installing: /home/aiv/ev_ws/perception/install/lidar_interfaces/include/lidar_interfaces/lidar_interfaces/msg/cone.hpp
[2.888s] -- Up-to-date: /home/aiv/ev_ws/perception/install/lidar_interfaces/include/lidar_interfaces/lidar_interfaces
[2.888s] -- Up-to-date: /home/aiv/ev_ws/perception/install/lidar_interfaces/include/lidar_interfaces/lidar_interfaces/msg
[2.888s] -- Up-to-date: /home/aiv/ev_ws/perception/install/lidar_interfaces/include/lidar_interfaces/lidar_interfaces/msg/detail
[2.888s] -- Installing: /home/aiv/ev_ws/perception/install/lidar_interfaces/include/lidar_interfaces/lidar_interfaces/msg/detail/dds_fastrtps
[2.888s] -- Installing: /home/aiv/ev_ws/perception/install/lidar_interfaces/include/lidar_interfaces/lidar_interfaces/msg/detail/tracked_cone_array__rosidl_typesupport_fastrtps_cpp.hpp
[2.888s] -- Installing: /home/aiv/ev_ws/perception/install/lidar_interfaces/include/lidar_interfaces/lidar_interfaces/msg/detail/cone__rosidl_typesupport_fastrtps_cpp.hpp
[2.888s] -- Installing: /home/aiv/ev_ws/perception/install/lidar_interfaces/include/lidar_interfaces/lidar_interfaces/msg/detail/cone_array__rosidl_typesupport_fastrtps_cpp.hpp
[2.888s] -- Installing: /home/aiv/ev_ws/perception/install/lidar_interfaces/include/lidar_interfaces/lidar_interfaces/msg/detail/tracked_cone__rosidl_typesupport_fastrtps_cpp.hpp
[2.888s] -- Installing: /home/aiv/ev_ws/perception/install/lidar_interfaces/include/lidar_interfaces/lidar_interfaces/msg/rosidl_typesupport_fastrtps_cpp__visibility_control.h
[2.888s] -- Installing: /home/aiv/ev_ws/perception/install/lidar_interfaces/lib/liblidar_interfaces__rosidl_typesupport_fastrtps_cpp.so
[2.888s] -- Set runtime path of "/home/aiv/ev_ws/perception/install/lidar_interfaces/lib/liblidar_interfaces__rosidl_typesupport_fastrtps_cpp.so" to ""
[2.888s] -- Up-to-date: /home/aiv/ev_ws/perception/install/lidar_interfaces/include/lidar_interfaces/lidar_interfaces
[2.888s] -- Up-to-date: /home/aiv/ev_ws/perception/install/lidar_interfaces/include/lidar_interfaces/lidar_interfaces/msg
[2.888s] -- Up-to-date: /home/aiv/ev_ws/perception/install/lidar_interfaces/include/lidar_interfaces/lidar_interfaces/msg/detail
[2.888s] -- Installing: /home/aiv/ev_ws/perception/install/lidar_interfaces/include/lidar_interfaces/lidar_interfaces/msg/detail/tracked_cone__rosidl_typesupport_introspection_cpp.hpp
[2.888s] -- Installing: /home/aiv/ev_ws/perception/install/lidar_interfaces/include/lidar_interfaces/lidar_interfaces/msg/detail/tracked_cone_array__type_support.cpp
[2.888s] -- Installing: /home/aiv/ev_ws/perception/install/lidar_interfaces/include/lidar_interfaces/lidar_interfaces/msg/detail/cone__type_support.cpp
[2.888s] -- Installing: /home/aiv/ev_ws/perception/install/lidar_interfaces/include/lidar_interfaces/lidar_interfaces/msg/detail/tracked_cone__type_support.cpp
[2.889s] -- Installing: /home/aiv/ev_ws/perception/install/lidar_interfaces/include/lidar_interfaces/lidar_interfaces/msg/detail/cone_array__rosidl_typesupport_introspection_cpp.hpp
[2.889s] -- Installing: /home/aiv/ev_ws/perception/install/lidar_interfaces/include/lidar_interfaces/lidar_interfaces/msg/detail/cone_array__type_support.cpp
[2.889s] -- Installing: /home/aiv/ev_ws/perception/install/lidar_interfaces/include/lidar_interfaces/lidar_interfaces/msg/detail/tracked_cone_array__rosidl_typesupport_introspection_cpp.hpp
[2.889s] -- Installing: /home/aiv/ev_ws/perception/install/lidar_interfaces/include/lidar_interfaces/lidar_interfaces/msg/detail/cone__rosidl_typesupport_introspection_cpp.hpp
[2.889s] -- Installing: /home/aiv/ev_ws/perception/install/lidar_interfaces/lib/liblidar_interfaces__rosidl_typesupport_introspection_cpp.so
[2.889s] -- Set runtime path of "/home/aiv/ev_ws/perception/install/lidar_interfaces/lib/liblidar_interfaces__rosidl_typesupport_introspection_cpp.so" to ""
[2.889s] -- Installing: /home/aiv/ev_ws/perception/install/lidar_interfaces/lib/liblidar_interfaces__rosidl_typesupport_cpp.so
[2.889s] -- Set runtime path of "/home/aiv/ev_ws/perception/install/lidar_interfaces/lib/liblidar_interfaces__rosidl_typesupport_cpp.so" to ""
[2.889s] -- Installing: /home/aiv/ev_ws/perception/install/lidar_interfaces/share/lidar_interfaces/environment/pythonpath.sh
[2.889s] -- Installing: /home/aiv/ev_ws/perception/install/lidar_interfaces/share/lidar_interfaces/environment/pythonpath.dsv
[2.889s] -- Installing: /home/aiv/ev_ws/perception/install/lidar_interfaces/local/lib/python3.10/dist-packages/lidar_interfaces-0.0.0-py3.10.egg-info
[2.889s] -- Installing: /home/aiv/ev_ws/perception/install/lidar_interfaces/local/lib/python3.10/dist-packages/lidar_interfaces-0.0.0-py3.10.egg-info/PKG-INFO
[2.889s] -- Installing: /home/aiv/ev_ws/perception/install/lidar_interfaces/local/lib/python3.10/dist-packages/lidar_interfaces-0.0.0-py3.10.egg-info/top_level.txt
[2.889s] -- Installing: /home/aiv/ev_ws/perception/install/lidar_interfaces/local/lib/python3.10/dist-packages/lidar_interfaces-0.0.0-py3.10.egg-info/SOURCES.txt
[2.889s] -- Installing: /home/aiv/ev_ws/perception/install/lidar_interfaces/local/lib/python3.10/dist-packages/lidar_interfaces-0.0.0-py3.10.egg-info/dependency_links.txt
[2.889s] -- Installing: /home/aiv/ev_ws/perception/install/lidar_interfaces/local/lib/python3.10/dist-packages/lidar_interfaces
[2.889s] -- Installing: /home/aiv/ev_ws/perception/install/lidar_interfaces/local/lib/python3.10/dist-packages/lidar_interfaces/lidar_interfaces_s__rosidl_typesupport_introspection_c.cpython-310-x86_64-linux-gnu.so
[2.889s] -- Installing: /home/aiv/ev_ws/perception/install/lidar_interfaces/local/lib/python3.10/dist-packages/lidar_interfaces/_lidar_interfaces_s.ep.rosidl_typesupport_c.c
[2.889s] -- Installing: /home/aiv/ev_ws/perception/install/lidar_interfaces/local/lib/python3.10/dist-packages/lidar_interfaces/__init__.py
[2.889s] -- Installing: /home/aiv/ev_ws/perception/install/lidar_interfaces/local/lib/python3.10/dist-packages/lidar_interfaces/_lidar_interfaces_s.ep.rosidl_typesupport_fastrtps_c.c
[2.890s] -- Installing: /home/aiv/ev_ws/perception/install/lidar_interfaces/local/lib/python3.10/dist-packages/lidar_interfaces/msg
[2.890s] -- Installing: /home/aiv/ev_ws/perception/install/lidar_interfaces/local/lib/python3.10/dist-packages/lidar_interfaces/msg/_cone_array.py
[2.890s] -- Installing: /home/aiv/ev_ws/perception/install/lidar_interfaces/local/lib/python3.10/dist-packages/lidar_interfaces/msg/_tracked_cone.py
[2.890s] -- Installing: /home/aiv/ev_ws/perception/install/lidar_interfaces/local/lib/python3.10/dist-packages/lidar_interfaces/msg/__init__.py
[2.890s] -- Installing: /home/aiv/ev_ws/perception/install/lidar_interfaces/local/lib/python3.10/dist-packages/lidar_interfaces/msg/_tracked_cone_array.py
[2.890s] -- Installing: /home/aiv/ev_ws/perception/install/lidar_interfaces/local/lib/python3.10/dist-packages/lidar_interfaces/msg/_cone_array_s.c
[2.890s] -- Installing: /home/aiv/ev_ws/perception/install/lidar_interfaces/local/lib/python3.10/dist-packages/lidar_interfaces/msg/_tracked_cone_array_s.c
[2.890s] -- Installing: /home/aiv/ev_ws/perception/install/lidar_interfaces/local/lib/python3.10/dist-packages/lidar_interfaces/msg/_tracked_cone_s.c
[2.890s] -- Installing: /home/aiv/ev_ws/perception/install/lidar_interfaces/local/lib/python3.10/dist-packages/lidar_interfaces/msg/_cone_s.c
[2.890s] -- Installing: /home/aiv/ev_ws/perception/install/lidar_interfaces/local/lib/python3.10/dist-packages/lidar_interfaces/msg/_cone.py
[2.890s] -- Installing: /home/aiv/ev_ws/perception/install/lidar_interfaces/local/lib/python3.10/dist-packages/lidar_interfaces/lidar_interfaces_s__rosidl_typesupport_c.cpython-310-x86_64-linux-gnu.so
[2.890s] -- Installing: /home/aiv/ev_ws/perception/install/lidar_interfaces/local/lib/python3.10/dist-packages/lidar_interfaces/liblidar_interfaces__rosidl_generator_py.so
[2.890s] -- Installing: /home/aiv/ev_ws/perception/install/lidar_interfaces/local/lib/python3.10/dist-packages/lidar_interfaces/lidar_interfaces_s__rosidl_typesupport_fastrtps_c.cpython-310-x86_64-linux-gnu.so
[2.890s] -- Installing: /home/aiv/ev_ws/perception/install/lidar_interfaces/local/lib/python3.10/dist-packages/lidar_interfaces/_lidar_interfaces_s.ep.rosidl_typesupport_introspection_c.c
[2.911s] Listing '/home/aiv/ev_ws/perception/install/lidar_interfaces/local/lib/python3.10/dist-packages/lidar_interfaces'...
[2.911s] Compiling '/home/aiv/ev_ws/perception/install/lidar_interfaces/local/lib/python3.10/dist-packages/lidar_interfaces/__init__.py'...
[2.911s] Listing '/home/aiv/ev_ws/perception/install/lidar_interfaces/local/lib/python3.10/dist-packages/lidar_interfaces/msg'...
[2.911s] Compiling '/home/aiv/ev_ws/perception/install/lidar_interfaces/local/lib/python3.10/dist-packages/lidar_interfaces/msg/__init__.py'...
[2.911s] Compiling '/home/aiv/ev_ws/perception/install/lidar_interfaces/local/lib/python3.10/dist-packages/lidar_interfaces/msg/_cone.py'...
[2.911s] Compiling '/home/aiv/ev_ws/perception/install/lidar_interfaces/local/lib/python3.10/dist-packages/lidar_interfaces/msg/_cone_array.py'...
[2.911s] Compiling '/home/aiv/ev_ws/perception/install/lidar_interfaces/local/lib/python3.10/dist-packages/lidar_interfaces/msg/_tracked_cone.py'...
[2.911s] Compiling '/home/aiv/ev_ws/perception/install/lidar_interfaces/local/lib/python3.10/dist-packages/lidar_interfaces/msg/_tracked_cone_array.py'...
[2.914s] -- Installing: /home/aiv/ev_ws/perception/install/lidar_interfaces/local/lib/python3.10/dist-packages/lidar_interfaces/lidar_interfaces_s__rosidl_typesupport_fastrtps_c.cpython-310-x86_64-linux-gnu.so
[2.914s] -- Set runtime path of "/home/aiv/ev_ws/perception/install/lidar_interfaces/local/lib/python3.10/dist-packages/lidar_interfaces/lidar_interfaces_s__rosidl_typesupport_fastrtps_c.cpython-310-x86_64-linux-gnu.so" to ""
[2.914s] -- Installing: /home/aiv/ev_ws/perception/install/lidar_interfaces/local/lib/python3.10/dist-packages/lidar_interfaces/lidar_interfaces_s__rosidl_typesupport_introspection_c.cpython-310-x86_64-linux-gnu.so
[2.914s] -- Set runtime path of "/home/aiv/ev_ws/perception/install/lidar_interfaces/local/lib/python3.10/dist-packages/lidar_interfaces/lidar_interfaces_s__rosidl_typesupport_introspection_c.cpython-310-x86_64-linux-gnu.so" to ""
[2.914s] -- Installing: /home/aiv/ev_ws/perception/install/lidar_interfaces/local/lib/python3.10/dist-packages/lidar_interfaces/lidar_interfaces_s__rosidl_typesupport_c.cpython-310-x86_64-linux-gnu.so
[2.914s] -- Set runtime path of "/home/aiv/ev_ws/perception/install/lidar_interfaces/local/lib/python3.10/dist-packages/lidar_interfaces/lidar_interfaces_s__rosidl_typesupport_c.cpython-310-x86_64-linux-gnu.so" to ""
[2.914s] -- Installing: /home/aiv/ev_ws/perception/install/lidar_interfaces/lib/liblidar_interfaces__rosidl_generator_py.so
[2.914s] -- Set runtime path of "/home/aiv/ev_ws/perception/install/lidar_interfaces/lib/liblidar_interfaces__rosidl_generator_py.so" to ""
[2.914s] -- Installing: /home/aiv/ev_ws/perception/install/lidar_interfaces/share/lidar_interfaces/msg/Cone.idl
[2.914s] -- Installing: /home/aiv/ev_ws/perception/install/lidar_interfaces/share/lidar_interfaces/msg/ConeArray.idl
[2.915s] -- Installing: /home/aiv/ev_ws/perception/install/lidar_interfaces/share/lidar_interfaces/msg/TrackedCone.idl
[2.915s] -- Installing: /home/aiv/ev_ws/perception/install/lidar_interfaces/share/lidar_interfaces/msg/TrackedConeArray.idl
[2.915s] -- Installing: /home/aiv/ev_ws/perception/install/lidar_interfaces/share/lidar_interfaces/msg/Cone.msg
[2.915s] -- Installing: /home/aiv/ev_ws/perception/install/lidar_interfaces/share/lidar_interfaces/msg/ConeArray.msg
[2.915s] -- Installing: /home/aiv/ev_ws/perception/install/lidar_interfaces/share/lidar_interfaces/msg/TrackedCone.msg
[2.915s] -- Installing: /home/aiv/ev_ws/perception/install/lidar_interfaces/share/lidar_interfaces/msg/TrackedConeArray.msg
[2.915s] -- Installing: /home/aiv/ev_ws/perception/install/lidar_interfaces/share/ament_index/resource_index/package_run_dependencies/lidar_interfaces
[2.915s] -- Installing: /home/aiv/ev_ws/perception/install/lidar_interfaces/share/ament_index/resource_index/parent_prefix_path/lidar_interfaces
[2.915s] -- Installing: /home/aiv/ev_ws/perception/install/lidar_interfaces/share/lidar_interfaces/environment/ament_prefix_path.sh
[2.915s] -- Installing: /home/aiv/ev_ws/perception/install/lidar_interfaces/share/lidar_interfaces/environment/ament_prefix_path.dsv
[2.915s] -- Installing: /home/aiv/ev_ws/perception/install/lidar_interfaces/share/lidar_interfaces/environment/path.sh
[2.915s] -- Installing: /home/aiv/ev_ws/perception/install/lidar_interfaces/share/lidar_interfaces/environment/path.dsv
[2.915s] -- Installing: /home/aiv/ev_ws/perception/install/lidar_interfaces/share/lidar_interfaces/local_setup.bash
[2.915s] -- Installing: /home/aiv/ev_ws/perception/install/lidar_interfaces/share/lidar_interfaces/local_setup.sh
[2.915s] -- Installing: /home/aiv/ev_ws/perception/install/lidar_interfaces/share/lidar_interfaces/local_setup.zsh
[2.915s] -- Installing: /home/aiv/ev_ws/perception/install/lidar_interfaces/share/lidar_interfaces/local_setup.dsv
[2.915s] -- Installing: /home/aiv/ev_ws/perception/install/lidar_interfaces/share/lidar_interfaces/package.dsv
[2.916s] -- Installing: /home/aiv/ev_ws/perception/install/lidar_interfaces/share/ament_index/resource_index/packages/lidar_interfaces
[2.916s] -- Installing: /home/aiv/ev_ws/perception/install/lidar_interfaces/share/lidar_interfaces/cmake/export_lidar_interfaces__rosidl_generator_cExport.cmake
[2.916s] -- Installing: /home/aiv/ev_ws/perception/install/lidar_interfaces/share/lidar_interfaces/cmake/export_lidar_interfaces__rosidl_generator_cExport-noconfig.cmake
[2.916s] -- Installing: /home/aiv/ev_ws/perception/install/lidar_interfaces/share/lidar_interfaces/cmake/export_lidar_interfaces__rosidl_typesupport_fastrtps_cExport.cmake
[2.916s] -- Installing: /home/aiv/ev_ws/perception/install/lidar_interfaces/share/lidar_interfaces/cmake/export_lidar_interfaces__rosidl_typesupport_fastrtps_cExport-noconfig.cmake
[2.916s] -- Installing: /home/aiv/ev_ws/perception/install/lidar_interfaces/share/lidar_interfaces/cmake/lidar_interfaces__rosidl_typesupport_introspection_cExport.cmake
[2.916s] -- Installing: /home/aiv/ev_ws/perception/install/lidar_interfaces/share/lidar_interfaces/cmake/lidar_interfaces__rosidl_typesupport_introspection_cExport-noconfig.cmake
[2.916s] -- Installing: /home/aiv/ev_ws/perception/install/lidar_interfaces/share/lidar_interfaces/cmake/lidar_interfaces__rosidl_typesupport_cExport.cmake
[2.916s] -- Installing: /home/aiv/ev_ws/perception/install/lidar_interfaces/share/lidar_interfaces/cmake/lidar_interfaces__rosidl_typesupport_cExport-noconfig.cmake
[2.916s] -- Installing: /home/aiv/ev_ws/perception/install/lidar_interfaces/share/lidar_interfaces/cmake/export_lidar_interfaces__rosidl_generator_cppExport.cmake
[2.916s] -- Installing: /home/aiv/ev_ws/perception/install/lidar_interfaces/share/lidar_interfaces/cmake/export_lidar_interfaces__rosidl_typesupport_fastrtps_cppExport.cmake
[2.916s] -- Installing: /home/aiv/ev_ws/perception/install/lidar_interfaces/share/lidar_interfaces/cmake/export_lidar_interfaces__rosidl_typesupport_fastrtps_cppExport-noconfig.cmake
[2.916s] -- Installing: /home/aiv/ev_ws/perception/install/lidar_interfaces/share/lidar_interfaces/cmake/lidar_interfaces__rosidl_typesupport_introspection_cppExport.cmake
[2.916s] -- Installing: /home/aiv/ev_ws/perception/install/lidar_interfaces/share/lidar_interfaces/cmake/lidar_interfaces__rosidl_typesupport_introspection_cppExport-noconfig.cmake
[2.916s] -- Installing: /home/aiv/ev_ws/perception/install/lidar_interfaces/share/lidar_interfaces/cmake/lidar_interfaces__rosidl_typesupport_cppExport.cmake
[2.916s] -- Installing: /home/aiv/ev_ws/perception/install/lidar_interfaces/share/lidar_interfaces/cmake/lidar_interfaces__rosidl_typesupport_cppExport-noconfig.cmake
[2.916s] -- Installing: /home/aiv/ev_ws/perception/install/lidar_interfaces/share/lidar_interfaces/cmake/export_lidar_interfaces__rosidl_generator_pyExport.cmake
[2.917s] -- Installing: /home/aiv/ev_ws/perception/install/lidar_interfaces/share/lidar_interfaces/cmake/export_lidar_interfaces__rosidl_generator_pyExport-noconfig.cmake
[2.917s] -- Installing: /home/aiv/ev_ws/perception/install/lidar_interfaces/share/lidar_interfaces/cmake/rosidl_cmake-extras.cmake
[2.917s] -- Installing: /home/aiv/ev_ws/perception/install/lidar_interfaces/share/lidar_interfaces/cmake/ament_cmake_export_dependencies-extras.cmake
[2.917s] -- Installing: /home/aiv/ev_ws/perception/install/lidar_interfaces/share/lidar_interfaces/cmake/ament_cmake_export_include_directories-extras.cmake
[2.917s] -- Installing: /home/aiv/ev_ws/perception/install/lidar_interfaces/share/lidar_interfaces/cmake/ament_cmake_export_libraries-extras.cmake
[2.917s] -- Installing: /home/aiv/ev_ws/perception/install/lidar_interfaces/share/lidar_interfaces/cmake/ament_cmake_export_targets-extras.cmake
[2.917s] -- Installing: /home/aiv/ev_ws/perception/install/lidar_interfaces/share/lidar_interfaces/cmake/rosidl_cmake_export_typesupport_targets-extras.cmake
[2.917s] -- Installing: /home/aiv/ev_ws/perception/install/lidar_interfaces/share/lidar_interfaces/cmake/rosidl_cmake_export_typesupport_libraries-extras.cmake
[2.917s] -- Installing: /home/aiv/ev_ws/perception/install/lidar_interfaces/share/lidar_interfaces/cmake/lidar_interfacesConfig.cmake
[2.917s] -- Installing: /home/aiv/ev_ws/perception/install/lidar_interfaces/share/lidar_interfaces/cmake/lidar_interfacesConfig-version.cmake
[2.917s] -- Installing: /home/aiv/ev_ws/perception/install/lidar_interfaces/share/lidar_interfaces/package.xml
[2.918s] Invoked command in '/home/aiv/ev_ws/perception/build/lidar_interfaces' returned '0': CMAKE_PREFIX_PATH=${CMAKE_PREFIX_PATH}:/opt/ros/humble /usr/bin/cmake --install /home/aiv/ev_ws/perception/build/lidar_interfaces
