[0.011s] Invoking command in '/home/aiv/ev_ws/perception/build/velodyne_laserscan': CMAKE_PREFIX_PATH=${CMAKE_PREFIX_PATH}:/opt/ros/humble /usr/bin/cmake /home/aiv/ev_ws/perception/src/lidar/velodyne_laserscan -DCMAKE_INSTALL_PREFIX=/home/aiv/ev_ws/perception/install/velodyne_laserscan
[0.044s] -- The C compiler identification is GNU 11.4.0
[0.075s] -- The CXX compiler identification is GNU 11.4.0
[0.079s] -- Detecting C compiler ABI info
[0.122s] -- Detecting C compiler ABI info - done
[0.126s] -- Check for working C compiler: /usr/bin/cc - skipped
[0.126s] -- Detecting C compile features
[0.126s] -- Detecting C compile features - done
[0.128s] -- Detecting CXX compiler ABI info
[0.175s] -- Detecting CXX compiler ABI info - done
[0.181s] -- Check for working CXX compiler: /usr/bin/c++ - skipped
[0.181s] -- Detecting CXX compile features
[0.181s] -- Detecting CXX compile features - done
[0.182s] -- Found ament_cmake_ros: 0.10.0 (/opt/ros/humble/share/ament_cmake_ros/cmake)
[0.282s] -- Found Python3: /usr/bin/python3 (found version "3.10.12") found components: Interpreter 
[0.339s] -- Found rclcpp: 16.0.17 (/opt/ros/humble/share/rclcpp/cmake)
[0.360s] -- Found rosidl_generator_c: 3.1.8 (/opt/ros/humble/share/rosidl_generator_c/cmake)
[0.363s] -- Found rosidl_adapter: 3.1.8 (/opt/ros/humble/share/rosidl_adapter/cmake)
[0.367s] -- Found rosidl_generator_cpp: 3.1.8 (/opt/ros/humble/share/rosidl_generator_cpp/cmake)
[0.373s] -- Using all available rosidl_typesupport_c: rosidl_typesupport_fastrtps_c;rosidl_typesupport_introspection_c
[0.381s] -- Using all available rosidl_typesupport_cpp: rosidl_typesupport_fastrtps_cpp;rosidl_typesupport_introspection_cpp
[0.402s] -- Found rmw_implementation_cmake: 6.1.2 (/opt/ros/humble/share/rmw_implementation_cmake/cmake)
[0.403s] -- Found rmw_fastrtps_cpp: 6.2.9 (/opt/ros/humble/share/rmw_fastrtps_cpp/cmake)
[0.452s] -- Found OpenSSL: /usr/lib/x86_64-linux-gnu/libcrypto.so (found version "3.0.2")  
[0.473s] -- Found FastRTPS: /opt/ros/humble/include  
[0.498s] -- Using RMW implementation 'rmw_fastrtps_cpp' as default
[0.502s] -- Looking for pthread.h
[0.545s] -- Looking for pthread.h - found
[0.545s] -- Performing Test CMAKE_HAVE_LIBC_PTHREAD
[0.592s] -- Performing Test CMAKE_HAVE_LIBC_PTHREAD - Success
[0.592s] -- Found Threads: TRUE  
[0.620s] -- Found rclcpp_components: 16.0.17 (/opt/ros/humble/share/rclcpp_components/cmake)
[0.634s] -- Found sensor_msgs: 4.9.0 (/opt/ros/humble/share/sensor_msgs/cmake)
[0.650s] -- Found ament_lint_auto: 0.12.14 (/opt/ros/humble/share/ament_lint_auto/cmake)
[0.699s] -- Added test 'copyright' to check source files copyright and LICENSE
[0.699s] -- Added test 'cppcheck' to perform static code analysis on C / C++ code
[0.699s] -- Configured cppcheck include dirs: $<BUILD_INTERFACE:/home/aiv/ev_ws/perception/src/lidar/velodyne_laserscan/include>
[0.699s] -- Configured cppcheck exclude dirs and/or files: 
[0.700s] -- Added test 'cpplint' to check C / C++ code against the Google style
[0.700s] -- Configured cpplint exclude dirs and/or files: 
[0.700s] -- Added test 'flake8' to check Python code syntax and style conventions
[0.701s] -- Added test 'lint_cmake' to check CMake code style
[0.701s] -- Added test 'pep257' to check Python code against some of the docstring style conventions in PEP 257
[0.701s] -- Added test 'uncrustify' to check C / C++ code style
[0.701s] -- Configured uncrustify additional arguments: 
[0.702s] -- Added test 'xmllint' to check XML markup files
[0.703s] -- Configuring done
[0.709s] -- Generating done
[0.712s] -- Build files have been written to: /home/aiv/ev_ws/perception/build/velodyne_laserscan
[0.717s] Invoked command in '/home/aiv/ev_ws/perception/build/velodyne_laserscan' returned '0': CMAKE_PREFIX_PATH=${CMAKE_PREFIX_PATH}:/opt/ros/humble /usr/bin/cmake /home/aiv/ev_ws/perception/src/lidar/velodyne_laserscan -DCMAKE_INSTALL_PREFIX=/home/aiv/ev_ws/perception/install/velodyne_laserscan
[0.718s] Invoking command in '/home/aiv/ev_ws/perception/build/velodyne_laserscan': CMAKE_PREFIX_PATH=${CMAKE_PREFIX_PATH}:/opt/ros/humble /usr/bin/cmake --build /home/aiv/ev_ws/perception/build/velodyne_laserscan -- -j28 -l28
[0.752s] [ 25%] [32mBuilding CXX object CMakeFiles/velodyne_laserscan.dir/src/velodyne_laserscan.cpp.o[0m
[6.086s] [ 50%] [32m[1mLinking CXX shared library libvelodyne_laserscan.so[0m
[6.437s] [ 50%] Built target velodyne_laserscan
[6.455s] [ 75%] [32mBuilding CXX object CMakeFiles/velodyne_laserscan_node.dir/src/node.cpp.o[0m
[8.103s] [100%] [32m[1mLinking CXX executable velodyne_laserscan_node[0m
[8.214s] [100%] Built target velodyne_laserscan_node
[8.224s] Invoked command in '/home/aiv/ev_ws/perception/build/velodyne_laserscan' returned '0': CMAKE_PREFIX_PATH=${CMAKE_PREFIX_PATH}:/opt/ros/humble /usr/bin/cmake --build /home/aiv/ev_ws/perception/build/velodyne_laserscan -- -j28 -l28
[8.225s] Invoking command in '/home/aiv/ev_ws/perception/build/velodyne_laserscan': CMAKE_PREFIX_PATH=${CMAKE_PREFIX_PATH}:/opt/ros/humble /usr/bin/cmake --install /home/aiv/ev_ws/perception/build/velodyne_laserscan
[8.233s] -- Install configuration: ""
[8.233s] -- Installing: /home/aiv/ev_ws/perception/install/velodyne_laserscan/lib/libvelodyne_laserscan.so
[8.239s] -- Set runtime path of "/home/aiv/ev_ws/perception/install/velodyne_laserscan/lib/libvelodyne_laserscan.so" to ""
[8.239s] -- Installing: /home/aiv/ev_ws/perception/install/velodyne_laserscan/lib/velodyne_laserscan/velodyne_laserscan_node
[8.239s] -- Set runtime path of "/home/aiv/ev_ws/perception/install/velodyne_laserscan/lib/velodyne_laserscan/velodyne_laserscan_node" to ""
[8.239s] -- Installing: /home/aiv/ev_ws/perception/install/velodyne_laserscan/include/velodyne_laserscan
[8.239s] -- Installing: /home/aiv/ev_ws/perception/install/velodyne_laserscan/include/velodyne_laserscan/velodyne_laserscan.hpp
[8.239s] -- Installing: /home/aiv/ev_ws/perception/install/velodyne_laserscan/share/velodyne_laserscan/config
[8.239s] -- Installing: /home/aiv/ev_ws/perception/install/velodyne_laserscan/share/velodyne_laserscan/config/default-velodyne_laserscan_node-params.yaml
[8.239s] -- Installing: /home/aiv/ev_ws/perception/install/velodyne_laserscan/share/velodyne_laserscan/launch
[8.239s] -- Installing: /home/aiv/ev_ws/perception/install/velodyne_laserscan/share/velodyne_laserscan/launch/velodyne_laserscan_node-launch.py
[8.240s] -- Installing: /home/aiv/ev_ws/perception/install/velodyne_laserscan/share/velodyne_laserscan/launch/velodyne_laserscan_node-composed-launch.py
[8.240s] -- Installing: /home/aiv/ev_ws/perception/install/velodyne_laserscan/share/ament_index/resource_index/package_run_dependencies/velodyne_laserscan
[8.240s] -- Installing: /home/aiv/ev_ws/perception/install/velodyne_laserscan/share/ament_index/resource_index/parent_prefix_path/velodyne_laserscan
[8.240s] -- Installing: /home/aiv/ev_ws/perception/install/velodyne_laserscan/share/velodyne_laserscan/environment/ament_prefix_path.sh
[8.240s] -- Installing: /home/aiv/ev_ws/perception/install/velodyne_laserscan/share/velodyne_laserscan/environment/ament_prefix_path.dsv
[8.240s] -- Installing: /home/aiv/ev_ws/perception/install/velodyne_laserscan/share/velodyne_laserscan/environment/path.sh
[8.240s] -- Installing: /home/aiv/ev_ws/perception/install/velodyne_laserscan/share/velodyne_laserscan/environment/path.dsv
[8.240s] -- Installing: /home/aiv/ev_ws/perception/install/velodyne_laserscan/share/velodyne_laserscan/local_setup.bash
[8.241s] -- Installing: /home/aiv/ev_ws/perception/install/velodyne_laserscan/share/velodyne_laserscan/local_setup.sh
[8.241s] -- Installing: /home/aiv/ev_ws/perception/install/velodyne_laserscan/share/velodyne_laserscan/local_setup.zsh
[8.241s] -- Installing: /home/aiv/ev_ws/perception/install/velodyne_laserscan/share/velodyne_laserscan/local_setup.dsv
[8.241s] -- Installing: /home/aiv/ev_ws/perception/install/velodyne_laserscan/share/velodyne_laserscan/package.dsv
[8.241s] -- Installing: /home/aiv/ev_ws/perception/install/velodyne_laserscan/share/ament_index/resource_index/packages/velodyne_laserscan
[8.241s] -- Installing: /home/aiv/ev_ws/perception/install/velodyne_laserscan/share/ament_index/resource_index/rclcpp_components/velodyne_laserscan
[8.241s] -- Installing: /home/aiv/ev_ws/perception/install/velodyne_laserscan/share/velodyne_laserscan/cmake/velodyne_laserscanExport.cmake
[8.241s] -- Installing: /home/aiv/ev_ws/perception/install/velodyne_laserscan/share/velodyne_laserscan/cmake/velodyne_laserscanExport-noconfig.cmake
[8.241s] -- Installing: /home/aiv/ev_ws/perception/install/velodyne_laserscan/share/velodyne_laserscan/cmake/ament_cmake_export_include_directories-extras.cmake
[8.241s] -- Installing: /home/aiv/ev_ws/perception/install/velodyne_laserscan/share/velodyne_laserscan/cmake/ament_cmake_export_targets-extras.cmake
[8.242s] -- Installing: /home/aiv/ev_ws/perception/install/velodyne_laserscan/share/velodyne_laserscan/cmake/ament_cmake_export_dependencies-extras.cmake
[8.242s] -- Installing: /home/aiv/ev_ws/perception/install/velodyne_laserscan/share/velodyne_laserscan/cmake/velodyne_laserscanConfig.cmake
[8.242s] -- Installing: /home/aiv/ev_ws/perception/install/velodyne_laserscan/share/velodyne_laserscan/cmake/velodyne_laserscanConfig-version.cmake
[8.242s] -- Installing: /home/aiv/ev_ws/perception/install/velodyne_laserscan/share/velodyne_laserscan/package.xml
[8.244s] Invoked command in '/home/aiv/ev_ws/perception/build/velodyne_laserscan' returned '0': CMAKE_PREFIX_PATH=${CMAKE_PREFIX_PATH}:/opt/ros/humble /usr/bin/cmake --install /home/aiv/ev_ws/perception/build/velodyne_laserscan
