[0.016s] Invoking command in '/home/aiv/ev_ws/perception/build/lidar_clustering': CMAKE_PREFIX_PATH=${CMAKE_PREFIX_PATH}:/opt/ros/humble /usr/bin/cmake --build /home/aiv/ev_ws/perception/build/lidar_clustering -- -j28 -l28
[0.046s] [ 33%] Built target dbscan_gpu_kernels
[0.065s] [100%] Built target clustering_component
[0.077s] Invoked command in '/home/aiv/ev_ws/perception/build/lidar_clustering' returned '0': CMAKE_PREFIX_PATH=${CMAKE_PREFIX_PATH}:/opt/ros/humble /usr/bin/cmake --build /home/aiv/ev_ws/perception/build/lidar_clustering -- -j28 -l28
[0.079s] Invoking command in '/home/aiv/ev_ws/perception/build/lidar_clustering': CMAKE_PREFIX_PATH=${CMAKE_PREFIX_PATH}:/opt/ros/humble /usr/bin/cmake --install /home/aiv/ev_ws/perception/build/lidar_clustering
[0.087s] -- Install configuration: ""
[0.087s] -- Up-to-date: /home/aiv/ev_ws/perception/install/lidar_clustering/lib/libclustering_component.so
[0.087s] -- Up-to-date: /home/aiv/ev_ws/perception/install/lidar_clustering/include
[0.088s] -- Up-to-date: /home/aiv/ev_ws/perception/install/lidar_clustering/include/lidar_clustering
[0.088s] -- Up-to-date: /home/aiv/ev_ws/perception/install/lidar_clustering/include/lidar_clustering/dbscan_gpu.hpp
[0.088s] -- Up-to-date: /home/aiv/ev_ws/perception/install/lidar_clustering/include/lidar_clustering/clustering_component.hpp
[0.088s] -- Up-to-date: /home/aiv/ev_ws/perception/install/lidar_clustering/include/lidar_clustering/dbscan_gpu_kernels.h
[0.088s] -- Up-to-date: /home/aiv/ev_ws/perception/install/lidar_clustering/share/lidar_clustering/config
[0.088s] -- Up-to-date: /home/aiv/ev_ws/perception/install/lidar_clustering/share/lidar_clustering/config/clustering_params.yaml
[0.088s] -- Up-to-date: /home/aiv/ev_ws/perception/install/lidar_clustering/share/lidar_clustering/environment/library_path.sh
[0.088s] -- Up-to-date: /home/aiv/ev_ws/perception/install/lidar_clustering/share/lidar_clustering/environment/library_path.dsv
[0.088s] -- Up-to-date: /home/aiv/ev_ws/perception/install/lidar_clustering/share/ament_index/resource_index/package_run_dependencies/lidar_clustering
[0.088s] -- Up-to-date: /home/aiv/ev_ws/perception/install/lidar_clustering/share/ament_index/resource_index/parent_prefix_path/lidar_clustering
[0.089s] -- Up-to-date: /home/aiv/ev_ws/perception/install/lidar_clustering/share/lidar_clustering/environment/ament_prefix_path.sh
[0.089s] -- Up-to-date: /home/aiv/ev_ws/perception/install/lidar_clustering/share/lidar_clustering/environment/ament_prefix_path.dsv
[0.089s] -- Up-to-date: /home/aiv/ev_ws/perception/install/lidar_clustering/share/lidar_clustering/environment/path.sh
[0.089s] -- Up-to-date: /home/aiv/ev_ws/perception/install/lidar_clustering/share/lidar_clustering/environment/path.dsv
[0.089s] -- Up-to-date: /home/aiv/ev_ws/perception/install/lidar_clustering/share/lidar_clustering/local_setup.bash
[0.089s] -- Up-to-date: /home/aiv/ev_ws/perception/install/lidar_clustering/share/lidar_clustering/local_setup.sh
[0.089s] -- Up-to-date: /home/aiv/ev_ws/perception/install/lidar_clustering/share/lidar_clustering/local_setup.zsh
[0.089s] -- Up-to-date: /home/aiv/ev_ws/perception/install/lidar_clustering/share/lidar_clustering/local_setup.dsv
[0.090s] -- Installing: /home/aiv/ev_ws/perception/install/lidar_clustering/share/lidar_clustering/package.dsv
[0.090s] -- Up-to-date: /home/aiv/ev_ws/perception/install/lidar_clustering/share/ament_index/resource_index/packages/lidar_clustering
[0.090s] -- Up-to-date: /home/aiv/ev_ws/perception/install/lidar_clustering/share/ament_index/resource_index/rclcpp_components/lidar_clustering
[0.090s] -- Up-to-date: /home/aiv/ev_ws/perception/install/lidar_clustering/share/lidar_clustering/cmake/ament_cmake_export_include_directories-extras.cmake
[0.090s] -- Up-to-date: /home/aiv/ev_ws/perception/install/lidar_clustering/share/lidar_clustering/cmake/ament_cmake_export_libraries-extras.cmake
[0.090s] -- Up-to-date: /home/aiv/ev_ws/perception/install/lidar_clustering/share/lidar_clustering/cmake/ament_cmake_export_dependencies-extras.cmake
[0.090s] -- Up-to-date: /home/aiv/ev_ws/perception/install/lidar_clustering/share/lidar_clustering/cmake/lidar_clusteringConfig.cmake
[0.090s] -- Up-to-date: /home/aiv/ev_ws/perception/install/lidar_clustering/share/lidar_clustering/cmake/lidar_clusteringConfig-version.cmake
[0.090s] -- Up-to-date: /home/aiv/ev_ws/perception/install/lidar_clustering/share/lidar_clustering/package.xml
[0.110s] Invoked command in '/home/aiv/ev_ws/perception/build/lidar_clustering' returned '0': CMAKE_PREFIX_PATH=${CMAKE_PREFIX_PATH}:/opt/ros/humble /usr/bin/cmake --install /home/aiv/ev_ws/perception/build/lidar_clustering
