-- Found ament_cmake: 1.3.12 (/opt/ros/humble/share/ament_cmake/cmake)
-- Found rclcpp: 16.0.17 (/opt/ros/humble/share/rclcpp/cmake)
-- Found rosidl_generator_c: 3.1.8 (/opt/ros/humble/share/rosidl_generator_c/cmake)
-- Found rosidl_adapter: 3.1.8 (/opt/ros/humble/share/rosidl_adapter/cmake)
-- Found rosidl_generator_cpp: 3.1.8 (/opt/ros/humble/share/rosidl_generator_cpp/cmake)
-- Using all available rosidl_typesupport_c: rosidl_typesupport_fastrtps_c;rosidl_typesupport_introspection_c
-- Using all available rosidl_typesupport_cpp: rosidl_typesupport_fastrtps_cpp;rosidl_typesupport_introspection_cpp
-- Found rmw_implementation_cmake: 6.1.2 (/opt/ros/humble/share/rmw_implementation_cmake/cmake)
-- Found rmw_cyclonedds_cpp: 1.3.4 (/opt/ros/humble/share/rmw_cyclonedds_cpp/cmake)
-- Using RMW implementation 'rmw_cyclonedds_cpp' as default
-- Found rclcpp_components: 16.0.17 (/opt/ros/humble/share/rclcpp_components/cmake)
-- Found sensor_msgs: 4.9.0 (/opt/ros/humble/share/sensor_msgs/cmake)
-- Found visualization_msgs: 4.9.0 (/opt/ros/humble/share/visualization_msgs/cmake)
-- Configuring done
-- Generating done
-- Build files have been written to: /home/aiv/ev_ws/ros2_ver2/build/cluster_filter
Consolidate compiler generated dependencies of target filter_component
[ 50%] Building CXX object CMakeFiles/filter_component.dir/src/filter_component.cpp.o
/home/aiv/ev_ws/ros2_ver2/src/lidar/cluster_filter/src/filter_component.cpp: In member function ‘void cluster_filter::FilterComponent::callback(sensor_msgs::msg::PointCloud2_<std::allocator<void> >::SharedPtr)’:
/home/aiv/ev_ws/ros2_ver2/src/lidar/cluster_filter/src/filter_component.cpp:240:11: warning: unused variable ‘cz’ [-Wunused-variable]
  240 |     float cz = (bbox.z_min + bbox.z_max) * 0.5f;
      |           ^~
[100%] Linking CXX shared library libfilter_component.so
[100%] Built target filter_component
-- Install configuration: ""
-- Installing: /home/aiv/ev_ws/ros2_ver2/install/cluster_filter/lib/libfilter_component.so
-- Set runtime path of "/home/aiv/ev_ws/ros2_ver2/install/cluster_filter/lib/libfilter_component.so" to ""
-- Up-to-date: /home/aiv/ev_ws/ros2_ver2/install/cluster_filter/include
-- Up-to-date: /home/aiv/ev_ws/ros2_ver2/install/cluster_filter/include/cluster_filter
-- Installing: /home/aiv/ev_ws/ros2_ver2/install/cluster_filter/include/cluster_filter/filter_component.hpp
-- Up-to-date: /home/aiv/ev_ws/ros2_ver2/install/cluster_filter/share/cluster_filter/config
-- Up-to-date: /home/aiv/ev_ws/ros2_ver2/install/cluster_filter/share/cluster_filter/config/filter_params.yaml
-- Up-to-date: /home/aiv/ev_ws/ros2_ver2/install/cluster_filter/share/cluster_filter/environment/library_path.sh
-- Installing: /home/aiv/ev_ws/ros2_ver2/install/cluster_filter/share/cluster_filter/environment/library_path.dsv
-- Installing: /home/aiv/ev_ws/ros2_ver2/install/cluster_filter/share/ament_index/resource_index/package_run_dependencies/cluster_filter
-- Up-to-date: /home/aiv/ev_ws/ros2_ver2/install/cluster_filter/share/ament_index/resource_index/parent_prefix_path/cluster_filter
-- Up-to-date: /home/aiv/ev_ws/ros2_ver2/install/cluster_filter/share/cluster_filter/environment/ament_prefix_path.sh
-- Installing: /home/aiv/ev_ws/ros2_ver2/install/cluster_filter/share/cluster_filter/environment/ament_prefix_path.dsv
-- Up-to-date: /home/aiv/ev_ws/ros2_ver2/install/cluster_filter/share/cluster_filter/environment/path.sh
-- Installing: /home/aiv/ev_ws/ros2_ver2/install/cluster_filter/share/cluster_filter/environment/path.dsv
-- Up-to-date: /home/aiv/ev_ws/ros2_ver2/install/cluster_filter/share/cluster_filter/local_setup.bash
-- Up-to-date: /home/aiv/ev_ws/ros2_ver2/install/cluster_filter/share/cluster_filter/local_setup.sh
-- Up-to-date: /home/aiv/ev_ws/ros2_ver2/install/cluster_filter/share/cluster_filter/local_setup.zsh
-- Installing: /home/aiv/ev_ws/ros2_ver2/install/cluster_filter/share/cluster_filter/local_setup.dsv
-- Installing: /home/aiv/ev_ws/ros2_ver2/install/cluster_filter/share/cluster_filter/package.dsv
-- Up-to-date: /home/aiv/ev_ws/ros2_ver2/install/cluster_filter/share/ament_index/resource_index/packages/cluster_filter
-- Up-to-date: /home/aiv/ev_ws/ros2_ver2/install/cluster_filter/share/ament_index/resource_index/rclcpp_components/cluster_filter
-- Up-to-date: /home/aiv/ev_ws/ros2_ver2/install/cluster_filter/share/cluster_filter/cmake/ament_cmake_export_include_directories-extras.cmake
-- Up-to-date: /home/aiv/ev_ws/ros2_ver2/install/cluster_filter/share/cluster_filter/cmake/ament_cmake_export_libraries-extras.cmake
-- Installing: /home/aiv/ev_ws/ros2_ver2/install/cluster_filter/share/cluster_filter/cmake/ament_cmake_export_dependencies-extras.cmake
-- Up-to-date: /home/aiv/ev_ws/ros2_ver2/install/cluster_filter/share/cluster_filter/cmake/cluster_filterConfig.cmake
-- Up-to-date: /home/aiv/ev_ws/ros2_ver2/install/cluster_filter/share/cluster_filter/cmake/cluster_filterConfig-version.cmake
-- Installing: /home/aiv/ev_ws/ros2_ver2/install/cluster_filter/share/cluster_filter/package.xml
