[0.008s] Invoking command in '/home/aiv/ev_ws/ros2_ver2/build/cluster_filter': CMAKE_PREFIX_PATH=${CMAKE_PREFIX_PATH}:/home/aiv/ros2_study/install/my_second_package:/opt/ros/humble /usr/bin/cmake --build /home/aiv/ev_ws/ros2_ver2/build/cluster_filter -- -j28 -l28
[0.025s] -- Found ament_cmake: 1.3.12 (/opt/ros/humble/share/ament_cmake/cmake)
[0.095s] -- Found rclcpp: 16.0.17 (/opt/ros/humble/share/rclcpp/cmake)
[0.108s] -- Found rosidl_generator_c: 3.1.8 (/opt/ros/humble/share/rosidl_generator_c/cmake)
[0.110s] -- Found rosidl_adapter: 3.1.8 (/opt/ros/humble/share/rosidl_adapter/cmake)
[0.112s] -- Found rosidl_generator_cpp: 3.1.8 (/opt/ros/humble/share/rosidl_generator_cpp/cmake)
[0.117s] -- Using all available rosidl_typesupport_c: rosidl_typesupport_fastrtps_c;rosidl_typesupport_introspection_c
[0.124s] -- Using all available rosidl_typesupport_cpp: rosidl_typesupport_fastrtps_cpp;rosidl_typesupport_introspection_cpp
[0.139s] -- Found rmw_implementation_cmake: 6.1.2 (/opt/ros/humble/share/rmw_implementation_cmake/cmake)
[0.140s] -- Found rmw_cyclonedds_cpp: 1.3.4 (/opt/ros/humble/share/rmw_cyclonedds_cpp/cmake)
[0.149s] -- Using RMW implementation 'rmw_cyclonedds_cpp' as default
[0.171s] -- Found rclcpp_components: 16.0.17 (/opt/ros/humble/share/rclcpp_components/cmake)
[0.180s] -- Found sensor_msgs: 4.9.0 (/opt/ros/humble/share/sensor_msgs/cmake)
[0.197s] -- Found visualization_msgs: 4.9.0 (/opt/ros/humble/share/visualization_msgs/cmake)
[0.247s] -- Configuring done
[0.251s] -- Generating done
[0.253s] -- Build files have been written to: /home/aiv/ev_ws/ros2_ver2/build/cluster_filter
[0.274s] Consolidate compiler generated dependencies of target filter_component
[0.286s] [ 50%] Building CXX object CMakeFiles/filter_component.dir/src/filter_component.cpp.o
[1.642s] /home/aiv/ev_ws/ros2_ver2/src/lidar/cluster_filter/src/filter_component.cpp: In member function ‘void cluster_filter::FilterComponent::callback(sensor_msgs::msg::PointCloud2_<std::allocator<void> >::SharedPtr)’:
[1.642s] /home/aiv/ev_ws/ros2_ver2/src/lidar/cluster_filter/src/filter_component.cpp:240:11: warning: unused variable ‘cz’ [-Wunused-variable]
[1.642s]   240 |     float cz = (bbox.z_min + bbox.z_max) * 0.5f;
[1.642s]       |           ^~
[5.740s] [100%] Linking CXX shared library libfilter_component.so
[6.008s] [100%] Built target filter_component
[6.018s] Invoked command in '/home/aiv/ev_ws/ros2_ver2/build/cluster_filter' returned '0': CMAKE_PREFIX_PATH=${CMAKE_PREFIX_PATH}:/home/aiv/ros2_study/install/my_second_package:/opt/ros/humble /usr/bin/cmake --build /home/aiv/ev_ws/ros2_ver2/build/cluster_filter -- -j28 -l28
[6.027s] Invoking command in '/home/aiv/ev_ws/ros2_ver2/build/cluster_filter': CMAKE_PREFIX_PATH=${CMAKE_PREFIX_PATH}:/home/aiv/ros2_study/install/my_second_package:/opt/ros/humble /usr/bin/cmake --install /home/aiv/ev_ws/ros2_ver2/build/cluster_filter
[6.034s] -- Install configuration: ""
[6.034s] -- Installing: /home/aiv/ev_ws/ros2_ver2/install/cluster_filter/lib/libfilter_component.so
[6.038s] -- Set runtime path of "/home/aiv/ev_ws/ros2_ver2/install/cluster_filter/lib/libfilter_component.so" to ""
[6.038s] -- Up-to-date: /home/aiv/ev_ws/ros2_ver2/install/cluster_filter/include
[6.038s] -- Up-to-date: /home/aiv/ev_ws/ros2_ver2/install/cluster_filter/include/cluster_filter
[6.038s] -- Installing: /home/aiv/ev_ws/ros2_ver2/install/cluster_filter/include/cluster_filter/filter_component.hpp
[6.039s] -- Up-to-date: /home/aiv/ev_ws/ros2_ver2/install/cluster_filter/share/cluster_filter/config
[6.039s] -- Up-to-date: /home/aiv/ev_ws/ros2_ver2/install/cluster_filter/share/cluster_filter/config/filter_params.yaml
[6.039s] -- Up-to-date: /home/aiv/ev_ws/ros2_ver2/install/cluster_filter/share/cluster_filter/environment/library_path.sh
[6.039s] -- Installing: /home/aiv/ev_ws/ros2_ver2/install/cluster_filter/share/cluster_filter/environment/library_path.dsv
[6.039s] -- Installing: /home/aiv/ev_ws/ros2_ver2/install/cluster_filter/share/ament_index/resource_index/package_run_dependencies/cluster_filter
[6.039s] -- Up-to-date: /home/aiv/ev_ws/ros2_ver2/install/cluster_filter/share/ament_index/resource_index/parent_prefix_path/cluster_filter
[6.039s] -- Up-to-date: /home/aiv/ev_ws/ros2_ver2/install/cluster_filter/share/cluster_filter/environment/ament_prefix_path.sh
[6.039s] -- Installing: /home/aiv/ev_ws/ros2_ver2/install/cluster_filter/share/cluster_filter/environment/ament_prefix_path.dsv
[6.039s] -- Up-to-date: /home/aiv/ev_ws/ros2_ver2/install/cluster_filter/share/cluster_filter/environment/path.sh
[6.039s] -- Installing: /home/aiv/ev_ws/ros2_ver2/install/cluster_filter/share/cluster_filter/environment/path.dsv
[6.039s] -- Up-to-date: /home/aiv/ev_ws/ros2_ver2/install/cluster_filter/share/cluster_filter/local_setup.bash
[6.039s] -- Up-to-date: /home/aiv/ev_ws/ros2_ver2/install/cluster_filter/share/cluster_filter/local_setup.sh
[6.039s] -- Up-to-date: /home/aiv/ev_ws/ros2_ver2/install/cluster_filter/share/cluster_filter/local_setup.zsh
[6.039s] -- Installing: /home/aiv/ev_ws/ros2_ver2/install/cluster_filter/share/cluster_filter/local_setup.dsv
[6.039s] -- Installing: /home/aiv/ev_ws/ros2_ver2/install/cluster_filter/share/cluster_filter/package.dsv
[6.039s] -- Up-to-date: /home/aiv/ev_ws/ros2_ver2/install/cluster_filter/share/ament_index/resource_index/packages/cluster_filter
[6.040s] -- Up-to-date: /home/aiv/ev_ws/ros2_ver2/install/cluster_filter/share/ament_index/resource_index/rclcpp_components/cluster_filter
[6.040s] -- Up-to-date: /home/aiv/ev_ws/ros2_ver2/install/cluster_filter/share/cluster_filter/cmake/ament_cmake_export_include_directories-extras.cmake
[6.040s] -- Up-to-date: /home/aiv/ev_ws/ros2_ver2/install/cluster_filter/share/cluster_filter/cmake/ament_cmake_export_libraries-extras.cmake
[6.040s] -- Installing: /home/aiv/ev_ws/ros2_ver2/install/cluster_filter/share/cluster_filter/cmake/ament_cmake_export_dependencies-extras.cmake
[6.040s] -- Up-to-date: /home/aiv/ev_ws/ros2_ver2/install/cluster_filter/share/cluster_filter/cmake/cluster_filterConfig.cmake
[6.040s] -- Up-to-date: /home/aiv/ev_ws/ros2_ver2/install/cluster_filter/share/cluster_filter/cmake/cluster_filterConfig-version.cmake
[6.040s] -- Installing: /home/aiv/ev_ws/ros2_ver2/install/cluster_filter/share/cluster_filter/package.xml
[6.040s] Invoked command in '/home/aiv/ev_ws/ros2_ver2/build/cluster_filter' returned '0': CMAKE_PREFIX_PATH=${CMAKE_PREFIX_PATH}:/home/aiv/ros2_study/install/my_second_package:/opt/ros/humble /usr/bin/cmake --install /home/aiv/ev_ws/ros2_ver2/build/cluster_filter
