[  1%] Built target lidar_interfaces__cpp
[ 12%] Built target lidar_interfaces__rosidl_generator_c
[ 12%] Built target ament_cmake_python_copy_lidar_interfaces
[ 23%] Built target lidar_interfaces__rosidl_typesupport_fastrtps_cpp
[ 34%] Built target lidar_interfaces__rosidl_typesupport_cpp
[ 45%] Built target lidar_interfaces__rosidl_typesupport_introspection_cpp
[ 56%] Built target lidar_interfaces__rosidl_typesupport_introspection_c
[ 67%] Built target lidar_interfaces__rosidl_typesupport_c
[ 78%] Built target lidar_interfaces__rosidl_typesupport_fastrtps_c
[ 78%] Built target lidar_interfaces
[ 80%] Built target lidar_interfaces__py
[ 89%] Built target lidar_interfaces__rosidl_generator_py
[ 92%] Built target lidar_interfaces__rosidl_typesupport_c__pyext
[ 96%] Built target lidar_interfaces__rosidl_typesupport_fastrtps_c__pyext
[100%] Built target lidar_interfaces__rosidl_typesupport_introspection_c__pyext
running egg_info
writing lidar_interfaces.egg-info/PKG-INFO
writing dependency_links to lidar_interfaces.egg-info/dependency_links.txt
writing top-level names to lidar_interfaces.egg-info/top_level.txt
reading manifest file 'lidar_interfaces.egg-info/SOURCES.txt'
writing manifest file 'lidar_interfaces.egg-info/SOURCES.txt'
[100%] Built target ament_cmake_python_build_lidar_interfaces_egg
-- Install configuration: ""
-- Up-to-date: /home/aiv/ev_ws/perception/install/lidar_interfaces/share/ament_index/resource_index/rosidl_interfaces/lidar_interfaces
-- Up-to-date: /home/aiv/ev_ws/perception/install/lidar_interfaces/include/lidar_interfaces/lidar_interfaces
-- Up-to-date: /home/aiv/ev_ws/perception/install/lidar_interfaces/include/lidar_interfaces/lidar_interfaces/msg
-- Up-to-date: /home/aiv/ev_ws/perception/install/lidar_interfaces/include/lidar_interfaces/lidar_interfaces/msg/rosidl_generator_c__visibility_control.h
-- Up-to-date: /home/aiv/ev_ws/perception/install/lidar_interfaces/include/lidar_interfaces/lidar_interfaces/msg/cone.h
-- Up-to-date: /home/aiv/ev_ws/perception/install/lidar_interfaces/include/lidar_interfaces/lidar_interfaces/msg/tracked_cone.h
-- Up-to-date: /home/aiv/ev_ws/perception/install/lidar_interfaces/include/lidar_interfaces/lidar_interfaces/msg/cone_array.h
-- Up-to-date: /home/aiv/ev_ws/perception/install/lidar_interfaces/include/lidar_interfaces/lidar_interfaces/msg/detail
-- Up-to-date: /home/aiv/ev_ws/perception/install/lidar_interfaces/include/lidar_interfaces/lidar_interfaces/msg/detail/tracked_cone_array__functions.c
-- Up-to-date: /home/aiv/ev_ws/perception/install/lidar_interfaces/include/lidar_interfaces/lidar_interfaces/msg/detail/cone__functions.c
-- Up-to-date: /home/aiv/ev_ws/perception/install/lidar_interfaces/include/lidar_interfaces/lidar_interfaces/msg/detail/tracked_cone__struct.h
-- Up-to-date: /home/aiv/ev_ws/perception/install/lidar_interfaces/include/lidar_interfaces/lidar_interfaces/msg/detail/cone_array__struct.h
-- Up-to-date: /home/aiv/ev_ws/perception/install/lidar_interfaces/include/lidar_interfaces/lidar_interfaces/msg/detail/cone_array__functions.h
-- Up-to-date: /home/aiv/ev_ws/perception/install/lidar_interfaces/include/lidar_interfaces/lidar_interfaces/msg/detail/tracked_cone__functions.c
-- Up-to-date: /home/aiv/ev_ws/perception/install/lidar_interfaces/include/lidar_interfaces/lidar_interfaces/msg/detail/cone_array__functions.c
-- Up-to-date: /home/aiv/ev_ws/perception/install/lidar_interfaces/include/lidar_interfaces/lidar_interfaces/msg/detail/tracked_cone__type_support.h
-- Up-to-date: /home/aiv/ev_ws/perception/install/lidar_interfaces/include/lidar_interfaces/lidar_interfaces/msg/detail/tracked_cone_array__functions.h
-- Up-to-date: /home/aiv/ev_ws/perception/install/lidar_interfaces/include/lidar_interfaces/lidar_interfaces/msg/detail/tracked_cone_array__type_support.h
-- Up-to-date: /home/aiv/ev_ws/perception/install/lidar_interfaces/include/lidar_interfaces/lidar_interfaces/msg/detail/cone__type_support.h
-- Up-to-date: /home/aiv/ev_ws/perception/install/lidar_interfaces/include/lidar_interfaces/lidar_interfaces/msg/detail/tracked_cone__functions.h
-- Up-to-date: /home/aiv/ev_ws/perception/install/lidar_interfaces/include/lidar_interfaces/lidar_interfaces/msg/detail/cone__functions.h
-- Up-to-date: /home/aiv/ev_ws/perception/install/lidar_interfaces/include/lidar_interfaces/lidar_interfaces/msg/detail/cone__struct.h
-- Up-to-date: /home/aiv/ev_ws/perception/install/lidar_interfaces/include/lidar_interfaces/lidar_interfaces/msg/detail/tracked_cone_array__struct.h
-- Up-to-date: /home/aiv/ev_ws/perception/install/lidar_interfaces/include/lidar_interfaces/lidar_interfaces/msg/detail/cone_array__type_support.h
-- Up-to-date: /home/aiv/ev_ws/perception/install/lidar_interfaces/include/lidar_interfaces/lidar_interfaces/msg/tracked_cone_array.h
-- Up-to-date: /home/aiv/ev_ws/perception/install/lidar_interfaces/share/lidar_interfaces/environment/library_path.sh
-- Up-to-date: /home/aiv/ev_ws/perception/install/lidar_interfaces/share/lidar_interfaces/environment/library_path.dsv
-- Up-to-date: /home/aiv/ev_ws/perception/install/lidar_interfaces/lib/liblidar_interfaces__rosidl_generator_c.so
-- Up-to-date: /home/aiv/ev_ws/perception/install/lidar_interfaces/include/lidar_interfaces/lidar_interfaces
-- Up-to-date: /home/aiv/ev_ws/perception/install/lidar_interfaces/include/lidar_interfaces/lidar_interfaces/msg
-- Up-to-date: /home/aiv/ev_ws/perception/install/lidar_interfaces/include/lidar_interfaces/lidar_interfaces/msg/rosidl_typesupport_fastrtps_c__visibility_control.h
-- Up-to-date: /home/aiv/ev_ws/perception/install/lidar_interfaces/include/lidar_interfaces/lidar_interfaces/msg/detail
-- Up-to-date: /home/aiv/ev_ws/perception/install/lidar_interfaces/include/lidar_interfaces/lidar_interfaces/msg/detail/cone__rosidl_typesupport_fastrtps_c.h
-- Up-to-date: /home/aiv/ev_ws/perception/install/lidar_interfaces/include/lidar_interfaces/lidar_interfaces/msg/detail/tracked_cone_array__rosidl_typesupport_fastrtps_c.h
-- Up-to-date: /home/aiv/ev_ws/perception/install/lidar_interfaces/include/lidar_interfaces/lidar_interfaces/msg/detail/cone_array__rosidl_typesupport_fastrtps_c.h
-- Up-to-date: /home/aiv/ev_ws/perception/install/lidar_interfaces/include/lidar_interfaces/lidar_interfaces/msg/detail/tracked_cone__rosidl_typesupport_fastrtps_c.h
-- Up-to-date: /home/aiv/ev_ws/perception/install/lidar_interfaces/lib/liblidar_interfaces__rosidl_typesupport_fastrtps_c.so
-- Up-to-date: /home/aiv/ev_ws/perception/install/lidar_interfaces/include/lidar_interfaces/lidar_interfaces
-- Up-to-date: /home/aiv/ev_ws/perception/install/lidar_interfaces/include/lidar_interfaces/lidar_interfaces/msg
-- Up-to-date: /home/aiv/ev_ws/perception/install/lidar_interfaces/include/lidar_interfaces/lidar_interfaces/msg/detail
-- Up-to-date: /home/aiv/ev_ws/perception/install/lidar_interfaces/include/lidar_interfaces/lidar_interfaces/msg/detail/tracked_cone__type_support.c
-- Up-to-date: /home/aiv/ev_ws/perception/install/lidar_interfaces/include/lidar_interfaces/lidar_interfaces/msg/detail/tracked_cone_array__rosidl_typesupport_introspection_c.h
-- Up-to-date: /home/aiv/ev_ws/perception/install/lidar_interfaces/include/lidar_interfaces/lidar_interfaces/msg/detail/cone_array__rosidl_typesupport_introspection_c.h
-- Up-to-date: /home/aiv/ev_ws/perception/install/lidar_interfaces/include/lidar_interfaces/lidar_interfaces/msg/detail/cone__type_support.c
-- Up-to-date: /home/aiv/ev_ws/perception/install/lidar_interfaces/include/lidar_interfaces/lidar_interfaces/msg/detail/cone__rosidl_typesupport_introspection_c.h
-- Up-to-date: /home/aiv/ev_ws/perception/install/lidar_interfaces/include/lidar_interfaces/lidar_interfaces/msg/detail/tracked_cone_array__type_support.c
-- Up-to-date: /home/aiv/ev_ws/perception/install/lidar_interfaces/include/lidar_interfaces/lidar_interfaces/msg/detail/tracked_cone__rosidl_typesupport_introspection_c.h
-- Up-to-date: /home/aiv/ev_ws/perception/install/lidar_interfaces/include/lidar_interfaces/lidar_interfaces/msg/detail/cone_array__type_support.c
-- Up-to-date: /home/aiv/ev_ws/perception/install/lidar_interfaces/include/lidar_interfaces/lidar_interfaces/msg/rosidl_typesupport_introspection_c__visibility_control.h
-- Up-to-date: /home/aiv/ev_ws/perception/install/lidar_interfaces/lib/liblidar_interfaces__rosidl_typesupport_introspection_c.so
-- Up-to-date: /home/aiv/ev_ws/perception/install/lidar_interfaces/lib/liblidar_interfaces__rosidl_typesupport_c.so
-- Up-to-date: /home/aiv/ev_ws/perception/install/lidar_interfaces/include/lidar_interfaces/lidar_interfaces
-- Up-to-date: /home/aiv/ev_ws/perception/install/lidar_interfaces/include/lidar_interfaces/lidar_interfaces/msg
-- Up-to-date: /home/aiv/ev_ws/perception/install/lidar_interfaces/include/lidar_interfaces/lidar_interfaces/msg/cone_array.hpp
-- Up-to-date: /home/aiv/ev_ws/perception/install/lidar_interfaces/include/lidar_interfaces/lidar_interfaces/msg/tracked_cone_array.hpp
-- Up-to-date: /home/aiv/ev_ws/perception/install/lidar_interfaces/include/lidar_interfaces/lidar_interfaces/msg/tracked_cone.hpp
-- Up-to-date: /home/aiv/ev_ws/perception/install/lidar_interfaces/include/lidar_interfaces/lidar_interfaces/msg/rosidl_generator_cpp__visibility_control.hpp
-- Up-to-date: /home/aiv/ev_ws/perception/install/lidar_interfaces/include/lidar_interfaces/lidar_interfaces/msg/detail
-- Up-to-date: /home/aiv/ev_ws/perception/install/lidar_interfaces/include/lidar_interfaces/lidar_interfaces/msg/detail/cone__builder.hpp
-- Up-to-date: /home/aiv/ev_ws/perception/install/lidar_interfaces/include/lidar_interfaces/lidar_interfaces/msg/detail/cone__type_support.hpp
-- Up-to-date: /home/aiv/ev_ws/perception/install/lidar_interfaces/include/lidar_interfaces/lidar_interfaces/msg/detail/tracked_cone__struct.hpp
-- Up-to-date: /home/aiv/ev_ws/perception/install/lidar_interfaces/include/lidar_interfaces/lidar_interfaces/msg/detail/tracked_cone__traits.hpp
-- Up-to-date: /home/aiv/ev_ws/perception/install/lidar_interfaces/include/lidar_interfaces/lidar_interfaces/msg/detail/cone__struct.hpp
-- Up-to-date: /home/aiv/ev_ws/perception/install/lidar_interfaces/include/lidar_interfaces/lidar_interfaces/msg/detail/cone_array__traits.hpp
-- Up-to-date: /home/aiv/ev_ws/perception/install/lidar_interfaces/include/lidar_interfaces/lidar_interfaces/msg/detail/tracked_cone_array__struct.hpp
-- Up-to-date: /home/aiv/ev_ws/perception/install/lidar_interfaces/include/lidar_interfaces/lidar_interfaces/msg/detail/tracked_cone_array__builder.hpp
-- Up-to-date: /home/aiv/ev_ws/perception/install/lidar_interfaces/include/lidar_interfaces/lidar_interfaces/msg/detail/tracked_cone__type_support.hpp
-- Up-to-date: /home/aiv/ev_ws/perception/install/lidar_interfaces/include/lidar_interfaces/lidar_interfaces/msg/detail/cone_array__struct.hpp
-- Up-to-date: /home/aiv/ev_ws/perception/install/lidar_interfaces/include/lidar_interfaces/lidar_interfaces/msg/detail/cone__traits.hpp
-- Up-to-date: /home/aiv/ev_ws/perception/install/lidar_interfaces/include/lidar_interfaces/lidar_interfaces/msg/detail/tracked_cone_array__traits.hpp
-- Up-to-date: /home/aiv/ev_ws/perception/install/lidar_interfaces/include/lidar_interfaces/lidar_interfaces/msg/detail/cone_array__type_support.hpp
-- Up-to-date: /home/aiv/ev_ws/perception/install/lidar_interfaces/include/lidar_interfaces/lidar_interfaces/msg/detail/cone_array__builder.hpp
-- Up-to-date: /home/aiv/ev_ws/perception/install/lidar_interfaces/include/lidar_interfaces/lidar_interfaces/msg/detail/tracked_cone__builder.hpp
-- Up-to-date: /home/aiv/ev_ws/perception/install/lidar_interfaces/include/lidar_interfaces/lidar_interfaces/msg/detail/tracked_cone_array__type_support.hpp
-- Up-to-date: /home/aiv/ev_ws/perception/install/lidar_interfaces/include/lidar_interfaces/lidar_interfaces/msg/cone.hpp
-- Up-to-date: /home/aiv/ev_ws/perception/install/lidar_interfaces/include/lidar_interfaces/lidar_interfaces
-- Up-to-date: /home/aiv/ev_ws/perception/install/lidar_interfaces/include/lidar_interfaces/lidar_interfaces/msg
-- Up-to-date: /home/aiv/ev_ws/perception/install/lidar_interfaces/include/lidar_interfaces/lidar_interfaces/msg/detail
-- Up-to-date: /home/aiv/ev_ws/perception/install/lidar_interfaces/include/lidar_interfaces/lidar_interfaces/msg/detail/dds_fastrtps
-- Up-to-date: /home/aiv/ev_ws/perception/install/lidar_interfaces/include/lidar_interfaces/lidar_interfaces/msg/detail/tracked_cone_array__rosidl_typesupport_fastrtps_cpp.hpp
-- Up-to-date: /home/aiv/ev_ws/perception/install/lidar_interfaces/include/lidar_interfaces/lidar_interfaces/msg/detail/cone__rosidl_typesupport_fastrtps_cpp.hpp
-- Up-to-date: /home/aiv/ev_ws/perception/install/lidar_interfaces/include/lidar_interfaces/lidar_interfaces/msg/detail/cone_array__rosidl_typesupport_fastrtps_cpp.hpp
-- Up-to-date: /home/aiv/ev_ws/perception/install/lidar_interfaces/include/lidar_interfaces/lidar_interfaces/msg/detail/tracked_cone__rosidl_typesupport_fastrtps_cpp.hpp
-- Up-to-date: /home/aiv/ev_ws/perception/install/lidar_interfaces/include/lidar_interfaces/lidar_interfaces/msg/rosidl_typesupport_fastrtps_cpp__visibility_control.h
-- Up-to-date: /home/aiv/ev_ws/perception/install/lidar_interfaces/lib/liblidar_interfaces__rosidl_typesupport_fastrtps_cpp.so
-- Up-to-date: /home/aiv/ev_ws/perception/install/lidar_interfaces/include/lidar_interfaces/lidar_interfaces
-- Up-to-date: /home/aiv/ev_ws/perception/install/lidar_interfaces/include/lidar_interfaces/lidar_interfaces/msg
-- Up-to-date: /home/aiv/ev_ws/perception/install/lidar_interfaces/include/lidar_interfaces/lidar_interfaces/msg/detail
-- Up-to-date: /home/aiv/ev_ws/perception/install/lidar_interfaces/include/lidar_interfaces/lidar_interfaces/msg/detail/tracked_cone__rosidl_typesupport_introspection_cpp.hpp
-- Up-to-date: /home/aiv/ev_ws/perception/install/lidar_interfaces/include/lidar_interfaces/lidar_interfaces/msg/detail/tracked_cone_array__type_support.cpp
-- Up-to-date: /home/aiv/ev_ws/perception/install/lidar_interfaces/include/lidar_interfaces/lidar_interfaces/msg/detail/cone__type_support.cpp
-- Up-to-date: /home/aiv/ev_ws/perception/install/lidar_interfaces/include/lidar_interfaces/lidar_interfaces/msg/detail/tracked_cone__type_support.cpp
-- Up-to-date: /home/aiv/ev_ws/perception/install/lidar_interfaces/include/lidar_interfaces/lidar_interfaces/msg/detail/cone_array__rosidl_typesupport_introspection_cpp.hpp
-- Up-to-date: /home/aiv/ev_ws/perception/install/lidar_interfaces/include/lidar_interfaces/lidar_interfaces/msg/detail/cone_array__type_support.cpp
-- Up-to-date: /home/aiv/ev_ws/perception/install/lidar_interfaces/include/lidar_interfaces/lidar_interfaces/msg/detail/tracked_cone_array__rosidl_typesupport_introspection_cpp.hpp
-- Up-to-date: /home/aiv/ev_ws/perception/install/lidar_interfaces/include/lidar_interfaces/lidar_interfaces/msg/detail/cone__rosidl_typesupport_introspection_cpp.hpp
-- Up-to-date: /home/aiv/ev_ws/perception/install/lidar_interfaces/lib/liblidar_interfaces__rosidl_typesupport_introspection_cpp.so
-- Up-to-date: /home/aiv/ev_ws/perception/install/lidar_interfaces/lib/liblidar_interfaces__rosidl_typesupport_cpp.so
-- Up-to-date: /home/aiv/ev_ws/perception/install/lidar_interfaces/share/lidar_interfaces/environment/pythonpath.sh
-- Up-to-date: /home/aiv/ev_ws/perception/install/lidar_interfaces/share/lidar_interfaces/environment/pythonpath.dsv
-- Up-to-date: /home/aiv/ev_ws/perception/install/lidar_interfaces/local/lib/python3.10/dist-packages/lidar_interfaces-0.0.0-py3.10.egg-info
-- Installing: /home/aiv/ev_ws/perception/install/lidar_interfaces/local/lib/python3.10/dist-packages/lidar_interfaces-0.0.0-py3.10.egg-info/PKG-INFO
-- Installing: /home/aiv/ev_ws/perception/install/lidar_interfaces/local/lib/python3.10/dist-packages/lidar_interfaces-0.0.0-py3.10.egg-info/top_level.txt
-- Installing: /home/aiv/ev_ws/perception/install/lidar_interfaces/local/lib/python3.10/dist-packages/lidar_interfaces-0.0.0-py3.10.egg-info/SOURCES.txt
-- Installing: /home/aiv/ev_ws/perception/install/lidar_interfaces/local/lib/python3.10/dist-packages/lidar_interfaces-0.0.0-py3.10.egg-info/dependency_links.txt
-- Up-to-date: /home/aiv/ev_ws/perception/install/lidar_interfaces/local/lib/python3.10/dist-packages/lidar_interfaces
-- Up-to-date: /home/aiv/ev_ws/perception/install/lidar_interfaces/local/lib/python3.10/dist-packages/lidar_interfaces/lidar_interfaces_s__rosidl_typesupport_introspection_c.cpython-310-x86_64-linux-gnu.so
-- Up-to-date: /home/aiv/ev_ws/perception/install/lidar_interfaces/local/lib/python3.10/dist-packages/lidar_interfaces/_lidar_interfaces_s.ep.rosidl_typesupport_c.c
-- Up-to-date: /home/aiv/ev_ws/perception/install/lidar_interfaces/local/lib/python3.10/dist-packages/lidar_interfaces/__init__.py
-- Up-to-date: /home/aiv/ev_ws/perception/install/lidar_interfaces/local/lib/python3.10/dist-packages/lidar_interfaces/_lidar_interfaces_s.ep.rosidl_typesupport_fastrtps_c.c
-- Up-to-date: /home/aiv/ev_ws/perception/install/lidar_interfaces/local/lib/python3.10/dist-packages/lidar_interfaces/msg
-- Up-to-date: /home/aiv/ev_ws/perception/install/lidar_interfaces/local/lib/python3.10/dist-packages/lidar_interfaces/msg/_cone_array.py
-- Up-to-date: /home/aiv/ev_ws/perception/install/lidar_interfaces/local/lib/python3.10/dist-packages/lidar_interfaces/msg/_tracked_cone.py
-- Up-to-date: /home/aiv/ev_ws/perception/install/lidar_interfaces/local/lib/python3.10/dist-packages/lidar_interfaces/msg/__init__.py
-- Up-to-date: /home/aiv/ev_ws/perception/install/lidar_interfaces/local/lib/python3.10/dist-packages/lidar_interfaces/msg/_tracked_cone_array.py
-- Up-to-date: /home/aiv/ev_ws/perception/install/lidar_interfaces/local/lib/python3.10/dist-packages/lidar_interfaces/msg/_cone_array_s.c
-- Up-to-date: /home/aiv/ev_ws/perception/install/lidar_interfaces/local/lib/python3.10/dist-packages/lidar_interfaces/msg/_tracked_cone_array_s.c
-- Up-to-date: /home/aiv/ev_ws/perception/install/lidar_interfaces/local/lib/python3.10/dist-packages/lidar_interfaces/msg/_tracked_cone_s.c
-- Up-to-date: /home/aiv/ev_ws/perception/install/lidar_interfaces/local/lib/python3.10/dist-packages/lidar_interfaces/msg/_cone_s.c
-- Up-to-date: /home/aiv/ev_ws/perception/install/lidar_interfaces/local/lib/python3.10/dist-packages/lidar_interfaces/msg/_cone.py
-- Up-to-date: /home/aiv/ev_ws/perception/install/lidar_interfaces/local/lib/python3.10/dist-packages/lidar_interfaces/lidar_interfaces_s__rosidl_typesupport_c.cpython-310-x86_64-linux-gnu.so
-- Up-to-date: /home/aiv/ev_ws/perception/install/lidar_interfaces/local/lib/python3.10/dist-packages/lidar_interfaces/liblidar_interfaces__rosidl_generator_py.so
-- Up-to-date: /home/aiv/ev_ws/perception/install/lidar_interfaces/local/lib/python3.10/dist-packages/lidar_interfaces/lidar_interfaces_s__rosidl_typesupport_fastrtps_c.cpython-310-x86_64-linux-gnu.so
-- Up-to-date: /home/aiv/ev_ws/perception/install/lidar_interfaces/local/lib/python3.10/dist-packages/lidar_interfaces/_lidar_interfaces_s.ep.rosidl_typesupport_introspection_c.c
Listing '/home/aiv/ev_ws/perception/install/lidar_interfaces/local/lib/python3.10/dist-packages/lidar_interfaces'...
Listing '/home/aiv/ev_ws/perception/install/lidar_interfaces/local/lib/python3.10/dist-packages/lidar_interfaces/msg'...
-- Up-to-date: /home/aiv/ev_ws/perception/install/lidar_interfaces/local/lib/python3.10/dist-packages/lidar_interfaces/lidar_interfaces_s__rosidl_typesupport_fastrtps_c.cpython-310-x86_64-linux-gnu.so
-- Up-to-date: /home/aiv/ev_ws/perception/install/lidar_interfaces/local/lib/python3.10/dist-packages/lidar_interfaces/lidar_interfaces_s__rosidl_typesupport_introspection_c.cpython-310-x86_64-linux-gnu.so
-- Up-to-date: /home/aiv/ev_ws/perception/install/lidar_interfaces/local/lib/python3.10/dist-packages/lidar_interfaces/lidar_interfaces_s__rosidl_typesupport_c.cpython-310-x86_64-linux-gnu.so
-- Up-to-date: /home/aiv/ev_ws/perception/install/lidar_interfaces/lib/liblidar_interfaces__rosidl_generator_py.so
-- Up-to-date: /home/aiv/ev_ws/perception/install/lidar_interfaces/share/lidar_interfaces/msg/Cone.idl
-- Up-to-date: /home/aiv/ev_ws/perception/install/lidar_interfaces/share/lidar_interfaces/msg/ConeArray.idl
-- Up-to-date: /home/aiv/ev_ws/perception/install/lidar_interfaces/share/lidar_interfaces/msg/TrackedCone.idl
-- Up-to-date: /home/aiv/ev_ws/perception/install/lidar_interfaces/share/lidar_interfaces/msg/TrackedConeArray.idl
-- Up-to-date: /home/aiv/ev_ws/perception/install/lidar_interfaces/share/lidar_interfaces/msg/Cone.msg
-- Up-to-date: /home/aiv/ev_ws/perception/install/lidar_interfaces/share/lidar_interfaces/msg/ConeArray.msg
-- Up-to-date: /home/aiv/ev_ws/perception/install/lidar_interfaces/share/lidar_interfaces/msg/TrackedCone.msg
-- Up-to-date: /home/aiv/ev_ws/perception/install/lidar_interfaces/share/lidar_interfaces/msg/TrackedConeArray.msg
-- Up-to-date: /home/aiv/ev_ws/perception/install/lidar_interfaces/share/ament_index/resource_index/package_run_dependencies/lidar_interfaces
-- Up-to-date: /home/aiv/ev_ws/perception/install/lidar_interfaces/share/ament_index/resource_index/parent_prefix_path/lidar_interfaces
-- Up-to-date: /home/aiv/ev_ws/perception/install/lidar_interfaces/share/lidar_interfaces/environment/ament_prefix_path.sh
-- Up-to-date: /home/aiv/ev_ws/perception/install/lidar_interfaces/share/lidar_interfaces/environment/ament_prefix_path.dsv
-- Up-to-date: /home/aiv/ev_ws/perception/install/lidar_interfaces/share/lidar_interfaces/environment/path.sh
-- Up-to-date: /home/aiv/ev_ws/perception/install/lidar_interfaces/share/lidar_interfaces/environment/path.dsv
-- Up-to-date: /home/aiv/ev_ws/perception/install/lidar_interfaces/share/lidar_interfaces/local_setup.bash
-- Up-to-date: /home/aiv/ev_ws/perception/install/lidar_interfaces/share/lidar_interfaces/local_setup.sh
-- Up-to-date: /home/aiv/ev_ws/perception/install/lidar_interfaces/share/lidar_interfaces/local_setup.zsh
-- Up-to-date: /home/aiv/ev_ws/perception/install/lidar_interfaces/share/lidar_interfaces/local_setup.dsv
-- Installing: /home/aiv/ev_ws/perception/install/lidar_interfaces/share/lidar_interfaces/package.dsv
-- Up-to-date: /home/aiv/ev_ws/perception/install/lidar_interfaces/share/ament_index/resource_index/packages/lidar_interfaces
-- Up-to-date: /home/aiv/ev_ws/perception/install/lidar_interfaces/share/lidar_interfaces/cmake/export_lidar_interfaces__rosidl_generator_cExport.cmake
-- Up-to-date: /home/aiv/ev_ws/perception/install/lidar_interfaces/share/lidar_interfaces/cmake/export_lidar_interfaces__rosidl_generator_cExport-noconfig.cmake
-- Up-to-date: /home/aiv/ev_ws/perception/install/lidar_interfaces/share/lidar_interfaces/cmake/export_lidar_interfaces__rosidl_typesupport_fastrtps_cExport.cmake
-- Up-to-date: /home/aiv/ev_ws/perception/install/lidar_interfaces/share/lidar_interfaces/cmake/export_lidar_interfaces__rosidl_typesupport_fastrtps_cExport-noconfig.cmake
-- Up-to-date: /home/aiv/ev_ws/perception/install/lidar_interfaces/share/lidar_interfaces/cmake/lidar_interfaces__rosidl_typesupport_introspection_cExport.cmake
-- Up-to-date: /home/aiv/ev_ws/perception/install/lidar_interfaces/share/lidar_interfaces/cmake/lidar_interfaces__rosidl_typesupport_introspection_cExport-noconfig.cmake
-- Up-to-date: /home/aiv/ev_ws/perception/install/lidar_interfaces/share/lidar_interfaces/cmake/lidar_interfaces__rosidl_typesupport_cExport.cmake
-- Up-to-date: /home/aiv/ev_ws/perception/install/lidar_interfaces/share/lidar_interfaces/cmake/lidar_interfaces__rosidl_typesupport_cExport-noconfig.cmake
-- Up-to-date: /home/aiv/ev_ws/perception/install/lidar_interfaces/share/lidar_interfaces/cmake/export_lidar_interfaces__rosidl_generator_cppExport.cmake
-- Up-to-date: /home/aiv/ev_ws/perception/install/lidar_interfaces/share/lidar_interfaces/cmake/export_lidar_interfaces__rosidl_typesupport_fastrtps_cppExport.cmake
-- Up-to-date: /home/aiv/ev_ws/perception/install/lidar_interfaces/share/lidar_interfaces/cmake/export_lidar_interfaces__rosidl_typesupport_fastrtps_cppExport-noconfig.cmake
-- Up-to-date: /home/aiv/ev_ws/perception/install/lidar_interfaces/share/lidar_interfaces/cmake/lidar_interfaces__rosidl_typesupport_introspection_cppExport.cmake
-- Up-to-date: /home/aiv/ev_ws/perception/install/lidar_interfaces/share/lidar_interfaces/cmake/lidar_interfaces__rosidl_typesupport_introspection_cppExport-noconfig.cmake
-- Up-to-date: /home/aiv/ev_ws/perception/install/lidar_interfaces/share/lidar_interfaces/cmake/lidar_interfaces__rosidl_typesupport_cppExport.cmake
-- Up-to-date: /home/aiv/ev_ws/perception/install/lidar_interfaces/share/lidar_interfaces/cmake/lidar_interfaces__rosidl_typesupport_cppExport-noconfig.cmake
-- Up-to-date: /home/aiv/ev_ws/perception/install/lidar_interfaces/share/lidar_interfaces/cmake/export_lidar_interfaces__rosidl_generator_pyExport.cmake
-- Up-to-date: /home/aiv/ev_ws/perception/install/lidar_interfaces/share/lidar_interfaces/cmake/export_lidar_interfaces__rosidl_generator_pyExport-noconfig.cmake
-- Up-to-date: /home/aiv/ev_ws/perception/install/lidar_interfaces/share/lidar_interfaces/cmake/rosidl_cmake-extras.cmake
-- Up-to-date: /home/aiv/ev_ws/perception/install/lidar_interfaces/share/lidar_interfaces/cmake/ament_cmake_export_dependencies-extras.cmake
-- Up-to-date: /home/aiv/ev_ws/perception/install/lidar_interfaces/share/lidar_interfaces/cmake/ament_cmake_export_include_directories-extras.cmake
-- Up-to-date: /home/aiv/ev_ws/perception/install/lidar_interfaces/share/lidar_interfaces/cmake/ament_cmake_export_libraries-extras.cmake
-- Up-to-date: /home/aiv/ev_ws/perception/install/lidar_interfaces/share/lidar_interfaces/cmake/ament_cmake_export_targets-extras.cmake
-- Up-to-date: /home/aiv/ev_ws/perception/install/lidar_interfaces/share/lidar_interfaces/cmake/rosidl_cmake_export_typesupport_targets-extras.cmake
-- Up-to-date: /home/aiv/ev_ws/perception/install/lidar_interfaces/share/lidar_interfaces/cmake/rosidl_cmake_export_typesupport_libraries-extras.cmake
-- Up-to-date: /home/aiv/ev_ws/perception/install/lidar_interfaces/share/lidar_interfaces/cmake/lidar_interfacesConfig.cmake
-- Up-to-date: /home/aiv/ev_ws/perception/install/lidar_interfaces/share/lidar_interfaces/cmake/lidar_interfacesConfig-version.cmake
-- Up-to-date: /home/aiv/ev_ws/perception/install/lidar_interfaces/share/lidar_interfaces/package.xml
