[0.007s] Invoking command in '/home/aiv/ev_ws/perception/build/cluster_filter': AMENT_PREFIX_PATH=/home/aiv/ev_ws/perception/install/lidar_interfaces:${AMENT_PREFIX_PATH} CMAKE_PREFIX_PATH=/home/aiv/ev_ws/perception/install/lidar_interfaces:/home/aiv/ev_ws/carsa_gazebo/install/carsa_gazebo:/home/aiv/ev_ws/erp42_ros/install/erp42_serial:/home/aiv/ev_ws/erp42_ros/install/erp42_rqt_plugin:/home/aiv/ev_ws/erp42_ros/install/erp42_gazebo:/home/aiv/ev_ws/erp42_ros/install/erp42_util:/home/aiv/ev_ws/erp42_ros/install/erp42_msgs:/home/aiv/ev_ws/erp42_ros/install/erp42_description:/home/aiv/ev_ws/erp42_ros/install/erp42_cmake:/opt/ros/humble LD_LIBRARY_PATH=/home/aiv/ev_ws/perception/install/lidar_interfaces/lib:${LD_LIBRARY_PATH} PYTHONPATH=/home/aiv/ev_ws/perception/install/lidar_interfaces/local/lib/python3.10/dist-packages:${PYTHONPATH} /usr/bin/cmake --build /home/aiv/ev_ws/perception/build/cluster_filter -- -j28 -l28
[0.039s] [100%] Built target filter_component
[0.046s] Invoked command in '/home/aiv/ev_ws/perception/build/cluster_filter' returned '0': AMENT_PREFIX_PATH=/home/aiv/ev_ws/perception/install/lidar_interfaces:${AMENT_PREFIX_PATH} CMAKE_PREFIX_PATH=/home/aiv/ev_ws/perception/install/lidar_interfaces:/home/aiv/ev_ws/carsa_gazebo/install/carsa_gazebo:/home/aiv/ev_ws/erp42_ros/install/erp42_serial:/home/aiv/ev_ws/erp42_ros/install/erp42_rqt_plugin:/home/aiv/ev_ws/erp42_ros/install/erp42_gazebo:/home/aiv/ev_ws/erp42_ros/install/erp42_util:/home/aiv/ev_ws/erp42_ros/install/erp42_msgs:/home/aiv/ev_ws/erp42_ros/install/erp42_description:/home/aiv/ev_ws/erp42_ros/install/erp42_cmake:/opt/ros/humble LD_LIBRARY_PATH=/home/aiv/ev_ws/perception/install/lidar_interfaces/lib:${LD_LIBRARY_PATH} PYTHONPATH=/home/aiv/ev_ws/perception/install/lidar_interfaces/local/lib/python3.10/dist-packages:${PYTHONPATH} /usr/bin/cmake --build /home/aiv/ev_ws/perception/build/cluster_filter -- -j28 -l28
[0.048s] Invoking command in '/home/aiv/ev_ws/perception/build/cluster_filter': AMENT_PREFIX_PATH=/home/aiv/ev_ws/perception/install/lidar_interfaces:${AMENT_PREFIX_PATH} CMAKE_PREFIX_PATH=/home/aiv/ev_ws/perception/install/lidar_interfaces:/home/aiv/ev_ws/carsa_gazebo/install/carsa_gazebo:/home/aiv/ev_ws/erp42_ros/install/erp42_serial:/home/aiv/ev_ws/erp42_ros/install/erp42_rqt_plugin:/home/aiv/ev_ws/erp42_ros/install/erp42_gazebo:/home/aiv/ev_ws/erp42_ros/install/erp42_util:/home/aiv/ev_ws/erp42_ros/install/erp42_msgs:/home/aiv/ev_ws/erp42_ros/install/erp42_description:/home/aiv/ev_ws/erp42_ros/install/erp42_cmake:/opt/ros/humble LD_LIBRARY_PATH=/home/aiv/ev_ws/perception/install/lidar_interfaces/lib:${LD_LIBRARY_PATH} PYTHONPATH=/home/aiv/ev_ws/perception/install/lidar_interfaces/local/lib/python3.10/dist-packages:${PYTHONPATH} /usr/bin/cmake --install /home/aiv/ev_ws/perception/build/cluster_filter
[0.052s] -- Install configuration: ""
[0.052s] -- Up-to-date: /home/aiv/ev_ws/perception/install/cluster_filter/lib/libfilter_component.so
[0.052s] -- Up-to-date: /home/aiv/ev_ws/perception/install/cluster_filter/include
[0.052s] -- Up-to-date: /home/aiv/ev_ws/perception/install/cluster_filter/include/cluster_filter
[0.052s] -- Up-to-date: /home/aiv/ev_ws/perception/install/cluster_filter/include/cluster_filter/filter_component.hpp
[0.053s] -- Up-to-date: /home/aiv/ev_ws/perception/install/cluster_filter/share/cluster_filter/config
[0.053s] -- Up-to-date: /home/aiv/ev_ws/perception/install/cluster_filter/share/cluster_filter/config/filter_params.yaml
[0.053s] -- Up-to-date: /home/aiv/ev_ws/perception/install/cluster_filter/share/cluster_filter/environment/library_path.sh
[0.053s] -- Up-to-date: /home/aiv/ev_ws/perception/install/cluster_filter/share/cluster_filter/environment/library_path.dsv
[0.053s] -- Up-to-date: /home/aiv/ev_ws/perception/install/cluster_filter/share/ament_index/resource_index/package_run_dependencies/cluster_filter
[0.053s] -- Up-to-date: /home/aiv/ev_ws/perception/install/cluster_filter/share/ament_index/resource_index/parent_prefix_path/cluster_filter
[0.053s] -- Up-to-date: /home/aiv/ev_ws/perception/install/cluster_filter/share/cluster_filter/environment/ament_prefix_path.sh
[0.053s] -- Up-to-date: /home/aiv/ev_ws/perception/install/cluster_filter/share/cluster_filter/environment/ament_prefix_path.dsv
[0.053s] -- Up-to-date: /home/aiv/ev_ws/perception/install/cluster_filter/share/cluster_filter/environment/path.sh
[0.053s] -- Up-to-date: /home/aiv/ev_ws/perception/install/cluster_filter/share/cluster_filter/environment/path.dsv
[0.053s] -- Up-to-date: /home/aiv/ev_ws/perception/install/cluster_filter/share/cluster_filter/local_setup.bash
[0.053s] -- Up-to-date: /home/aiv/ev_ws/perception/install/cluster_filter/share/cluster_filter/local_setup.sh
[0.053s] -- Up-to-date: /home/aiv/ev_ws/perception/install/cluster_filter/share/cluster_filter/local_setup.zsh
[0.054s] -- Up-to-date: /home/aiv/ev_ws/perception/install/cluster_filter/share/cluster_filter/local_setup.dsv
[0.054s] -- Installing: /home/aiv/ev_ws/perception/install/cluster_filter/share/cluster_filter/package.dsv
[0.054s] -- Up-to-date: /home/aiv/ev_ws/perception/install/cluster_filter/share/ament_index/resource_index/packages/cluster_filter
[0.054s] -- Up-to-date: /home/aiv/ev_ws/perception/install/cluster_filter/share/ament_index/resource_index/rclcpp_components/cluster_filter
[0.054s] -- Up-to-date: /home/aiv/ev_ws/perception/install/cluster_filter/share/cluster_filter/cmake/ament_cmake_export_include_directories-extras.cmake
[0.054s] -- Up-to-date: /home/aiv/ev_ws/perception/install/cluster_filter/share/cluster_filter/cmake/ament_cmake_export_libraries-extras.cmake
[0.054s] -- Up-to-date: /home/aiv/ev_ws/perception/install/cluster_filter/share/cluster_filter/cmake/ament_cmake_export_dependencies-extras.cmake
[0.054s] -- Up-to-date: /home/aiv/ev_ws/perception/install/cluster_filter/share/cluster_filter/cmake/cluster_filterConfig.cmake
[0.054s] -- Up-to-date: /home/aiv/ev_ws/perception/install/cluster_filter/share/cluster_filter/cmake/cluster_filterConfig-version.cmake
[0.054s] -- Up-to-date: /home/aiv/ev_ws/perception/install/cluster_filter/share/cluster_filter/package.xml
[0.057s] Invoked command in '/home/aiv/ev_ws/perception/build/cluster_filter' returned '0': AMENT_PREFIX_PATH=/home/aiv/ev_ws/perception/install/lidar_interfaces:${AMENT_PREFIX_PATH} CMAKE_PREFIX_PATH=/home/aiv/ev_ws/perception/install/lidar_interfaces:/home/aiv/ev_ws/carsa_gazebo/install/carsa_gazebo:/home/aiv/ev_ws/erp42_ros/install/erp42_serial:/home/aiv/ev_ws/erp42_ros/install/erp42_rqt_plugin:/home/aiv/ev_ws/erp42_ros/install/erp42_gazebo:/home/aiv/ev_ws/erp42_ros/install/erp42_util:/home/aiv/ev_ws/erp42_ros/install/erp42_msgs:/home/aiv/ev_ws/erp42_ros/install/erp42_description:/home/aiv/ev_ws/erp42_ros/install/erp42_cmake:/opt/ros/humble LD_LIBRARY_PATH=/home/aiv/ev_ws/perception/install/lidar_interfaces/lib:${LD_LIBRARY_PATH} PYTHONPATH=/home/aiv/ev_ws/perception/install/lidar_interfaces/local/lib/python3.10/dist-packages:${PYTHONPATH} /usr/bin/cmake --install /home/aiv/ev_ws/perception/build/cluster_filter
