[0.076s] DEBUG:colcon:Command line arguments: ['/usr/bin/colcon', 'build', '--packages-select', 'lidar_clustering', 'cluster_filter', '--allow-overriding', 'lidar_clustering', 'cluster_filter']
[0.076s] DEBUG:colcon:Parsed command line arguments: Namespace(log_base=None, log_level=None, verb_name='build', build_base='build', install_base='install', merge_install=False, symlink_install=False, test_result_base=None, continue_on_error=False, executor='parallel', parallel_workers=28, event_handlers=None, ignore_user_meta=False, metas=['./colcon.meta'], base_paths=['.'], packages_ignore=None, packages_ignore_regex=None, paths=None, packages_up_to=None, packages_up_to_regex=None, packages_above=None, packages_above_and_dependencies=None, packages_above_depth=None, packages_select_by_dep=None, packages_skip_by_dep=None, packages_skip_up_to=None, packages_select_build_failed=False, packages_skip_build_finished=False, packages_select_test_failures=False, packages_skip_test_passed=False, packages_select=['lidar_clustering', 'cluster_filter'], packages_skip=None, packages_select_regex=None, packages_skip_regex=None, packages_start=None, packages_end=None, allow_overriding=['lidar_clustering', 'cluster_filter'], cmake_args=None, cmake_target=None, cmake_target_skip_unavailable=False, cmake_clean_cache=False, cmake_clean_first=False, cmake_force_configure=False, ament_cmake_args=None, catkin_cmake_args=None, catkin_skip_building_tests=False, mixin_files=None, mixin=None, verb_parser=<colcon_mixin.mixin.mixin_argument.MixinArgumentDecorator object at 0x74381b2846a0>, verb_extension=<colcon_core.verb.build.BuildVerb object at 0x74381b284130>, main=<bound method BuildVerb.main of <colcon_core.verb.build.BuildVerb object at 0x74381b284130>>, mixin_verb=('build',))
[0.205s] Level 1:colcon.colcon_core.package_discovery:discover_packages(colcon_meta) check parameters
[0.205s] Level 1:colcon.colcon_core.package_discovery:discover_packages(recursive) check parameters
[0.205s] Level 1:colcon.colcon_core.package_discovery:discover_packages(ignore) check parameters
[0.205s] Level 1:colcon.colcon_core.package_discovery:discover_packages(path) check parameters
[0.205s] Level 1:colcon.colcon_core.package_discovery:discover_packages(colcon_meta) discover
[0.205s] Level 1:colcon.colcon_core.package_discovery:discover_packages(recursive) discover
[0.205s] INFO:colcon.colcon_core.package_discovery:Crawling recursively for packages in '/home/aiv/ev_ws/ros2_ver2'
[0.205s] Level 1:colcon.colcon_core.package_identification:_identify(.) by extensions ['ignore', 'ignore_ament_install']
[0.205s] Level 1:colcon.colcon_core.package_identification:_identify(.) by extension 'ignore'
[0.205s] Level 1:colcon.colcon_core.package_identification:_identify(.) by extension 'ignore_ament_install'
[0.205s] Level 1:colcon.colcon_core.package_identification:_identify(.) by extensions ['colcon_pkg']
[0.205s] Level 1:colcon.colcon_core.package_identification:_identify(.) by extension 'colcon_pkg'
[0.205s] Level 1:colcon.colcon_core.package_identification:_identify(.) by extensions ['colcon_meta']
[0.205s] Level 1:colcon.colcon_core.package_identification:_identify(.) by extension 'colcon_meta'
[0.205s] Level 1:colcon.colcon_core.package_identification:_identify(.) by extensions ['ros']
[0.205s] Level 1:colcon.colcon_core.package_identification:_identify(.) by extension 'ros'
[0.211s] Level 1:colcon.colcon_core.package_identification:_identify(.) by extensions ['cmake', 'python']
[0.212s] Level 1:colcon.colcon_core.package_identification:_identify(.) by extension 'cmake'
[0.212s] Level 1:colcon.colcon_core.package_identification:_identify(.) by extension 'python'
[0.212s] Level 1:colcon.colcon_core.package_identification:_identify(.) by extensions ['python_setup_py']
[0.212s] Level 1:colcon.colcon_core.package_identification:_identify(.) by extension 'python_setup_py'
[0.212s] Level 1:colcon.colcon_core.package_identification:_identify(build) by extensions ['ignore', 'ignore_ament_install']
[0.212s] Level 1:colcon.colcon_core.package_identification:_identify(build) by extension 'ignore'
[0.212s] Level 1:colcon.colcon_core.package_identification:_identify(build) ignored
[0.212s] Level 1:colcon.colcon_core.package_identification:_identify(install) by extensions ['ignore', 'ignore_ament_install']
[0.212s] Level 1:colcon.colcon_core.package_identification:_identify(install) by extension 'ignore'
[0.212s] Level 1:colcon.colcon_core.package_identification:_identify(install) ignored
[0.212s] Level 1:colcon.colcon_core.package_identification:_identify(log) by extensions ['ignore', 'ignore_ament_install']
[0.212s] Level 1:colcon.colcon_core.package_identification:_identify(log) by extension 'ignore'
[0.212s] Level 1:colcon.colcon_core.package_identification:_identify(log) ignored
[0.212s] Level 1:colcon.colcon_core.package_identification:_identify(rosbag) by extensions ['ignore', 'ignore_ament_install']
[0.212s] Level 1:colcon.colcon_core.package_identification:_identify(rosbag) by extension 'ignore'
[0.212s] Level 1:colcon.colcon_core.package_identification:_identify(rosbag) by extension 'ignore_ament_install'
[0.212s] Level 1:colcon.colcon_core.package_identification:_identify(rosbag) by extensions ['colcon_pkg']
[0.212s] Level 1:colcon.colcon_core.package_identification:_identify(rosbag) by extension 'colcon_pkg'
[0.212s] Level 1:colcon.colcon_core.package_identification:_identify(rosbag) by extensions ['colcon_meta']
[0.212s] Level 1:colcon.colcon_core.package_identification:_identify(rosbag) by extension 'colcon_meta'
[0.212s] Level 1:colcon.colcon_core.package_identification:_identify(rosbag) by extensions ['ros']
[0.212s] Level 1:colcon.colcon_core.package_identification:_identify(rosbag) by extension 'ros'
[0.212s] Level 1:colcon.colcon_core.package_identification:_identify(rosbag) by extensions ['cmake', 'python']
[0.212s] Level 1:colcon.colcon_core.package_identification:_identify(rosbag) by extension 'cmake'
[0.212s] Level 1:colcon.colcon_core.package_identification:_identify(rosbag) by extension 'python'
[0.212s] Level 1:colcon.colcon_core.package_identification:_identify(rosbag) by extensions ['python_setup_py']
[0.212s] Level 1:colcon.colcon_core.package_identification:_identify(rosbag) by extension 'python_setup_py'
[0.212s] Level 1:colcon.colcon_core.package_identification:_identify(rosbag/0214) by extensions ['ignore', 'ignore_ament_install']
[0.212s] Level 1:colcon.colcon_core.package_identification:_identify(rosbag/0214) by extension 'ignore'
[0.212s] Level 1:colcon.colcon_core.package_identification:_identify(rosbag/0214) by extension 'ignore_ament_install'
[0.212s] Level 1:colcon.colcon_core.package_identification:_identify(rosbag/0214) by extensions ['colcon_pkg']
[0.212s] Level 1:colcon.colcon_core.package_identification:_identify(rosbag/0214) by extension 'colcon_pkg'
[0.212s] Level 1:colcon.colcon_core.package_identification:_identify(rosbag/0214) by extensions ['colcon_meta']
[0.212s] Level 1:colcon.colcon_core.package_identification:_identify(rosbag/0214) by extension 'colcon_meta'
[0.212s] Level 1:colcon.colcon_core.package_identification:_identify(rosbag/0214) by extensions ['ros']
[0.212s] Level 1:colcon.colcon_core.package_identification:_identify(rosbag/0214) by extension 'ros'
[0.212s] Level 1:colcon.colcon_core.package_identification:_identify(rosbag/0214) by extensions ['cmake', 'python']
[0.212s] Level 1:colcon.colcon_core.package_identification:_identify(rosbag/0214) by extension 'cmake'
[0.212s] Level 1:colcon.colcon_core.package_identification:_identify(rosbag/0214) by extension 'python'
[0.212s] Level 1:colcon.colcon_core.package_identification:_identify(rosbag/0214) by extensions ['python_setup_py']
[0.212s] Level 1:colcon.colcon_core.package_identification:_identify(rosbag/0214) by extension 'python_setup_py'
[0.212s] Level 1:colcon.colcon_core.package_identification:_identify(rosbag/trimmed) by extensions ['ignore', 'ignore_ament_install']
[0.212s] Level 1:colcon.colcon_core.package_identification:_identify(rosbag/trimmed) by extension 'ignore'
[0.213s] Level 1:colcon.colcon_core.package_identification:_identify(rosbag/trimmed) by extension 'ignore_ament_install'
[0.213s] Level 1:colcon.colcon_core.package_identification:_identify(rosbag/trimmed) by extensions ['colcon_pkg']
[0.213s] Level 1:colcon.colcon_core.package_identification:_identify(rosbag/trimmed) by extension 'colcon_pkg'
[0.213s] Level 1:colcon.colcon_core.package_identification:_identify(rosbag/trimmed) by extensions ['colcon_meta']
[0.213s] Level 1:colcon.colcon_core.package_identification:_identify(rosbag/trimmed) by extension 'colcon_meta'
[0.213s] Level 1:colcon.colcon_core.package_identification:_identify(rosbag/trimmed) by extensions ['ros']
[0.213s] Level 1:colcon.colcon_core.package_identification:_identify(rosbag/trimmed) by extension 'ros'
[0.213s] Level 1:colcon.colcon_core.package_identification:_identify(rosbag/trimmed) by extensions ['cmake', 'python']
[0.213s] Level 1:colcon.colcon_core.package_identification:_identify(rosbag/trimmed) by extension 'cmake'
[0.213s] Level 1:colcon.colcon_core.package_identification:_identify(rosbag/trimmed) by extension 'python'
[0.213s] Level 1:colcon.colcon_core.package_identification:_identify(rosbag/trimmed) by extensions ['python_setup_py']
[0.213s] Level 1:colcon.colcon_core.package_identification:_identify(rosbag/trimmed) by extension 'python_setup_py'
[0.213s] Level 1:colcon.colcon_core.package_identification:_identify(src) by extensions ['ignore', 'ignore_ament_install']
[0.213s] Level 1:colcon.colcon_core.package_identification:_identify(src) by extension 'ignore'
[0.213s] Level 1:colcon.colcon_core.package_identification:_identify(src) by extension 'ignore_ament_install'
[0.213s] Level 1:colcon.colcon_core.package_identification:_identify(src) by extensions ['colcon_pkg']
[0.213s] Level 1:colcon.colcon_core.package_identification:_identify(src) by extension 'colcon_pkg'
[0.213s] Level 1:colcon.colcon_core.package_identification:_identify(src) by extensions ['colcon_meta']
[0.213s] Level 1:colcon.colcon_core.package_identification:_identify(src) by extension 'colcon_meta'
[0.213s] Level 1:colcon.colcon_core.package_identification:_identify(src) by extensions ['ros']
[0.213s] Level 1:colcon.colcon_core.package_identification:_identify(src) by extension 'ros'
[0.213s] Level 1:colcon.colcon_core.package_identification:_identify(src) by extensions ['cmake', 'python']
[0.213s] Level 1:colcon.colcon_core.package_identification:_identify(src) by extension 'cmake'
[0.213s] Level 1:colcon.colcon_core.package_identification:_identify(src) by extension 'python'
[0.213s] Level 1:colcon.colcon_core.package_identification:_identify(src) by extensions ['python_setup_py']
[0.213s] Level 1:colcon.colcon_core.package_identification:_identify(src) by extension 'python_setup_py'
[0.213s] Level 1:colcon.colcon_core.package_identification:_identify(src/lidar) by extensions ['ignore', 'ignore_ament_install']
[0.213s] Level 1:colcon.colcon_core.package_identification:_identify(src/lidar) by extension 'ignore'
[0.213s] Level 1:colcon.colcon_core.package_identification:_identify(src/lidar) by extension 'ignore_ament_install'
[0.213s] Level 1:colcon.colcon_core.package_identification:_identify(src/lidar) by extensions ['colcon_pkg']
[0.213s] Level 1:colcon.colcon_core.package_identification:_identify(src/lidar) by extension 'colcon_pkg'
[0.213s] Level 1:colcon.colcon_core.package_identification:_identify(src/lidar) by extensions ['colcon_meta']
[0.213s] Level 1:colcon.colcon_core.package_identification:_identify(src/lidar) by extension 'colcon_meta'
[0.213s] Level 1:colcon.colcon_core.package_identification:_identify(src/lidar) by extensions ['ros']
[0.213s] Level 1:colcon.colcon_core.package_identification:_identify(src/lidar) by extension 'ros'
[0.213s] Level 1:colcon.colcon_core.package_identification:_identify(src/lidar) by extensions ['cmake', 'python']
[0.213s] Level 1:colcon.colcon_core.package_identification:_identify(src/lidar) by extension 'cmake'
[0.213s] Level 1:colcon.colcon_core.package_identification:_identify(src/lidar) by extension 'python'
[0.213s] Level 1:colcon.colcon_core.package_identification:_identify(src/lidar) by extensions ['python_setup_py']
[0.213s] Level 1:colcon.colcon_core.package_identification:_identify(src/lidar) by extension 'python_setup_py'
[0.213s] Level 1:colcon.colcon_core.package_identification:_identify(src/lidar/cluster_filter) by extensions ['ignore', 'ignore_ament_install']
[0.213s] Level 1:colcon.colcon_core.package_identification:_identify(src/lidar/cluster_filter) by extension 'ignore'
[0.213s] Level 1:colcon.colcon_core.package_identification:_identify(src/lidar/cluster_filter) by extension 'ignore_ament_install'
[0.213s] Level 1:colcon.colcon_core.package_identification:_identify(src/lidar/cluster_filter) by extensions ['colcon_pkg']
[0.213s] Level 1:colcon.colcon_core.package_identification:_identify(src/lidar/cluster_filter) by extension 'colcon_pkg'
[0.213s] Level 1:colcon.colcon_core.package_identification:_identify(src/lidar/cluster_filter) by extensions ['colcon_meta']
[0.213s] Level 1:colcon.colcon_core.package_identification:_identify(src/lidar/cluster_filter) by extension 'colcon_meta'
[0.213s] Level 1:colcon.colcon_core.package_identification:_identify(src/lidar/cluster_filter) by extensions ['ros']
[0.213s] Level 1:colcon.colcon_core.package_identification:_identify(src/lidar/cluster_filter) by extension 'ros'
[0.215s] DEBUG:colcon.colcon_core.package_identification:Package 'src/lidar/cluster_filter' with type 'ros.ament_cmake' and name 'cluster_filter'
[0.215s] Level 1:colcon.colcon_core.package_identification:_identify(src/lidar/lidar_clustering) by extensions ['ignore', 'ignore_ament_install']
[0.215s] Level 1:colcon.colcon_core.package_identification:_identify(src/lidar/lidar_clustering) by extension 'ignore'
[0.215s] Level 1:colcon.colcon_core.package_identification:_identify(src/lidar/lidar_clustering) by extension 'ignore_ament_install'
[0.215s] Level 1:colcon.colcon_core.package_identification:_identify(src/lidar/lidar_clustering) by extensions ['colcon_pkg']
[0.215s] Level 1:colcon.colcon_core.package_identification:_identify(src/lidar/lidar_clustering) by extension 'colcon_pkg'
[0.215s] Level 1:colcon.colcon_core.package_identification:_identify(src/lidar/lidar_clustering) by extensions ['colcon_meta']
[0.215s] Level 1:colcon.colcon_core.package_identification:_identify(src/lidar/lidar_clustering) by extension 'colcon_meta'
[0.215s] Level 1:colcon.colcon_core.package_identification:_identify(src/lidar/lidar_clustering) by extensions ['ros']
[0.215s] Level 1:colcon.colcon_core.package_identification:_identify(src/lidar/lidar_clustering) by extension 'ros'
[0.216s] DEBUG:colcon.colcon_core.package_identification:Package 'src/lidar/lidar_clustering' with type 'ros.ament_cmake' and name 'lidar_clustering'
[0.216s] Level 1:colcon.colcon_core.package_identification:_identify(src/lidar/lidar_voxel_grid) by extensions ['ignore', 'ignore_ament_install']
[0.216s] Level 1:colcon.colcon_core.package_identification:_identify(src/lidar/lidar_voxel_grid) by extension 'ignore'
[0.216s] Level 1:colcon.colcon_core.package_identification:_identify(src/lidar/lidar_voxel_grid) by extension 'ignore_ament_install'
[0.216s] Level 1:colcon.colcon_core.package_identification:_identify(src/lidar/lidar_voxel_grid) by extensions ['colcon_pkg']
[0.216s] Level 1:colcon.colcon_core.package_identification:_identify(src/lidar/lidar_voxel_grid) by extension 'colcon_pkg'
[0.216s] Level 1:colcon.colcon_core.package_identification:_identify(src/lidar/lidar_voxel_grid) by extensions ['colcon_meta']
[0.216s] Level 1:colcon.colcon_core.package_identification:_identify(src/lidar/lidar_voxel_grid) by extension 'colcon_meta'
[0.216s] Level 1:colcon.colcon_core.package_identification:_identify(src/lidar/lidar_voxel_grid) by extensions ['ros']
[0.216s] Level 1:colcon.colcon_core.package_identification:_identify(src/lidar/lidar_voxel_grid) by extension 'ros'
[0.217s] DEBUG:colcon.colcon_core.package_identification:Package 'src/lidar/lidar_voxel_grid' with type 'ros.ament_cmake' and name 'lidar_voxel_grid'
[0.217s] Level 1:colcon.colcon_core.package_identification:_identify(src/lidar/patchwork-plusplus) by extensions ['ignore', 'ignore_ament_install']
[0.217s] Level 1:colcon.colcon_core.package_identification:_identify(src/lidar/patchwork-plusplus) by extension 'ignore'
[0.217s] Level 1:colcon.colcon_core.package_identification:_identify(src/lidar/patchwork-plusplus) by extension 'ignore_ament_install'
[0.217s] Level 1:colcon.colcon_core.package_identification:_identify(src/lidar/patchwork-plusplus) by extensions ['colcon_pkg']
[0.217s] Level 1:colcon.colcon_core.package_identification:_identify(src/lidar/patchwork-plusplus) by extension 'colcon_pkg'
[0.217s] Level 1:colcon.colcon_core.package_identification:_identify(src/lidar/patchwork-plusplus) by extensions ['colcon_meta']
[0.217s] Level 1:colcon.colcon_core.package_identification:_identify(src/lidar/patchwork-plusplus) by extension 'colcon_meta'
[0.217s] Level 1:colcon.colcon_core.package_identification:_identify(src/lidar/patchwork-plusplus) by extensions ['ros']
[0.217s] Level 1:colcon.colcon_core.package_identification:_identify(src/lidar/patchwork-plusplus) by extension 'ros'
[0.217s] Level 1:colcon.colcon_core.package_identification:_identify(src/lidar/patchwork-plusplus) by extensions ['cmake', 'python']
[0.217s] Level 1:colcon.colcon_core.package_identification:_identify(src/lidar/patchwork-plusplus) by extension 'cmake'
[0.217s] Level 1:colcon.colcon_core.package_identification:_identify(src/lidar/patchwork-plusplus) by extension 'python'
[0.217s] Level 1:colcon.colcon_core.package_identification:_identify(src/lidar/patchwork-plusplus) by extensions ['python_setup_py']
[0.217s] Level 1:colcon.colcon_core.package_identification:_identify(src/lidar/patchwork-plusplus) by extension 'python_setup_py'
[0.217s] Level 1:colcon.colcon_core.package_identification:_identify(src/lidar/patchwork-plusplus/cpp) by extensions ['ignore', 'ignore_ament_install']
[0.217s] Level 1:colcon.colcon_core.package_identification:_identify(src/lidar/patchwork-plusplus/cpp) by extension 'ignore'
[0.217s] Level 1:colcon.colcon_core.package_identification:_identify(src/lidar/patchwork-plusplus/cpp) ignored
[0.217s] Level 1:colcon.colcon_core.package_identification:_identify(src/lidar/patchwork-plusplus/data) by extensions ['ignore', 'ignore_ament_install']
[0.217s] Level 1:colcon.colcon_core.package_identification:_identify(src/lidar/patchwork-plusplus/data) by extension 'ignore'
[0.217s] Level 1:colcon.colcon_core.package_identification:_identify(src/lidar/patchwork-plusplus/data) by extension 'ignore_ament_install'
[0.217s] Level 1:colcon.colcon_core.package_identification:_identify(src/lidar/patchwork-plusplus/data) by extensions ['colcon_pkg']
[0.217s] Level 1:colcon.colcon_core.package_identification:_identify(src/lidar/patchwork-plusplus/data) by extension 'colcon_pkg'
[0.217s] Level 1:colcon.colcon_core.package_identification:_identify(src/lidar/patchwork-plusplus/data) by extensions ['colcon_meta']
[0.217s] Level 1:colcon.colcon_core.package_identification:_identify(src/lidar/patchwork-plusplus/data) by extension 'colcon_meta'
[0.217s] Level 1:colcon.colcon_core.package_identification:_identify(src/lidar/patchwork-plusplus/data) by extensions ['ros']
[0.218s] Level 1:colcon.colcon_core.package_identification:_identify(src/lidar/patchwork-plusplus/data) by extension 'ros'
[0.218s] Level 1:colcon.colcon_core.package_identification:_identify(src/lidar/patchwork-plusplus/data) by extensions ['cmake', 'python']
[0.218s] Level 1:colcon.colcon_core.package_identification:_identify(src/lidar/patchwork-plusplus/data) by extension 'cmake'
[0.218s] Level 1:colcon.colcon_core.package_identification:_identify(src/lidar/patchwork-plusplus/data) by extension 'python'
[0.218s] Level 1:colcon.colcon_core.package_identification:_identify(src/lidar/patchwork-plusplus/data) by extensions ['python_setup_py']
[0.218s] Level 1:colcon.colcon_core.package_identification:_identify(src/lidar/patchwork-plusplus/data) by extension 'python_setup_py'
[0.218s] Level 1:colcon.colcon_core.package_identification:_identify(src/lidar/patchwork-plusplus/pictures) by extensions ['ignore', 'ignore_ament_install']
[0.218s] Level 1:colcon.colcon_core.package_identification:_identify(src/lidar/patchwork-plusplus/pictures) by extension 'ignore'
[0.218s] Level 1:colcon.colcon_core.package_identification:_identify(src/lidar/patchwork-plusplus/pictures) by extension 'ignore_ament_install'
[0.218s] Level 1:colcon.colcon_core.package_identification:_identify(src/lidar/patchwork-plusplus/pictures) by extensions ['colcon_pkg']
[0.218s] Level 1:colcon.colcon_core.package_identification:_identify(src/lidar/patchwork-plusplus/pictures) by extension 'colcon_pkg'
[0.218s] Level 1:colcon.colcon_core.package_identification:_identify(src/lidar/patchwork-plusplus/pictures) by extensions ['colcon_meta']
[0.218s] Level 1:colcon.colcon_core.package_identification:_identify(src/lidar/patchwork-plusplus/pictures) by extension 'colcon_meta'
[0.218s] Level 1:colcon.colcon_core.package_identification:_identify(src/lidar/patchwork-plusplus/pictures) by extensions ['ros']
[0.218s] Level 1:colcon.colcon_core.package_identification:_identify(src/lidar/patchwork-plusplus/pictures) by extension 'ros'
[0.218s] Level 1:colcon.colcon_core.package_identification:_identify(src/lidar/patchwork-plusplus/pictures) by extensions ['cmake', 'python']
[0.218s] Level 1:colcon.colcon_core.package_identification:_identify(src/lidar/patchwork-plusplus/pictures) by extension 'cmake'
[0.218s] Level 1:colcon.colcon_core.package_identification:_identify(src/lidar/patchwork-plusplus/pictures) by extension 'python'
[0.218s] Level 1:colcon.colcon_core.package_identification:_identify(src/lidar/patchwork-plusplus/pictures) by extensions ['python_setup_py']
[0.218s] Level 1:colcon.colcon_core.package_identification:_identify(src/lidar/patchwork-plusplus/pictures) by extension 'python_setup_py'
[0.218s] Level 1:colcon.colcon_core.package_identification:_identify(src/lidar/patchwork-plusplus/python) by extensions ['ignore', 'ignore_ament_install']
[0.218s] Level 1:colcon.colcon_core.package_identification:_identify(src/lidar/patchwork-plusplus/python) by extension 'ignore'
[0.218s] Level 1:colcon.colcon_core.package_identification:_identify(src/lidar/patchwork-plusplus/python) ignored
[0.218s] Level 1:colcon.colcon_core.package_identification:_identify(src/lidar/patchwork-plusplus/ros) by extensions ['ignore', 'ignore_ament_install']
[0.218s] Level 1:colcon.colcon_core.package_identification:_identify(src/lidar/patchwork-plusplus/ros) by extension 'ignore'
[0.218s] Level 1:colcon.colcon_core.package_identification:_identify(src/lidar/patchwork-plusplus/ros) by extension 'ignore_ament_install'
[0.218s] Level 1:colcon.colcon_core.package_identification:_identify(src/lidar/patchwork-plusplus/ros) by extensions ['colcon_pkg']
[0.218s] Level 1:colcon.colcon_core.package_identification:_identify(src/lidar/patchwork-plusplus/ros) by extension 'colcon_pkg'
[0.218s] Level 1:colcon.colcon_core.package_identification:_identify(src/lidar/patchwork-plusplus/ros) by extensions ['colcon_meta']
[0.218s] Level 1:colcon.colcon_core.package_identification:_identify(src/lidar/patchwork-plusplus/ros) by extension 'colcon_meta'
[0.218s] Level 1:colcon.colcon_core.package_identification:_identify(src/lidar/patchwork-plusplus/ros) by extensions ['ros']
[0.218s] Level 1:colcon.colcon_core.package_identification:_identify(src/lidar/patchwork-plusplus/ros) by extension 'ros'
[0.219s] DEBUG:colcon.colcon_core.package_identification:Package 'src/lidar/patchwork-plusplus/ros' with type 'ros.ament_cmake' and name 'patchworkpp'
[0.219s] Level 1:colcon.colcon_core.package_identification:_identify(src/lidar/patchwork-plusplus/scripts) by extensions ['ignore', 'ignore_ament_install']
[0.219s] Level 1:colcon.colcon_core.package_identification:_identify(src/lidar/patchwork-plusplus/scripts) by extension 'ignore'
[0.219s] Level 1:colcon.colcon_core.package_identification:_identify(src/lidar/patchwork-plusplus/scripts) by extension 'ignore_ament_install'
[0.219s] Level 1:colcon.colcon_core.package_identification:_identify(src/lidar/patchwork-plusplus/scripts) by extensions ['colcon_pkg']
[0.219s] Level 1:colcon.colcon_core.package_identification:_identify(src/lidar/patchwork-plusplus/scripts) by extension 'colcon_pkg'
[0.219s] Level 1:colcon.colcon_core.package_identification:_identify(src/lidar/patchwork-plusplus/scripts) by extensions ['colcon_meta']
[0.219s] Level 1:colcon.colcon_core.package_identification:_identify(src/lidar/patchwork-plusplus/scripts) by extension 'colcon_meta'
[0.219s] Level 1:colcon.colcon_core.package_identification:_identify(src/lidar/patchwork-plusplus/scripts) by extensions ['ros']
[0.219s] Level 1:colcon.colcon_core.package_identification:_identify(src/lidar/patchwork-plusplus/scripts) by extension 'ros'
[0.219s] Level 1:colcon.colcon_core.package_identification:_identify(src/lidar/patchwork-plusplus/scripts) by extensions ['cmake', 'python']
[0.219s] Level 1:colcon.colcon_core.package_identification:_identify(src/lidar/patchwork-plusplus/scripts) by extension 'cmake'
[0.219s] Level 1:colcon.colcon_core.package_identification:_identify(src/lidar/patchwork-plusplus/scripts) by extension 'python'
[0.219s] Level 1:colcon.colcon_core.package_identification:_identify(src/lidar/patchwork-plusplus/scripts) by extensions ['python_setup_py']
[0.219s] Level 1:colcon.colcon_core.package_identification:_identify(src/lidar/patchwork-plusplus/scripts) by extension 'python_setup_py'
[0.219s] Level 1:colcon.colcon_core.package_identification:_identify(src/lidar/velodyne) by extensions ['ignore', 'ignore_ament_install']
[0.219s] Level 1:colcon.colcon_core.package_identification:_identify(src/lidar/velodyne) by extension 'ignore'
[0.219s] Level 1:colcon.colcon_core.package_identification:_identify(src/lidar/velodyne) by extension 'ignore_ament_install'
[0.219s] Level 1:colcon.colcon_core.package_identification:_identify(src/lidar/velodyne) by extensions ['colcon_pkg']
[0.219s] Level 1:colcon.colcon_core.package_identification:_identify(src/lidar/velodyne) by extension 'colcon_pkg'
[0.219s] Level 1:colcon.colcon_core.package_identification:_identify(src/lidar/velodyne) by extensions ['colcon_meta']
[0.219s] Level 1:colcon.colcon_core.package_identification:_identify(src/lidar/velodyne) by extension 'colcon_meta'
[0.219s] Level 1:colcon.colcon_core.package_identification:_identify(src/lidar/velodyne) by extensions ['ros']
[0.219s] Level 1:colcon.colcon_core.package_identification:_identify(src/lidar/velodyne) by extension 'ros'
[0.220s] DEBUG:colcon.colcon_core.package_identification:Package 'src/lidar/velodyne' with type 'ros.ament_cmake' and name 'velodyne'
[0.220s] Level 1:colcon.colcon_core.package_identification:_identify(src/lidar/velodyne_cropbox) by extensions ['ignore', 'ignore_ament_install']
[0.220s] Level 1:colcon.colcon_core.package_identification:_identify(src/lidar/velodyne_cropbox) by extension 'ignore'
[0.220s] Level 1:colcon.colcon_core.package_identification:_identify(src/lidar/velodyne_cropbox) by extension 'ignore_ament_install'
[0.220s] Level 1:colcon.colcon_core.package_identification:_identify(src/lidar/velodyne_cropbox) by extensions ['colcon_pkg']
[0.220s] Level 1:colcon.colcon_core.package_identification:_identify(src/lidar/velodyne_cropbox) by extension 'colcon_pkg'
[0.220s] Level 1:colcon.colcon_core.package_identification:_identify(src/lidar/velodyne_cropbox) by extensions ['colcon_meta']
[0.220s] Level 1:colcon.colcon_core.package_identification:_identify(src/lidar/velodyne_cropbox) by extension 'colcon_meta'
[0.220s] Level 1:colcon.colcon_core.package_identification:_identify(src/lidar/velodyne_cropbox) by extensions ['ros']
[0.220s] Level 1:colcon.colcon_core.package_identification:_identify(src/lidar/velodyne_cropbox) by extension 'ros'
[0.220s] DEBUG:colcon.colcon_core.package_identification:Package 'src/lidar/velodyne_cropbox' with type 'ros.ament_cmake' and name 'velodyne_cropbox'
[0.221s] Level 1:colcon.colcon_core.package_identification:_identify(src/lidar/velodyne_driver) by extensions ['ignore', 'ignore_ament_install']
[0.221s] Level 1:colcon.colcon_core.package_identification:_identify(src/lidar/velodyne_driver) by extension 'ignore'
[0.221s] Level 1:colcon.colcon_core.package_identification:_identify(src/lidar/velodyne_driver) by extension 'ignore_ament_install'
[0.221s] Level 1:colcon.colcon_core.package_identification:_identify(src/lidar/velodyne_driver) by extensions ['colcon_pkg']
[0.221s] Level 1:colcon.colcon_core.package_identification:_identify(src/lidar/velodyne_driver) by extension 'colcon_pkg'
[0.221s] Level 1:colcon.colcon_core.package_identification:_identify(src/lidar/velodyne_driver) by extensions ['colcon_meta']
[0.221s] Level 1:colcon.colcon_core.package_identification:_identify(src/lidar/velodyne_driver) by extension 'colcon_meta'
[0.221s] Level 1:colcon.colcon_core.package_identification:_identify(src/lidar/velodyne_driver) by extensions ['ros']
[0.221s] Level 1:colcon.colcon_core.package_identification:_identify(src/lidar/velodyne_driver) by extension 'ros'
[0.225s] DEBUG:colcon.colcon_core.package_identification:Package 'src/lidar/velodyne_driver' with type 'ros.ament_cmake' and name 'velodyne_driver'
[0.225s] Level 1:colcon.colcon_core.package_identification:_identify(src/lidar/velodyne_laserscan) by extensions ['ignore', 'ignore_ament_install']
[0.225s] Level 1:colcon.colcon_core.package_identification:_identify(src/lidar/velodyne_laserscan) by extension 'ignore'
[0.225s] Level 1:colcon.colcon_core.package_identification:_identify(src/lidar/velodyne_laserscan) by extension 'ignore_ament_install'
[0.225s] Level 1:colcon.colcon_core.package_identification:_identify(src/lidar/velodyne_laserscan) by extensions ['colcon_pkg']
[0.225s] Level 1:colcon.colcon_core.package_identification:_identify(src/lidar/velodyne_laserscan) by extension 'colcon_pkg'
[0.226s] Level 1:colcon.colcon_core.package_identification:_identify(src/lidar/velodyne_laserscan) by extensions ['colcon_meta']
[0.226s] Level 1:colcon.colcon_core.package_identification:_identify(src/lidar/velodyne_laserscan) by extension 'colcon_meta'
[0.226s] Level 1:colcon.colcon_core.package_identification:_identify(src/lidar/velodyne_laserscan) by extensions ['ros']
[0.226s] Level 1:colcon.colcon_core.package_identification:_identify(src/lidar/velodyne_laserscan) by extension 'ros'
[0.226s] DEBUG:colcon.colcon_core.package_identification:Package 'src/lidar/velodyne_laserscan' with type 'ros.ament_cmake' and name 'velodyne_laserscan'
[0.226s] Level 1:colcon.colcon_core.package_identification:_identify(src/lidar/velodyne_msgs) by extensions ['ignore', 'ignore_ament_install']
[0.226s] Level 1:colcon.colcon_core.package_identification:_identify(src/lidar/velodyne_msgs) by extension 'ignore'
[0.226s] Level 1:colcon.colcon_core.package_identification:_identify(src/lidar/velodyne_msgs) by extension 'ignore_ament_install'
[0.226s] Level 1:colcon.colcon_core.package_identification:_identify(src/lidar/velodyne_msgs) by extensions ['colcon_pkg']
[0.226s] Level 1:colcon.colcon_core.package_identification:_identify(src/lidar/velodyne_msgs) by extension 'colcon_pkg'
[0.226s] Level 1:colcon.colcon_core.package_identification:_identify(src/lidar/velodyne_msgs) by extensions ['colcon_meta']
[0.226s] Level 1:colcon.colcon_core.package_identification:_identify(src/lidar/velodyne_msgs) by extension 'colcon_meta'
[0.226s] Level 1:colcon.colcon_core.package_identification:_identify(src/lidar/velodyne_msgs) by extensions ['ros']
[0.226s] Level 1:colcon.colcon_core.package_identification:_identify(src/lidar/velodyne_msgs) by extension 'ros'
[0.227s] DEBUG:colcon.colcon_core.package_identification:Package 'src/lidar/velodyne_msgs' with type 'ros.ament_cmake' and name 'velodyne_msgs'
[0.227s] Level 1:colcon.colcon_core.package_identification:_identify(src/lidar/velodyne_pointcloud) by extensions ['ignore', 'ignore_ament_install']
[0.227s] Level 1:colcon.colcon_core.package_identification:_identify(src/lidar/velodyne_pointcloud) by extension 'ignore'
[0.227s] Level 1:colcon.colcon_core.package_identification:_identify(src/lidar/velodyne_pointcloud) by extension 'ignore_ament_install'
[0.227s] Level 1:colcon.colcon_core.package_identification:_identify(src/lidar/velodyne_pointcloud) by extensions ['colcon_pkg']
[0.227s] Level 1:colcon.colcon_core.package_identification:_identify(src/lidar/velodyne_pointcloud) by extension 'colcon_pkg'
[0.227s] Level 1:colcon.colcon_core.package_identification:_identify(src/lidar/velodyne_pointcloud) by extensions ['colcon_meta']
[0.227s] Level 1:colcon.colcon_core.package_identification:_identify(src/lidar/velodyne_pointcloud) by extension 'colcon_meta'
[0.227s] Level 1:colcon.colcon_core.package_identification:_identify(src/lidar/velodyne_pointcloud) by extensions ['ros']
[0.227s] Level 1:colcon.colcon_core.package_identification:_identify(src/lidar/velodyne_pointcloud) by extension 'ros'
[0.228s] DEBUG:colcon.colcon_core.package_identification:Package 'src/lidar/velodyne_pointcloud' with type 'ros.ament_cmake' and name 'velodyne_pointcloud'
[0.228s] Level 1:colcon.colcon_core.package_identification:_identify(src/lidar_launch) by extensions ['ignore', 'ignore_ament_install']
[0.228s] Level 1:colcon.colcon_core.package_identification:_identify(src/lidar_launch) by extension 'ignore'
[0.228s] Level 1:colcon.colcon_core.package_identification:_identify(src/lidar_launch) by extension 'ignore_ament_install'
[0.228s] Level 1:colcon.colcon_core.package_identification:_identify(src/lidar_launch) by extensions ['colcon_pkg']
[0.228s] Level 1:colcon.colcon_core.package_identification:_identify(src/lidar_launch) by extension 'colcon_pkg'
[0.228s] Level 1:colcon.colcon_core.package_identification:_identify(src/lidar_launch) by extensions ['colcon_meta']
[0.228s] Level 1:colcon.colcon_core.package_identification:_identify(src/lidar_launch) by extension 'colcon_meta'
[0.228s] Level 1:colcon.colcon_core.package_identification:_identify(src/lidar_launch) by extensions ['ros']
[0.228s] Level 1:colcon.colcon_core.package_identification:_identify(src/lidar_launch) by extension 'ros'
[0.228s] DEBUG:colcon.colcon_core.package_identification:Package 'src/lidar_launch' with type 'ros.ament_cmake' and name 'lidar_launch'
[0.228s] Level 1:colcon.colcon_core.package_discovery:discover_packages(recursive) using defaults
[0.228s] Level 1:colcon.colcon_core.package_discovery:discover_packages(ignore) discover
[0.228s] Level 1:colcon.colcon_core.package_discovery:discover_packages(ignore) using defaults
[0.228s] Level 1:colcon.colcon_core.package_discovery:discover_packages(path) discover
[0.228s] Level 1:colcon.colcon_core.package_discovery:discover_packages(path) using defaults
[0.241s] INFO:colcon.colcon_core.package_selection:Skipping not selected package 'lidar_voxel_grid' in 'src/lidar/lidar_voxel_grid'
[0.241s] INFO:colcon.colcon_core.package_selection:Skipping not selected package 'patchworkpp' in 'src/lidar/patchwork-plusplus/ros'
[0.241s] INFO:colcon.colcon_core.package_selection:Skipping not selected package 'velodyne_cropbox' in 'src/lidar/velodyne_cropbox'
[0.241s] INFO:colcon.colcon_core.package_selection:Skipping not selected package 'velodyne_laserscan' in 'src/lidar/velodyne_laserscan'
[0.241s] INFO:colcon.colcon_core.package_selection:Skipping not selected package 'velodyne_msgs' in 'src/lidar/velodyne_msgs'
[0.241s] INFO:colcon.colcon_core.package_selection:Skipping not selected package 'velodyne_driver' in 'src/lidar/velodyne_driver'
[0.241s] INFO:colcon.colcon_core.package_selection:Skipping not selected package 'velodyne_pointcloud' in 'src/lidar/velodyne_pointcloud'
[0.241s] INFO:colcon.colcon_core.package_selection:Skipping not selected package 'lidar_launch' in 'src/lidar_launch'
[0.241s] INFO:colcon.colcon_core.package_selection:Skipping not selected package 'velodyne' in 'src/lidar/velodyne'
[0.241s] Level 1:colcon.colcon_core.package_discovery:discover_packages(prefix_path) check parameters
[0.241s] Level 1:colcon.colcon_core.package_discovery:discover_packages(prefix_path) discover
[0.244s] DEBUG:colcon.colcon_installed_package_information.package_discovery:Found 10 installed packages in /home/aiv/ev_ws/ros2_ver2/install
[0.244s] DEBUG:colcon.colcon_installed_package_information.package_discovery:Found 6 installed packages in /home/aiv/ev_ws/ros2/install
[0.245s] DEBUG:colcon.colcon_installed_package_information.package_discovery:Found 2 installed packages in /home/aiv/ros2_study/install
[0.245s] DEBUG:colcon.colcon_installed_package_information.package_discovery:Found 7 installed packages in /home/aiv/workspace/ros2/erp42_ros/install
[0.245s] DEBUG:colcon.colcon_installed_package_information.package_discovery:Found 5 installed packages in /home/aiv/workspace/ros2/t870_ros/install
[0.245s] DEBUG:colcon.colcon_installed_package_information.package_discovery:Found 7 installed packages in /home/aiv/workspace/ros2/erp42_racing_ros/install
[0.245s] DEBUG:colcon.colcon_installed_package_information.package_discovery:Found 5 installed packages in /home/aiv/workspace/ros2/velodyne/install
[0.246s] DEBUG:colcon.colcon_installed_package_information.package_discovery:Found 301 installed packages in /opt/ros/humble
[0.247s] Level 1:colcon.colcon_core.package_discovery:discover_packages(prefix_path) using defaults
[0.277s] Level 5:colcon.colcon_core.verb:set package 'cluster_filter' build argument 'cmake_args' from command line to 'None'
[0.277s] Level 5:colcon.colcon_core.verb:set package 'cluster_filter' build argument 'cmake_target' from command line to 'None'
[0.277s] Level 5:colcon.colcon_core.verb:set package 'cluster_filter' build argument 'cmake_target_skip_unavailable' from command line to 'False'
[0.277s] Level 5:colcon.colcon_core.verb:set package 'cluster_filter' build argument 'cmake_clean_cache' from command line to 'False'
[0.277s] Level 5:colcon.colcon_core.verb:set package 'cluster_filter' build argument 'cmake_clean_first' from command line to 'False'
[0.277s] Level 5:colcon.colcon_core.verb:set package 'cluster_filter' build argument 'cmake_force_configure' from command line to 'False'
[0.277s] Level 5:colcon.colcon_core.verb:set package 'cluster_filter' build argument 'ament_cmake_args' from command line to 'None'
[0.277s] Level 5:colcon.colcon_core.verb:set package 'cluster_filter' build argument 'catkin_cmake_args' from command line to 'None'
[0.277s] Level 5:colcon.colcon_core.verb:set package 'cluster_filter' build argument 'catkin_skip_building_tests' from command line to 'False'
[0.277s] DEBUG:colcon.colcon_core.verb:Building package 'cluster_filter' with the following arguments: {'ament_cmake_args': None, 'build_base': '/home/aiv/ev_ws/ros2_ver2/build/cluster_filter', 'catkin_cmake_args': None, 'catkin_skip_building_tests': False, 'cmake_args': None, 'cmake_clean_cache': False, 'cmake_clean_first': False, 'cmake_force_configure': False, 'cmake_target': None, 'cmake_target_skip_unavailable': False, 'install_base': '/home/aiv/ev_ws/ros2_ver2/install/cluster_filter', 'merge_install': False, 'path': '/home/aiv/ev_ws/ros2_ver2/src/lidar/cluster_filter', 'symlink_install': False, 'test_result_base': None}
[0.277s] Level 5:colcon.colcon_core.verb:set package 'lidar_clustering' build argument 'cmake_args' from command line to 'None'
[0.277s] Level 5:colcon.colcon_core.verb:set package 'lidar_clustering' build argument 'cmake_target' from command line to 'None'
[0.277s] Level 5:colcon.colcon_core.verb:set package 'lidar_clustering' build argument 'cmake_target_skip_unavailable' from command line to 'False'
[0.277s] Level 5:colcon.colcon_core.verb:set package 'lidar_clustering' build argument 'cmake_clean_cache' from command line to 'False'
[0.277s] Level 5:colcon.colcon_core.verb:set package 'lidar_clustering' build argument 'cmake_clean_first' from command line to 'False'
[0.277s] Level 5:colcon.colcon_core.verb:set package 'lidar_clustering' build argument 'cmake_force_configure' from command line to 'False'
[0.277s] Level 5:colcon.colcon_core.verb:set package 'lidar_clustering' build argument 'ament_cmake_args' from command line to 'None'
[0.277s] Level 5:colcon.colcon_core.verb:set package 'lidar_clustering' build argument 'catkin_cmake_args' from command line to 'None'
[0.277s] Level 5:colcon.colcon_core.verb:set package 'lidar_clustering' build argument 'catkin_skip_building_tests' from command line to 'False'
[0.277s] DEBUG:colcon.colcon_core.verb:Building package 'lidar_clustering' with the following arguments: {'ament_cmake_args': None, 'build_base': '/home/aiv/ev_ws/ros2_ver2/build/lidar_clustering', 'catkin_cmake_args': None, 'catkin_skip_building_tests': False, 'cmake_args': None, 'cmake_clean_cache': False, 'cmake_clean_first': False, 'cmake_force_configure': False, 'cmake_target': None, 'cmake_target_skip_unavailable': False, 'install_base': '/home/aiv/ev_ws/ros2_ver2/install/lidar_clustering', 'merge_install': False, 'path': '/home/aiv/ev_ws/ros2_ver2/src/lidar/lidar_clustering', 'symlink_install': False, 'test_result_base': None}
[0.277s] INFO:colcon.colcon_core.executor:Executing jobs using 'parallel' executor
[0.278s] DEBUG:colcon.colcon_parallel_executor.executor.parallel:run_until_complete
[0.278s] INFO:colcon.colcon_ros.task.ament_cmake.build:Building ROS package in '/home/aiv/ev_ws/ros2_ver2/src/lidar/cluster_filter' with build type 'ament_cmake'
[0.278s] INFO:colcon.colcon_cmake.task.cmake.build:Building CMake package in '/home/aiv/ev_ws/ros2_ver2/src/lidar/cluster_filter'
[0.281s] INFO:colcon.colcon_core.plugin_system:Skipping extension 'colcon_core.shell.bat': Not used on non-Windows systems
[0.281s] INFO:colcon.colcon_core.shell:Skip shell extension 'powershell' for command environment: Not usable outside of PowerShell
[0.281s] DEBUG:colcon.colcon_core.shell:Skip shell extension 'dsv' for command environment
[0.284s] INFO:colcon.colcon_ros.task.ament_cmake.build:Building ROS package in '/home/aiv/ev_ws/ros2_ver2/src/lidar/lidar_clustering' with build type 'ament_cmake'
[0.284s] INFO:colcon.colcon_cmake.task.cmake.build:Building CMake package in '/home/aiv/ev_ws/ros2_ver2/src/lidar/lidar_clustering'
[0.284s] INFO:colcon.colcon_core.shell:Skip shell extension 'powershell' for command environment: Not usable outside of PowerShell
[0.284s] DEBUG:colcon.colcon_core.shell:Skip shell extension 'dsv' for command environment
[0.288s] DEBUG:colcon.colcon_core.event_handler.log_command:Invoking command in '/home/aiv/ev_ws/ros2_ver2/build/cluster_filter': CMAKE_PREFIX_PATH=${CMAKE_PREFIX_PATH}:/home/aiv/ros2_study/install/my_second_package:/opt/ros/humble /usr/bin/cmake /home/aiv/ev_ws/ros2_ver2/src/lidar/cluster_filter -DCMAKE_INSTALL_PREFIX=/home/aiv/ev_ws/ros2_ver2/install/cluster_filter
[0.291s] DEBUG:colcon.colcon_core.event_handler.log_command:Invoking command in '/home/aiv/ev_ws/ros2_ver2/build/lidar_clustering': CMAKE_PREFIX_PATH=${CMAKE_PREFIX_PATH}:/home/aiv/ros2_study/install/my_second_package:/opt/ros/humble /usr/bin/cmake --build /home/aiv/ev_ws/ros2_ver2/build/lidar_clustering -- -j28 -l28
[1.026s] DEBUG:colcon.colcon_core.event_handler.log_command:Invoked command in '/home/aiv/ev_ws/ros2_ver2/build/cluster_filter' returned '0': CMAKE_PREFIX_PATH=${CMAKE_PREFIX_PATH}:/home/aiv/ros2_study/install/my_second_package:/opt/ros/humble /usr/bin/cmake /home/aiv/ev_ws/ros2_ver2/src/lidar/cluster_filter -DCMAKE_INSTALL_PREFIX=/home/aiv/ev_ws/ros2_ver2/install/cluster_filter
[1.026s] DEBUG:colcon.colcon_core.event_handler.log_command:Invoking command in '/home/aiv/ev_ws/ros2_ver2/build/cluster_filter': CMAKE_PREFIX_PATH=${CMAKE_PREFIX_PATH}:/home/aiv/ros2_study/install/my_second_package:/opt/ros/humble /usr/bin/cmake --build /home/aiv/ev_ws/ros2_ver2/build/cluster_filter -- -j28 -l28
[4.868s] DEBUG:colcon.colcon_core.event_handler.log_command:Invoked command in '/home/aiv/ev_ws/ros2_ver2/build/lidar_clustering' returned '0': CMAKE_PREFIX_PATH=${CMAKE_PREFIX_PATH}:/home/aiv/ros2_study/install/my_second_package:/opt/ros/humble /usr/bin/cmake --build /home/aiv/ev_ws/ros2_ver2/build/lidar_clustering -- -j28 -l28
[4.874s] DEBUG:colcon.colcon_core.event_handler.log_command:Invoking command in '/home/aiv/ev_ws/ros2_ver2/build/lidar_clustering': CMAKE_PREFIX_PATH=${CMAKE_PREFIX_PATH}:/home/aiv/ros2_study/install/my_second_package:/opt/ros/humble /usr/bin/cmake --install /home/aiv/ev_ws/ros2_ver2/build/lidar_clustering
[4.891s] Level 1:colcon.colcon_core.environment:create_environment_scripts_only(lidar_clustering)
[4.891s] DEBUG:colcon.colcon_core.event_handler.log_command:Invoked command in '/home/aiv/ev_ws/ros2_ver2/build/lidar_clustering' returned '0': CMAKE_PREFIX_PATH=${CMAKE_PREFIX_PATH}:/home/aiv/ros2_study/install/my_second_package:/opt/ros/humble /usr/bin/cmake --install /home/aiv/ev_ws/ros2_ver2/build/lidar_clustering
[4.895s] Level 1:colcon.colcon_core.environment:checking '/home/aiv/ev_ws/ros2_ver2/install/lidar_clustering' for CMake module files
[4.896s] Level 1:colcon.colcon_core.environment:checking '/home/aiv/ev_ws/ros2_ver2/install/lidar_clustering' for CMake config files
[4.896s] Level 1:colcon.colcon_core.shell:create_environment_hook('lidar_clustering', 'cmake_prefix_path')
[4.896s] INFO:colcon.colcon_core.shell:Creating environment hook '/home/aiv/ev_ws/ros2_ver2/install/lidar_clustering/share/lidar_clustering/hook/cmake_prefix_path.ps1'
[4.897s] INFO:colcon.colcon_core.shell:Creating environment descriptor '/home/aiv/ev_ws/ros2_ver2/install/lidar_clustering/share/lidar_clustering/hook/cmake_prefix_path.dsv'
[4.897s] INFO:colcon.colcon_core.shell:Creating environment hook '/home/aiv/ev_ws/ros2_ver2/install/lidar_clustering/share/lidar_clustering/hook/cmake_prefix_path.sh'
[4.898s] Level 1:colcon.colcon_core.environment:checking '/home/aiv/ev_ws/ros2_ver2/install/lidar_clustering/lib'
[4.898s] Level 1:colcon.colcon_core.shell:create_environment_hook('lidar_clustering', 'ld_library_path_lib')
[4.898s] INFO:colcon.colcon_core.shell:Creating environment hook '/home/aiv/ev_ws/ros2_ver2/install/lidar_clustering/share/lidar_clustering/hook/ld_library_path_lib.ps1'
[4.898s] INFO:colcon.colcon_core.shell:Creating environment descriptor '/home/aiv/ev_ws/ros2_ver2/install/lidar_clustering/share/lidar_clustering/hook/ld_library_path_lib.dsv'
[4.898s] INFO:colcon.colcon_core.shell:Creating environment hook '/home/aiv/ev_ws/ros2_ver2/install/lidar_clustering/share/lidar_clustering/hook/ld_library_path_lib.sh'
[4.899s] Level 1:colcon.colcon_core.environment:checking '/home/aiv/ev_ws/ros2_ver2/install/lidar_clustering/bin'
[4.899s] Level 1:colcon.colcon_core.environment:checking '/home/aiv/ev_ws/ros2_ver2/install/lidar_clustering/lib/pkgconfig/lidar_clustering.pc'
[4.899s] Level 1:colcon.colcon_core.environment:checking '/home/aiv/ev_ws/ros2_ver2/install/lidar_clustering/lib/python3.10/site-packages'
[4.899s] Level 1:colcon.colcon_core.environment:checking '/home/aiv/ev_ws/ros2_ver2/install/lidar_clustering/bin'
[4.899s] INFO:colcon.colcon_core.shell:Creating package script '/home/aiv/ev_ws/ros2_ver2/install/lidar_clustering/share/lidar_clustering/package.ps1'
[4.900s] INFO:colcon.colcon_core.shell:Creating package descriptor '/home/aiv/ev_ws/ros2_ver2/install/lidar_clustering/share/lidar_clustering/package.dsv'
[4.900s] INFO:colcon.colcon_core.shell:Creating package script '/home/aiv/ev_ws/ros2_ver2/install/lidar_clustering/share/lidar_clustering/package.sh'
[4.900s] INFO:colcon.colcon_core.shell:Creating package script '/home/aiv/ev_ws/ros2_ver2/install/lidar_clustering/share/lidar_clustering/package.bash'
[4.901s] INFO:colcon.colcon_core.shell:Creating package script '/home/aiv/ev_ws/ros2_ver2/install/lidar_clustering/share/lidar_clustering/package.zsh'
[4.901s] Level 1:colcon.colcon_core.environment:create_file_with_runtime_dependencies(/home/aiv/ev_ws/ros2_ver2/install/lidar_clustering/share/colcon-core/packages/lidar_clustering)
[4.902s] Level 1:colcon.colcon_core.environment:create_environment_scripts_only(lidar_clustering)
[4.902s] Level 1:colcon.colcon_core.environment:checking '/home/aiv/ev_ws/ros2_ver2/install/lidar_clustering' for CMake module files
[4.902s] Level 1:colcon.colcon_core.environment:checking '/home/aiv/ev_ws/ros2_ver2/install/lidar_clustering' for CMake config files
[4.902s] Level 1:colcon.colcon_core.shell:create_environment_hook('lidar_clustering', 'cmake_prefix_path')
[4.902s] INFO:colcon.colcon_core.shell:Creating environment hook '/home/aiv/ev_ws/ros2_ver2/install/lidar_clustering/share/lidar_clustering/hook/cmake_prefix_path.ps1'
[4.902s] INFO:colcon.colcon_core.shell:Creating environment descriptor '/home/aiv/ev_ws/ros2_ver2/install/lidar_clustering/share/lidar_clustering/hook/cmake_prefix_path.dsv'
[4.902s] INFO:colcon.colcon_core.shell:Creating environment hook '/home/aiv/ev_ws/ros2_ver2/install/lidar_clustering/share/lidar_clustering/hook/cmake_prefix_path.sh'
[4.903s] Level 1:colcon.colcon_core.environment:checking '/home/aiv/ev_ws/ros2_ver2/install/lidar_clustering/lib'
[4.903s] Level 1:colcon.colcon_core.shell:create_environment_hook('lidar_clustering', 'ld_library_path_lib')
[4.903s] INFO:colcon.colcon_core.shell:Creating environment hook '/home/aiv/ev_ws/ros2_ver2/install/lidar_clustering/share/lidar_clustering/hook/ld_library_path_lib.ps1'
[4.903s] INFO:colcon.colcon_core.shell:Creating environment descriptor '/home/aiv/ev_ws/ros2_ver2/install/lidar_clustering/share/lidar_clustering/hook/ld_library_path_lib.dsv'
[4.903s] INFO:colcon.colcon_core.shell:Creating environment hook '/home/aiv/ev_ws/ros2_ver2/install/lidar_clustering/share/lidar_clustering/hook/ld_library_path_lib.sh'
[4.903s] Level 1:colcon.colcon_core.environment:checking '/home/aiv/ev_ws/ros2_ver2/install/lidar_clustering/bin'
[4.903s] Level 1:colcon.colcon_core.environment:checking '/home/aiv/ev_ws/ros2_ver2/install/lidar_clustering/lib/pkgconfig/lidar_clustering.pc'
[4.903s] Level 1:colcon.colcon_core.environment:checking '/home/aiv/ev_ws/ros2_ver2/install/lidar_clustering/lib/python3.10/site-packages'
[4.904s] Level 1:colcon.colcon_core.environment:checking '/home/aiv/ev_ws/ros2_ver2/install/lidar_clustering/bin'
[4.904s] INFO:colcon.colcon_core.shell:Creating package script '/home/aiv/ev_ws/ros2_ver2/install/lidar_clustering/share/lidar_clustering/package.ps1'
[4.904s] INFO:colcon.colcon_core.shell:Creating package descriptor '/home/aiv/ev_ws/ros2_ver2/install/lidar_clustering/share/lidar_clustering/package.dsv'
[4.904s] INFO:colcon.colcon_core.shell:Creating package script '/home/aiv/ev_ws/ros2_ver2/install/lidar_clustering/share/lidar_clustering/package.sh'
[4.904s] INFO:colcon.colcon_core.shell:Creating package script '/home/aiv/ev_ws/ros2_ver2/install/lidar_clustering/share/lidar_clustering/package.bash'
[4.904s] INFO:colcon.colcon_core.shell:Creating package script '/home/aiv/ev_ws/ros2_ver2/install/lidar_clustering/share/lidar_clustering/package.zsh'
[4.905s] Level 1:colcon.colcon_core.environment:create_file_with_runtime_dependencies(/home/aiv/ev_ws/ros2_ver2/install/lidar_clustering/share/colcon-core/packages/lidar_clustering)
[6.337s] DEBUG:colcon.colcon_core.event_handler.log_command:Invoked command in '/home/aiv/ev_ws/ros2_ver2/build/cluster_filter' returned '0': CMAKE_PREFIX_PATH=${CMAKE_PREFIX_PATH}:/home/aiv/ros2_study/install/my_second_package:/opt/ros/humble /usr/bin/cmake --build /home/aiv/ev_ws/ros2_ver2/build/cluster_filter -- -j28 -l28
[6.338s] DEBUG:colcon.colcon_core.event_handler.log_command:Invoking command in '/home/aiv/ev_ws/ros2_ver2/build/cluster_filter': CMAKE_PREFIX_PATH=${CMAKE_PREFIX_PATH}:/home/aiv/ros2_study/install/my_second_package:/opt/ros/humble /usr/bin/cmake --install /home/aiv/ev_ws/ros2_ver2/build/cluster_filter
[6.348s] Level 1:colcon.colcon_core.environment:create_environment_scripts_only(cluster_filter)
[6.348s] DEBUG:colcon.colcon_core.event_handler.log_command:Invoked command in '/home/aiv/ev_ws/ros2_ver2/build/cluster_filter' returned '0': CMAKE_PREFIX_PATH=${CMAKE_PREFIX_PATH}:/home/aiv/ros2_study/install/my_second_package:/opt/ros/humble /usr/bin/cmake --install /home/aiv/ev_ws/ros2_ver2/build/cluster_filter
[6.349s] Level 1:colcon.colcon_core.environment:checking '/home/aiv/ev_ws/ros2_ver2/install/cluster_filter' for CMake module files
[6.349s] Level 1:colcon.colcon_core.environment:checking '/home/aiv/ev_ws/ros2_ver2/install/cluster_filter' for CMake config files
[6.349s] Level 1:colcon.colcon_core.shell:create_environment_hook('cluster_filter', 'cmake_prefix_path')
[6.349s] INFO:colcon.colcon_core.shell:Creating environment hook '/home/aiv/ev_ws/ros2_ver2/install/cluster_filter/share/cluster_filter/hook/cmake_prefix_path.ps1'
[6.350s] INFO:colcon.colcon_core.shell:Creating environment descriptor '/home/aiv/ev_ws/ros2_ver2/install/cluster_filter/share/cluster_filter/hook/cmake_prefix_path.dsv'
[6.350s] INFO:colcon.colcon_core.shell:Creating environment hook '/home/aiv/ev_ws/ros2_ver2/install/cluster_filter/share/cluster_filter/hook/cmake_prefix_path.sh'
[6.350s] Level 1:colcon.colcon_core.environment:checking '/home/aiv/ev_ws/ros2_ver2/install/cluster_filter/lib'
[6.350s] Level 1:colcon.colcon_core.shell:create_environment_hook('cluster_filter', 'ld_library_path_lib')
[6.350s] INFO:colcon.colcon_core.shell:Creating environment hook '/home/aiv/ev_ws/ros2_ver2/install/cluster_filter/share/cluster_filter/hook/ld_library_path_lib.ps1'
[6.350s] INFO:colcon.colcon_core.shell:Creating environment descriptor '/home/aiv/ev_ws/ros2_ver2/install/cluster_filter/share/cluster_filter/hook/ld_library_path_lib.dsv'
[6.350s] INFO:colcon.colcon_core.shell:Creating environment hook '/home/aiv/ev_ws/ros2_ver2/install/cluster_filter/share/cluster_filter/hook/ld_library_path_lib.sh'
[6.350s] Level 1:colcon.colcon_core.environment:checking '/home/aiv/ev_ws/ros2_ver2/install/cluster_filter/bin'
[6.350s] Level 1:colcon.colcon_core.environment:checking '/home/aiv/ev_ws/ros2_ver2/install/cluster_filter/lib/pkgconfig/cluster_filter.pc'
[6.351s] Level 1:colcon.colcon_core.environment:checking '/home/aiv/ev_ws/ros2_ver2/install/cluster_filter/lib/python3.10/site-packages'
[6.351s] Level 1:colcon.colcon_core.environment:checking '/home/aiv/ev_ws/ros2_ver2/install/cluster_filter/bin'
[6.351s] INFO:colcon.colcon_core.shell:Creating package script '/home/aiv/ev_ws/ros2_ver2/install/cluster_filter/share/cluster_filter/package.ps1'
[6.351s] INFO:colcon.colcon_core.shell:Creating package descriptor '/home/aiv/ev_ws/ros2_ver2/install/cluster_filter/share/cluster_filter/package.dsv'
[6.351s] INFO:colcon.colcon_core.shell:Creating package script '/home/aiv/ev_ws/ros2_ver2/install/cluster_filter/share/cluster_filter/package.sh'
[6.351s] INFO:colcon.colcon_core.shell:Creating package script '/home/aiv/ev_ws/ros2_ver2/install/cluster_filter/share/cluster_filter/package.bash'
[6.351s] INFO:colcon.colcon_core.shell:Creating package script '/home/aiv/ev_ws/ros2_ver2/install/cluster_filter/share/cluster_filter/package.zsh'
[6.352s] Level 1:colcon.colcon_core.environment:create_file_with_runtime_dependencies(/home/aiv/ev_ws/ros2_ver2/install/cluster_filter/share/colcon-core/packages/cluster_filter)
[6.352s] Level 1:colcon.colcon_core.environment:create_environment_scripts_only(cluster_filter)
[6.352s] Level 1:colcon.colcon_core.environment:checking '/home/aiv/ev_ws/ros2_ver2/install/cluster_filter' for CMake module files
[6.352s] Level 1:colcon.colcon_core.environment:checking '/home/aiv/ev_ws/ros2_ver2/install/cluster_filter' for CMake config files
[6.352s] Level 1:colcon.colcon_core.shell:create_environment_hook('cluster_filter', 'cmake_prefix_path')
[6.352s] INFO:colcon.colcon_core.shell:Creating environment hook '/home/aiv/ev_ws/ros2_ver2/install/cluster_filter/share/cluster_filter/hook/cmake_prefix_path.ps1'
[6.352s] INFO:colcon.colcon_core.shell:Creating environment descriptor '/home/aiv/ev_ws/ros2_ver2/install/cluster_filter/share/cluster_filter/hook/cmake_prefix_path.dsv'
[6.352s] INFO:colcon.colcon_core.shell:Creating environment hook '/home/aiv/ev_ws/ros2_ver2/install/cluster_filter/share/cluster_filter/hook/cmake_prefix_path.sh'
[6.353s] Level 1:colcon.colcon_core.environment:checking '/home/aiv/ev_ws/ros2_ver2/install/cluster_filter/lib'
[6.353s] Level 1:colcon.colcon_core.shell:create_environment_hook('cluster_filter', 'ld_library_path_lib')
[6.353s] INFO:colcon.colcon_core.shell:Creating environment hook '/home/aiv/ev_ws/ros2_ver2/install/cluster_filter/share/cluster_filter/hook/ld_library_path_lib.ps1'
[6.353s] INFO:colcon.colcon_core.shell:Creating environment descriptor '/home/aiv/ev_ws/ros2_ver2/install/cluster_filter/share/cluster_filter/hook/ld_library_path_lib.dsv'
[6.353s] INFO:colcon.colcon_core.shell:Creating environment hook '/home/aiv/ev_ws/ros2_ver2/install/cluster_filter/share/cluster_filter/hook/ld_library_path_lib.sh'
[6.353s] Level 1:colcon.colcon_core.environment:checking '/home/aiv/ev_ws/ros2_ver2/install/cluster_filter/bin'
[6.353s] Level 1:colcon.colcon_core.environment:checking '/home/aiv/ev_ws/ros2_ver2/install/cluster_filter/lib/pkgconfig/cluster_filter.pc'
[6.353s] Level 1:colcon.colcon_core.environment:checking '/home/aiv/ev_ws/ros2_ver2/install/cluster_filter/lib/python3.10/site-packages'
[6.353s] Level 1:colcon.colcon_core.environment:checking '/home/aiv/ev_ws/ros2_ver2/install/cluster_filter/bin'
[6.354s] INFO:colcon.colcon_core.shell:Creating package script '/home/aiv/ev_ws/ros2_ver2/install/cluster_filter/share/cluster_filter/package.ps1'
[6.354s] INFO:colcon.colcon_core.shell:Creating package descriptor '/home/aiv/ev_ws/ros2_ver2/install/cluster_filter/share/cluster_filter/package.dsv'
[6.354s] INFO:colcon.colcon_core.shell:Creating package script '/home/aiv/ev_ws/ros2_ver2/install/cluster_filter/share/cluster_filter/package.sh'
[6.354s] INFO:colcon.colcon_core.shell:Creating package script '/home/aiv/ev_ws/ros2_ver2/install/cluster_filter/share/cluster_filter/package.bash'
[6.354s] INFO:colcon.colcon_core.shell:Creating package script '/home/aiv/ev_ws/ros2_ver2/install/cluster_filter/share/cluster_filter/package.zsh'
[6.354s] Level 1:colcon.colcon_core.environment:create_file_with_runtime_dependencies(/home/aiv/ev_ws/ros2_ver2/install/cluster_filter/share/colcon-core/packages/cluster_filter)
[6.355s] DEBUG:colcon.colcon_parallel_executor.executor.parallel:closing loop
[6.355s] DEBUG:colcon.colcon_parallel_executor.executor.parallel:loop closed
[6.355s] DEBUG:colcon.colcon_parallel_executor.executor.parallel:run_until_complete finished with '0'
[6.355s] DEBUG:colcon.colcon_core.event_reactor:joining thread
[6.358s] INFO:colcon.colcon_core.plugin_system:Skipping extension 'colcon_notification.desktop_notification.terminal_notifier': Not used on non-Darwin systems
[6.358s] INFO:colcon.colcon_core.plugin_system:Skipping extension 'colcon_notification.desktop_notification.win32': Not used on non-Windows systems
[6.358s] INFO:colcon.colcon_notification.desktop_notification:Sending desktop notification using 'notify2'
[6.369s] DEBUG:colcon.colcon_core.event_reactor:joined thread
[6.369s] INFO:colcon.colcon_core.shell:Creating prefix script '/home/aiv/ev_ws/ros2_ver2/install/local_setup.ps1'
[6.370s] INFO:colcon.colcon_core.shell:Creating prefix util module '/home/aiv/ev_ws/ros2_ver2/install/_local_setup_util_ps1.py'
[6.370s] INFO:colcon.colcon_core.shell:Creating prefix chain script '/home/aiv/ev_ws/ros2_ver2/install/setup.ps1'
[6.372s] INFO:colcon.colcon_core.shell:Creating prefix script '/home/aiv/ev_ws/ros2_ver2/install/local_setup.sh'
[6.372s] INFO:colcon.colcon_core.shell:Creating prefix util module '/home/aiv/ev_ws/ros2_ver2/install/_local_setup_util_sh.py'
[6.372s] INFO:colcon.colcon_core.shell:Creating prefix chain script '/home/aiv/ev_ws/ros2_ver2/install/setup.sh'
[6.373s] INFO:colcon.colcon_core.shell:Creating prefix script '/home/aiv/ev_ws/ros2_ver2/install/local_setup.bash'
[6.373s] INFO:colcon.colcon_core.shell:Creating prefix chain script '/home/aiv/ev_ws/ros2_ver2/install/setup.bash'
[6.374s] INFO:colcon.colcon_core.shell:Creating prefix script '/home/aiv/ev_ws/ros2_ver2/install/local_setup.zsh'
[6.375s] INFO:colcon.colcon_core.shell:Creating prefix chain script '/home/aiv/ev_ws/ros2_ver2/install/setup.zsh'
