[0.007s] Invoking command in '/home/aiv/ev_ws/perception/build/velodyne_driver': AMENT_PREFIX_PATH=/home/aiv/ev_ws/perception/install/velodyne_msgs:${AMENT_PREFIX_PATH} CMAKE_PREFIX_PATH=/home/aiv/ev_ws/perception/install/velodyne_msgs:/home/aiv/ev_ws/erp42_ros/install/erp42_serial:/home/aiv/ev_ws/erp42_ros/install/erp42_rqt_plugin:/home/aiv/ev_ws/erp42_ros/install/erp42_gazebo:/home/aiv/ev_ws/erp42_ros/install/erp42_util:/home/aiv/ev_ws/erp42_ros/install/erp42_msgs:/home/aiv/ev_ws/erp42_ros/install/erp42_description:/home/aiv/ev_ws/erp42_ros/install/erp42_cmake:/opt/ros/humble LD_LIBRARY_PATH=/home/aiv/ev_ws/perception/install/velodyne_msgs/lib:${LD_LIBRARY_PATH} PYTHONPATH=/home/aiv/ev_ws/perception/install/velodyne_msgs/local/lib/python3.10/dist-packages:${PYTHONPATH} /usr/bin/cmake /home/aiv/ev_ws/perception/src/lidar/velodyne_driver -DCMAKE_INSTALL_PREFIX=/home/aiv/ev_ws/perception/install/velodyne_driver
[0.045s] -- The C compiler identification is GNU 11.4.0
[0.087s] -- The CXX compiler identification is GNU 11.4.0
[0.092s] -- Detecting C compiler ABI info
[0.142s] -- Detecting C compiler ABI info - done
[0.146s] -- Check for working C compiler: /usr/bin/cc - skipped
[0.146s] -- Detecting C compile features
[0.147s] -- Detecting C compile features - done
[0.148s] -- Detecting CXX compiler ABI info
[0.203s] -- Detecting CXX compiler ABI info - done
[0.209s] -- Check for working CXX compiler: /usr/bin/c++ - skipped
[0.209s] -- Detecting CXX compile features
[0.209s] -- Detecting CXX compile features - done
[0.210s] -- Found ament_cmake_ros: 0.10.0 (/opt/ros/humble/share/ament_cmake_ros/cmake)
[0.324s] -- Found Python3: /usr/bin/python3 (found version "3.10.12") found components: Interpreter 
[0.388s] -- Found diagnostic_updater: 4.0.6 (/opt/ros/humble/share/diagnostic_updater/cmake)
[0.422s] -- Found rosidl_generator_c: 3.1.8 (/opt/ros/humble/share/rosidl_generator_c/cmake)
[0.425s] -- Found rosidl_adapter: 3.1.8 (/opt/ros/humble/share/rosidl_adapter/cmake)
[0.431s] -- Found rosidl_generator_cpp: 3.1.8 (/opt/ros/humble/share/rosidl_generator_cpp/cmake)
[0.440s] -- Using all available rosidl_typesupport_c: rosidl_typesupport_fastrtps_c;rosidl_typesupport_introspection_c
[0.451s] -- Using all available rosidl_typesupport_cpp: rosidl_typesupport_fastrtps_cpp;rosidl_typesupport_introspection_cpp
[0.501s] -- Found rmw_implementation_cmake: 6.1.2 (/opt/ros/humble/share/rmw_implementation_cmake/cmake)
[0.503s] -- Found rmw_fastrtps_cpp: 6.2.9 (/opt/ros/humble/share/rmw_fastrtps_cpp/cmake)
[0.559s] -- Found OpenSSL: /usr/lib/x86_64-linux-gnu/libcrypto.so (found version "3.0.2")  
[0.579s] -- Found FastRTPS: /opt/ros/humble/include  
[0.606s] -- Using RMW implementation 'rmw_fastrtps_cpp' as default
[0.612s] -- Looking for pthread.h
[0.663s] -- Looking for pthread.h - found
[0.663s] -- Performing Test CMAKE_HAVE_LIBC_PTHREAD
[0.713s] -- Performing Test CMAKE_HAVE_LIBC_PTHREAD - Success
[0.714s] -- Found Threads: TRUE  
[0.740s] -- Found rclcpp_components: 16.0.17 (/opt/ros/humble/share/rclcpp_components/cmake)
[0.764s] -- Found tf2_ros: 0.25.18 (/opt/ros/humble/share/tf2_ros/cmake)
[0.846s] -- Found velodyne_msgs: 2.5.1 (/home/aiv/ev_ws/perception/install/velodyne_msgs/share/velodyne_msgs/cmake)
[0.856s] -- Found ament_lint_auto: 0.12.14 (/opt/ros/humble/share/ament_lint_auto/cmake)
[0.904s] -- Found gtest sources under '/opt/ros/humble/src/gtest_vendor': C++ tests using 'Google Test' will be built
[0.911s] -- Added test 'copyright' to check source files copyright and LICENSE
[0.912s] -- Added test 'cppcheck' to perform static code analysis on C / C++ code
[0.913s] -- Configured cppcheck include dirs: $<BUILD_INTERFACE:/home/aiv/ev_ws/perception/src/lidar/velodyne_driver/include>
[0.913s] -- Configured cppcheck exclude dirs and/or files: 
[0.914s] -- Added test 'cpplint' to check C / C++ code against the Google style
[0.914s] -- Configured cpplint exclude dirs and/or files: 
[0.914s] -- Added test 'flake8' to check Python code syntax and style conventions
[0.915s] -- Added test 'lint_cmake' to check CMake code style
[0.916s] -- Added test 'pep257' to check Python code against some of the docstring style conventions in PEP 257
[0.917s] -- Added test 'uncrustify' to check C / C++ code style
[0.917s] -- Configured uncrustify additional arguments: 
[0.918s] -- Added test 'xmllint' to check XML markup files
[0.920s] -- Configuring done
[0.941s] -- Generating done
[0.948s] -- Build files have been written to: /home/aiv/ev_ws/perception/build/velodyne_driver
[0.960s] Invoked command in '/home/aiv/ev_ws/perception/build/velodyne_driver' returned '0': AMENT_PREFIX_PATH=/home/aiv/ev_ws/perception/install/velodyne_msgs:${AMENT_PREFIX_PATH} CMAKE_PREFIX_PATH=/home/aiv/ev_ws/perception/install/velodyne_msgs:/home/aiv/ev_ws/erp42_ros/install/erp42_serial:/home/aiv/ev_ws/erp42_ros/install/erp42_rqt_plugin:/home/aiv/ev_ws/erp42_ros/install/erp42_gazebo:/home/aiv/ev_ws/erp42_ros/install/erp42_util:/home/aiv/ev_ws/erp42_ros/install/erp42_msgs:/home/aiv/ev_ws/erp42_ros/install/erp42_description:/home/aiv/ev_ws/erp42_ros/install/erp42_cmake:/opt/ros/humble LD_LIBRARY_PATH=/home/aiv/ev_ws/perception/install/velodyne_msgs/lib:${LD_LIBRARY_PATH} PYTHONPATH=/home/aiv/ev_ws/perception/install/velodyne_msgs/local/lib/python3.10/dist-packages:${PYTHONPATH} /usr/bin/cmake /home/aiv/ev_ws/perception/src/lidar/velodyne_driver -DCMAKE_INSTALL_PREFIX=/home/aiv/ev_ws/perception/install/velodyne_driver
[0.961s] Invoking command in '/home/aiv/ev_ws/perception/build/velodyne_driver': AMENT_PREFIX_PATH=/home/aiv/ev_ws/perception/install/velodyne_msgs:${AMENT_PREFIX_PATH} CMAKE_PREFIX_PATH=/home/aiv/ev_ws/perception/install/velodyne_msgs:/home/aiv/ev_ws/erp42_ros/install/erp42_serial:/home/aiv/ev_ws/erp42_ros/install/erp42_rqt_plugin:/home/aiv/ev_ws/erp42_ros/install/erp42_gazebo:/home/aiv/ev_ws/erp42_ros/install/erp42_util:/home/aiv/ev_ws/erp42_ros/install/erp42_msgs:/home/aiv/ev_ws/erp42_ros/install/erp42_description:/home/aiv/ev_ws/erp42_ros/install/erp42_cmake:/opt/ros/humble LD_LIBRARY_PATH=/home/aiv/ev_ws/perception/install/velodyne_msgs/lib:${LD_LIBRARY_PATH} PYTHONPATH=/home/aiv/ev_ws/perception/install/velodyne_msgs/local/lib/python3.10/dist-packages:${PYTHONPATH} /usr/bin/cmake --build /home/aiv/ev_ws/perception/build/velodyne_driver -- -j28 -l28
[0.999s] [  8%] [32mBuilding CXX object gtest/CMakeFiles/gtest_main.dir/src/gtest_main.cc.o[0m
[1.002s] [ 16%] [32mBuilding CXX object CMakeFiles/velodyne_input.dir/src/lib/input.cpp.o[0m
[1.002s] [ 25%] [32mBuilding CXX object gtest/CMakeFiles/gtest.dir/src/gtest-all.cc.o[0m
[1.555s] [ 33%] [32m[1mLinking CXX static library libgtest_main.a[0m
[1.584s] [ 33%] Built target gtest_main
[2.617s] [ 41%] [32m[1mLinking CXX static library libgtest.a[0m
[2.669s] [ 41%] Built target gtest
[2.875s] [ 50%] [32m[1mLinking CXX shared library libvelodyne_input.so[0m
[2.948s] [ 50%] Built target velodyne_input
[2.962s] [ 58%] [32mBuilding CXX object CMakeFiles/velodyne_driver.dir/src/driver/driver.cpp.o[0m
[2.966s] [ 66%] [32mBuilding CXX object CMakeFiles/time_test.dir/tests/timeconversiontest.cpp.o[0m
[5.084s] [ 75%] [32m[1mLinking CXX executable time_test[0m
[5.212s] [ 75%] Built target time_test
[9.661s] [ 83%] [32m[1mLinking CXX shared library libvelodyne_driver.so[0m
[9.932s] [ 83%] Built target velodyne_driver
[9.948s] [ 91%] [32mBuilding CXX object CMakeFiles/velodyne_driver_node.dir/src/driver/velodyne_node.cpp.o[0m
[11.527s] [100%] [32m[1mLinking CXX executable velodyne_driver_node[0m
[11.653s] [100%] Built target velodyne_driver_node
[11.660s] Invoked command in '/home/aiv/ev_ws/perception/build/velodyne_driver' returned '0': AMENT_PREFIX_PATH=/home/aiv/ev_ws/perception/install/velodyne_msgs:${AMENT_PREFIX_PATH} CMAKE_PREFIX_PATH=/home/aiv/ev_ws/perception/install/velodyne_msgs:/home/aiv/ev_ws/erp42_ros/install/erp42_serial:/home/aiv/ev_ws/erp42_ros/install/erp42_rqt_plugin:/home/aiv/ev_ws/erp42_ros/install/erp42_gazebo:/home/aiv/ev_ws/erp42_ros/install/erp42_util:/home/aiv/ev_ws/erp42_ros/install/erp42_msgs:/home/aiv/ev_ws/erp42_ros/install/erp42_description:/home/aiv/ev_ws/erp42_ros/install/erp42_cmake:/opt/ros/humble LD_LIBRARY_PATH=/home/aiv/ev_ws/perception/install/velodyne_msgs/lib:${LD_LIBRARY_PATH} PYTHONPATH=/home/aiv/ev_ws/perception/install/velodyne_msgs/local/lib/python3.10/dist-packages:${PYTHONPATH} /usr/bin/cmake --build /home/aiv/ev_ws/perception/build/velodyne_driver -- -j28 -l28
[11.661s] Invoking command in '/home/aiv/ev_ws/perception/build/velodyne_driver': AMENT_PREFIX_PATH=/home/aiv/ev_ws/perception/install/velodyne_msgs:${AMENT_PREFIX_PATH} CMAKE_PREFIX_PATH=/home/aiv/ev_ws/perception/install/velodyne_msgs:/home/aiv/ev_ws/erp42_ros/install/erp42_serial:/home/aiv/ev_ws/erp42_ros/install/erp42_rqt_plugin:/home/aiv/ev_ws/erp42_ros/install/erp42_gazebo:/home/aiv/ev_ws/erp42_ros/install/erp42_util:/home/aiv/ev_ws/erp42_ros/install/erp42_msgs:/home/aiv/ev_ws/erp42_ros/install/erp42_description:/home/aiv/ev_ws/erp42_ros/install/erp42_cmake:/opt/ros/humble LD_LIBRARY_PATH=/home/aiv/ev_ws/perception/install/velodyne_msgs/lib:${LD_LIBRARY_PATH} PYTHONPATH=/home/aiv/ev_ws/perception/install/velodyne_msgs/local/lib/python3.10/dist-packages:${PYTHONPATH} /usr/bin/cmake --install /home/aiv/ev_ws/perception/build/velodyne_driver
[11.667s] -- Install configuration: ""
[11.667s] -- Installing: /home/aiv/ev_ws/perception/install/velodyne_driver/lib/libvelodyne_input.so
[11.667s] -- Set runtime path of "/home/aiv/ev_ws/perception/install/velodyne_driver/lib/libvelodyne_input.so" to ""
[11.667s] -- Installing: /home/aiv/ev_ws/perception/install/velodyne_driver/lib/libvelodyne_driver.so
[11.670s] -- Set runtime path of "/home/aiv/ev_ws/perception/install/velodyne_driver/lib/libvelodyne_driver.so" to ""
[11.670s] -- Installing: /home/aiv/ev_ws/perception/install/velodyne_driver/lib/velodyne_driver/velodyne_driver_node
[11.671s] -- Set runtime path of "/home/aiv/ev_ws/perception/install/velodyne_driver/lib/velodyne_driver/velodyne_driver_node" to ""
[11.671s] -- Installing: /home/aiv/ev_ws/perception/install/velodyne_driver/include/velodyne_driver
[11.671s] -- Installing: /home/aiv/ev_ws/perception/install/velodyne_driver/include/velodyne_driver/time_conversion.hpp
[11.671s] -- Installing: /home/aiv/ev_ws/perception/install/velodyne_driver/include/velodyne_driver/input.hpp
[11.671s] -- Installing: /home/aiv/ev_ws/perception/install/velodyne_driver/include/velodyne_driver/driver.hpp
[11.671s] -- Installing: /home/aiv/ev_ws/perception/install/velodyne_driver/share/velodyne_driver/config
[11.671s] -- Installing: /home/aiv/ev_ws/perception/install/velodyne_driver/share/velodyne_driver/config/VLP32C-velodyne_driver_node-params.yaml
[11.671s] -- Installing: /home/aiv/ev_ws/perception/install/velodyne_driver/share/velodyne_driver/config/VLP16-velodyne_driver_node-params.yaml
[11.671s] -- Installing: /home/aiv/ev_ws/perception/install/velodyne_driver/share/velodyne_driver/config/VLS128-velodyne_driver_node-params.yaml
[11.671s] -- Installing: /home/aiv/ev_ws/perception/install/velodyne_driver/share/velodyne_driver/launch
[11.671s] -- Installing: /home/aiv/ev_ws/perception/install/velodyne_driver/share/velodyne_driver/launch/velodyne_driver_node-VLS128-launch.py
[11.671s] -- Installing: /home/aiv/ev_ws/perception/install/velodyne_driver/share/velodyne_driver/launch/velodyne_driver_node-VLP32C-launch.py
[11.671s] -- Installing: /home/aiv/ev_ws/perception/install/velodyne_driver/share/velodyne_driver/launch/velodyne_driver_node-VLP32C-composed-launch.py
[11.672s] -- Installing: /home/aiv/ev_ws/perception/install/velodyne_driver/share/velodyne_driver/launch/velodyne_driver_node-VLP16-composed-launch.py
[11.672s] -- Installing: /home/aiv/ev_ws/perception/install/velodyne_driver/share/velodyne_driver/launch/velodyne_driver_node-VLP16-launch.py
[11.672s] -- Installing: /home/aiv/ev_ws/perception/install/velodyne_driver/share/velodyne_driver/launch/velodyne_driver_node-VLS128-composed-launch.py
[11.672s] -- Installing: /home/aiv/ev_ws/perception/install/velodyne_driver/lib/velodyne_driver/vdump
[11.672s] -- Installing: /home/aiv/ev_ws/perception/install/velodyne_driver/share/ament_index/resource_index/package_run_dependencies/velodyne_driver
[11.672s] -- Installing: /home/aiv/ev_ws/perception/install/velodyne_driver/share/ament_index/resource_index/parent_prefix_path/velodyne_driver
[11.672s] -- Installing: /home/aiv/ev_ws/perception/install/velodyne_driver/share/velodyne_driver/environment/ament_prefix_path.sh
[11.672s] -- Installing: /home/aiv/ev_ws/perception/install/velodyne_driver/share/velodyne_driver/environment/ament_prefix_path.dsv
[11.672s] -- Installing: /home/aiv/ev_ws/perception/install/velodyne_driver/share/velodyne_driver/environment/path.sh
[11.672s] -- Installing: /home/aiv/ev_ws/perception/install/velodyne_driver/share/velodyne_driver/environment/path.dsv
[11.672s] -- Installing: /home/aiv/ev_ws/perception/install/velodyne_driver/share/velodyne_driver/local_setup.bash
[11.672s] -- Installing: /home/aiv/ev_ws/perception/install/velodyne_driver/share/velodyne_driver/local_setup.sh
[11.672s] -- Installing: /home/aiv/ev_ws/perception/install/velodyne_driver/share/velodyne_driver/local_setup.zsh
[11.672s] -- Installing: /home/aiv/ev_ws/perception/install/velodyne_driver/share/velodyne_driver/local_setup.dsv
[11.672s] -- Installing: /home/aiv/ev_ws/perception/install/velodyne_driver/share/velodyne_driver/package.dsv
[11.672s] -- Installing: /home/aiv/ev_ws/perception/install/velodyne_driver/share/ament_index/resource_index/packages/velodyne_driver
[11.672s] -- Installing: /home/aiv/ev_ws/perception/install/velodyne_driver/share/ament_index/resource_index/rclcpp_components/velodyne_driver
[11.673s] -- Installing: /home/aiv/ev_ws/perception/install/velodyne_driver/share/velodyne_driver/cmake/velodyne_driverExport.cmake
[11.673s] -- Installing: /home/aiv/ev_ws/perception/install/velodyne_driver/share/velodyne_driver/cmake/velodyne_driverExport-noconfig.cmake
[11.673s] -- Installing: /home/aiv/ev_ws/perception/install/velodyne_driver/share/velodyne_driver/cmake/ament_cmake_export_include_directories-extras.cmake
[11.673s] -- Installing: /home/aiv/ev_ws/perception/install/velodyne_driver/share/velodyne_driver/cmake/ament_cmake_export_targets-extras.cmake
[11.673s] -- Installing: /home/aiv/ev_ws/perception/install/velodyne_driver/share/velodyne_driver/cmake/ament_cmake_export_dependencies-extras.cmake
[11.673s] -- Installing: /home/aiv/ev_ws/perception/install/velodyne_driver/share/velodyne_driver/cmake/velodyne_driverConfig.cmake
[11.673s] -- Installing: /home/aiv/ev_ws/perception/install/velodyne_driver/share/velodyne_driver/cmake/velodyne_driverConfig-version.cmake
[11.673s] -- Installing: /home/aiv/ev_ws/perception/install/velodyne_driver/share/velodyne_driver/package.xml
[11.674s] Invoked command in '/home/aiv/ev_ws/perception/build/velodyne_driver' returned '0': AMENT_PREFIX_PATH=/home/aiv/ev_ws/perception/install/velodyne_msgs:${AMENT_PREFIX_PATH} CMAKE_PREFIX_PATH=/home/aiv/ev_ws/perception/install/velodyne_msgs:/home/aiv/ev_ws/erp42_ros/install/erp42_serial:/home/aiv/ev_ws/erp42_ros/install/erp42_rqt_plugin:/home/aiv/ev_ws/erp42_ros/install/erp42_gazebo:/home/aiv/ev_ws/erp42_ros/install/erp42_util:/home/aiv/ev_ws/erp42_ros/install/erp42_msgs:/home/aiv/ev_ws/erp42_ros/install/erp42_description:/home/aiv/ev_ws/erp42_ros/install/erp42_cmake:/opt/ros/humble LD_LIBRARY_PATH=/home/aiv/ev_ws/perception/install/velodyne_msgs/lib:${LD_LIBRARY_PATH} PYTHONPATH=/home/aiv/ev_ws/perception/install/velodyne_msgs/local/lib/python3.10/dist-packages:${PYTHONPATH} /usr/bin/cmake --install /home/aiv/ev_ws/perception/build/velodyne_driver
