[0.007s] Invoking command in '/home/aiv/ev_ws/perception/build/velodyne_pointcloud': AMENT_PREFIX_PATH=/home/aiv/ev_ws/perception/install/velodyne_msgs:${AMENT_PREFIX_PATH} CMAKE_PREFIX_PATH=/home/aiv/ev_ws/perception/install/velodyne_msgs:/home/aiv/ev_ws/erp42_ros/install/erp42_serial:/home/aiv/ev_ws/erp42_ros/install/erp42_rqt_plugin:/home/aiv/ev_ws/erp42_ros/install/erp42_gazebo:/home/aiv/ev_ws/erp42_ros/install/erp42_util:/home/aiv/ev_ws/erp42_ros/install/erp42_msgs:/home/aiv/ev_ws/erp42_ros/install/erp42_description:/home/aiv/ev_ws/erp42_ros/install/erp42_cmake:/opt/ros/humble LD_LIBRARY_PATH=/home/aiv/ev_ws/perception/install/velodyne_msgs/lib:${LD_LIBRARY_PATH} PYTHONPATH=/home/aiv/ev_ws/perception/install/velodyne_msgs/local/lib/python3.10/dist-packages:${PYTHONPATH} /usr/bin/cmake /home/aiv/ev_ws/perception/src/lidar/velodyne_pointcloud -DCMAKE_INSTALL_PREFIX=/home/aiv/ev_ws/perception/install/velodyne_pointcloud
[0.044s] -- The C compiler identification is GNU 11.4.0
[0.085s] -- The CXX compiler identification is GNU 11.4.0
[0.090s] -- Detecting C compiler ABI info
[0.139s] -- Detecting C compiler ABI info - done
[0.144s] -- Check for working C compiler: /usr/bin/cc - skipped
[0.144s] -- Detecting C compile features
[0.144s] -- Detecting C compile features - done
[0.146s] -- Detecting CXX compiler ABI info
[0.204s] -- Detecting CXX compiler ABI info - done
[0.209s] -- Check for working CXX compiler: /usr/bin/c++ - skipped
[0.209s] -- Detecting CXX compile features
[0.209s] -- Detecting CXX compile features - done
[0.211s] -- Found ament_cmake: 1.3.12 (/opt/ros/humble/share/ament_cmake/cmake)
[0.311s] -- Found Python3: /usr/bin/python3 (found version "3.10.12") found components: Interpreter 
[0.382s] -- Found angles: 1.15.0 (/opt/ros/humble/share/angles/cmake)
[0.384s] -- Found diagnostic_updater: 4.0.6 (/opt/ros/humble/share/diagnostic_updater/cmake)
[0.423s] -- Found rosidl_generator_c: 3.1.8 (/opt/ros/humble/share/rosidl_generator_c/cmake)
[0.428s] -- Found rosidl_adapter: 3.1.8 (/opt/ros/humble/share/rosidl_adapter/cmake)
[0.436s] -- Found rosidl_generator_cpp: 3.1.8 (/opt/ros/humble/share/rosidl_generator_cpp/cmake)
[0.449s] -- Using all available rosidl_typesupport_c: rosidl_typesupport_fastrtps_c;rosidl_typesupport_introspection_c
[0.462s] -- Using all available rosidl_typesupport_cpp: rosidl_typesupport_fastrtps_cpp;rosidl_typesupport_introspection_cpp
[0.509s] -- Found rmw_implementation_cmake: 6.1.2 (/opt/ros/humble/share/rmw_implementation_cmake/cmake)
[0.511s] -- Found rmw_fastrtps_cpp: 6.2.9 (/opt/ros/humble/share/rmw_fastrtps_cpp/cmake)
[0.567s] -- Found OpenSSL: /usr/lib/x86_64-linux-gnu/libcrypto.so (found version "3.0.2")  
[0.589s] -- Found FastRTPS: /opt/ros/humble/include  
[0.624s] -- Using RMW implementation 'rmw_fastrtps_cpp' as default
[0.629s] -- Looking for pthread.h
[0.680s] -- Looking for pthread.h - found
[0.680s] -- Performing Test CMAKE_HAVE_LIBC_PTHREAD
[0.731s] -- Performing Test CMAKE_HAVE_LIBC_PTHREAD - Success
[0.732s] -- Found Threads: TRUE  
[0.760s] -- Found geometry_msgs: 4.9.0 (/opt/ros/humble/share/geometry_msgs/cmake)
[0.767s] -- Found message_filters: 4.3.11 (/opt/ros/humble/share/message_filters/cmake)
[0.779s] -- Checking for module 'eigen3'
[0.788s] --   Found eigen3, version 3.4.0
[0.812s] -- Found Eigen: /usr/include/eigen3 (Required is at least version "3.1") 
[0.812s] -- Eigen found (include: /usr/include/eigen3, version: 3.4.0)
[0.830s] -- Found Boost: /usr/lib/x86_64-linux-gnu/cmake/Boost-1.74.0/BoostConfig.cmake (found suitable version "1.74.0", minimum required is "1.65.0") found components: system filesystem date_time iostreams serialization 
[0.831s] -- looking for PCL_COMMON
[0.832s] -- Found PCL_COMMON: /usr/lib/x86_64-linux-gnu/libpcl_common.so  
[0.832s] -- Found PCL: pcl_common;Boost::system;Boost::filesystem;Boost::date_time;Boost::iostreams;Boost::serialization  
[0.834s] -- Found rclcpp_components: 16.0.17 (/opt/ros/humble/share/rclcpp_components/cmake)
[0.858s] -- Found sensor_msgs: 4.9.0 (/opt/ros/humble/share/sensor_msgs/cmake)
[0.874s] -- Found tf2: 0.25.18 (/opt/ros/humble/share/tf2/cmake)
[0.878s] -- Found tf2_ros: 0.25.18 (/opt/ros/humble/share/tf2_ros/cmake)
[0.922s] -- Found velodyne_msgs: 2.5.1 (/home/aiv/ev_ws/perception/install/velodyne_msgs/share/velodyne_msgs/cmake)
[0.930s] -- Found yaml_cpp_vendor: 8.0.2 (/opt/ros/humble/share/yaml_cpp_vendor/cmake)
[0.936s] -- Found ament_lint_auto: 0.12.14 (/opt/ros/humble/share/ament_lint_auto/cmake)
[1.004s] -- Found gtest sources under '/opt/ros/humble/src/gtest_vendor': C++ tests using 'Google Test' will be built
[1.012s] -- Added test 'copyright' to check source files copyright and LICENSE
[1.014s] -- Added test 'cppcheck' to perform static code analysis on C / C++ code
[1.014s] -- Configured cppcheck include dirs: $<BUILD_INTERFACE:/home/aiv/ev_ws/perception/src/lidar/velodyne_pointcloud/include>
[1.014s] -- Configured cppcheck exclude dirs and/or files: 
[1.016s] -- Added test 'cpplint' to check C / C++ code against the Google style
[1.016s] -- Configured cpplint exclude dirs and/or files: 
[1.017s] -- Added test 'flake8' to check Python code syntax and style conventions
[1.018s] -- Added test 'lint_cmake' to check CMake code style
[1.018s] -- Added test 'pep257' to check Python code against some of the docstring style conventions in PEP 257
[1.020s] -- Added test 'uncrustify' to check C / C++ code style
[1.020s] -- Configured uncrustify additional arguments: 
[1.023s] -- Configuring done
[1.058s] -- Generating done
[1.072s] -- Build files have been written to: /home/aiv/ev_ws/perception/build/velodyne_pointcloud
[1.087s] Invoked command in '/home/aiv/ev_ws/perception/build/velodyne_pointcloud' returned '0': AMENT_PREFIX_PATH=/home/aiv/ev_ws/perception/install/velodyne_msgs:${AMENT_PREFIX_PATH} CMAKE_PREFIX_PATH=/home/aiv/ev_ws/perception/install/velodyne_msgs:/home/aiv/ev_ws/erp42_ros/install/erp42_serial:/home/aiv/ev_ws/erp42_ros/install/erp42_rqt_plugin:/home/aiv/ev_ws/erp42_ros/install/erp42_gazebo:/home/aiv/ev_ws/erp42_ros/install/erp42_util:/home/aiv/ev_ws/erp42_ros/install/erp42_msgs:/home/aiv/ev_ws/erp42_ros/install/erp42_description:/home/aiv/ev_ws/erp42_ros/install/erp42_cmake:/opt/ros/humble LD_LIBRARY_PATH=/home/aiv/ev_ws/perception/install/velodyne_msgs/lib:${LD_LIBRARY_PATH} PYTHONPATH=/home/aiv/ev_ws/perception/install/velodyne_msgs/local/lib/python3.10/dist-packages:${PYTHONPATH} /usr/bin/cmake /home/aiv/ev_ws/perception/src/lidar/velodyne_pointcloud -DCMAKE_INSTALL_PREFIX=/home/aiv/ev_ws/perception/install/velodyne_pointcloud
[1.088s] Invoking command in '/home/aiv/ev_ws/perception/build/velodyne_pointcloud': AMENT_PREFIX_PATH=/home/aiv/ev_ws/perception/install/velodyne_msgs:${AMENT_PREFIX_PATH} CMAKE_PREFIX_PATH=/home/aiv/ev_ws/perception/install/velodyne_msgs:/home/aiv/ev_ws/erp42_ros/install/erp42_serial:/home/aiv/ev_ws/erp42_ros/install/erp42_rqt_plugin:/home/aiv/ev_ws/erp42_ros/install/erp42_gazebo:/home/aiv/ev_ws/erp42_ros/install/erp42_util:/home/aiv/ev_ws/erp42_ros/install/erp42_msgs:/home/aiv/ev_ws/erp42_ros/install/erp42_description:/home/aiv/ev_ws/erp42_ros/install/erp42_cmake:/opt/ros/humble LD_LIBRARY_PATH=/home/aiv/ev_ws/perception/install/velodyne_msgs/lib:${LD_LIBRARY_PATH} PYTHONPATH=/home/aiv/ev_ws/perception/install/velodyne_msgs/local/lib/python3.10/dist-packages:${PYTHONPATH} /usr/bin/cmake --build /home/aiv/ev_ws/perception/build/velodyne_pointcloud -- -j28 -l28
[1.124s] [  5%] [32mBuilding CXX object CMakeFiles/velodyne_cloud_types.dir/src/lib/pointcloudXYZIRT.cpp.o[0m
[1.125s] [ 11%] [32mBuilding CXX object CMakeFiles/velodyne_rawdata.dir/src/lib/rawdata.cpp.o[0m
[1.125s] [ 16%] [32mBuilding CXX object CMakeFiles/velodyne_rawdata.dir/src/lib/calibration.cpp.o[0m
[1.126s] [ 22%] [32mBuilding CXX object gtest/CMakeFiles/gtest.dir/src/gtest-all.cc.o[0m
[1.126s] [ 27%] [32mBuilding CXX object CMakeFiles/velodyne_cloud_types.dir/src/lib/organized_cloudXYZIRT.cpp.o[0m
[1.126s] [ 33%] [32mBuilding CXX object gtest/CMakeFiles/gtest_main.dir/src/gtest_main.cc.o[0m
[1.487s] [ 38%] [32m[1mLinking CXX static library libgtest_main.a[0m
[1.508s] [ 38%] Built target gtest_main
[3.247s] [ 44%] [32m[1mLinking CXX static library libgtest.a[0m
[3.296s] [ 44%] Built target gtest
[3.314s] [ 50%] [32mBuilding CXX object tests/CMakeFiles/test_row_step.dir/test_row_step.cpp.o[0m
[5.460s] [ 55%] [32m[1mLinking CXX shared library libvelodyne_cloud_types.so[0m
[5.581s] [ 55%] Built target velodyne_cloud_types
[5.673s] [ 61%] [32m[1mLinking CXX shared library libvelodyne_rawdata.so[0m
[5.762s] [ 61%] Built target velodyne_rawdata
[5.780s] [ 66%] [32mBuilding CXX object tests/CMakeFiles/test_calibration.dir/test_calibration.cpp.o[0m
[5.781s] [ 72%] [32mBuilding CXX object CMakeFiles/transform.dir/src/conversions/transform.cpp.o[0m
[6.341s] [ 77%] [32m[1mLinking CXX executable test_calibration[0m
[6.429s] [ 83%] [32m[1mLinking CXX executable test_row_step[0m
[6.466s] [ 83%] Built target test_calibration
[6.564s] [ 83%] Built target test_row_step
[12.219s] [ 88%] [32m[1mLinking CXX shared library libtransform.so[0m
[12.492s] [ 88%] Built target transform
[12.507s] [ 94%] [32mBuilding CXX object CMakeFiles/velodyne_transform_node.dir/src/conversions/transform_node.cpp.o[0m
[14.944s] [100%] [32m[1mLinking CXX executable velodyne_transform_node[0m
[15.095s] [100%] Built target velodyne_transform_node
[15.102s] Invoked command in '/home/aiv/ev_ws/perception/build/velodyne_pointcloud' returned '0': AMENT_PREFIX_PATH=/home/aiv/ev_ws/perception/install/velodyne_msgs:${AMENT_PREFIX_PATH} CMAKE_PREFIX_PATH=/home/aiv/ev_ws/perception/install/velodyne_msgs:/home/aiv/ev_ws/erp42_ros/install/erp42_serial:/home/aiv/ev_ws/erp42_ros/install/erp42_rqt_plugin:/home/aiv/ev_ws/erp42_ros/install/erp42_gazebo:/home/aiv/ev_ws/erp42_ros/install/erp42_util:/home/aiv/ev_ws/erp42_ros/install/erp42_msgs:/home/aiv/ev_ws/erp42_ros/install/erp42_description:/home/aiv/ev_ws/erp42_ros/install/erp42_cmake:/opt/ros/humble LD_LIBRARY_PATH=/home/aiv/ev_ws/perception/install/velodyne_msgs/lib:${LD_LIBRARY_PATH} PYTHONPATH=/home/aiv/ev_ws/perception/install/velodyne_msgs/local/lib/python3.10/dist-packages:${PYTHONPATH} /usr/bin/cmake --build /home/aiv/ev_ws/perception/build/velodyne_pointcloud -- -j28 -l28
[15.103s] Invoking command in '/home/aiv/ev_ws/perception/build/velodyne_pointcloud': AMENT_PREFIX_PATH=/home/aiv/ev_ws/perception/install/velodyne_msgs:${AMENT_PREFIX_PATH} CMAKE_PREFIX_PATH=/home/aiv/ev_ws/perception/install/velodyne_msgs:/home/aiv/ev_ws/erp42_ros/install/erp42_serial:/home/aiv/ev_ws/erp42_ros/install/erp42_rqt_plugin:/home/aiv/ev_ws/erp42_ros/install/erp42_gazebo:/home/aiv/ev_ws/erp42_ros/install/erp42_util:/home/aiv/ev_ws/erp42_ros/install/erp42_msgs:/home/aiv/ev_ws/erp42_ros/install/erp42_description:/home/aiv/ev_ws/erp42_ros/install/erp42_cmake:/opt/ros/humble LD_LIBRARY_PATH=/home/aiv/ev_ws/perception/install/velodyne_msgs/lib:${LD_LIBRARY_PATH} PYTHONPATH=/home/aiv/ev_ws/perception/install/velodyne_msgs/local/lib/python3.10/dist-packages:${PYTHONPATH} /usr/bin/cmake --install /home/aiv/ev_ws/perception/build/velodyne_pointcloud
[15.109s] -- Install configuration: ""
[15.109s] -- Installing: /home/aiv/ev_ws/perception/install/velodyne_pointcloud/lib/libvelodyne_cloud_types.so
[15.109s] -- Set runtime path of "/home/aiv/ev_ws/perception/install/velodyne_pointcloud/lib/libvelodyne_cloud_types.so" to ""
[15.109s] -- Installing: /home/aiv/ev_ws/perception/install/velodyne_pointcloud/lib/libvelodyne_rawdata.so
[15.109s] -- Set runtime path of "/home/aiv/ev_ws/perception/install/velodyne_pointcloud/lib/libvelodyne_rawdata.so" to ""
[15.110s] -- Installing: /home/aiv/ev_ws/perception/install/velodyne_pointcloud/lib/libtransform.so
[15.113s] -- Set runtime path of "/home/aiv/ev_ws/perception/install/velodyne_pointcloud/lib/libtransform.so" to ""
[15.113s] -- Installing: /home/aiv/ev_ws/perception/install/velodyne_pointcloud/lib/velodyne_pointcloud/velodyne_transform_node
[15.113s] -- Set runtime path of "/home/aiv/ev_ws/perception/install/velodyne_pointcloud/lib/velodyne_pointcloud/velodyne_transform_node" to ""
[15.113s] -- Installing: /home/aiv/ev_ws/perception/install/velodyne_pointcloud/include/velodyne_pointcloud
[15.113s] -- Installing: /home/aiv/ev_ws/perception/install/velodyne_pointcloud/include/velodyne_pointcloud/pointcloudXYZIRT.hpp
[15.113s] -- Installing: /home/aiv/ev_ws/perception/install/velodyne_pointcloud/include/velodyne_pointcloud/datacontainerbase.hpp
[15.113s] -- Installing: /home/aiv/ev_ws/perception/install/velodyne_pointcloud/include/velodyne_pointcloud/organized_cloudXYZIRT.hpp
[15.113s] -- Installing: /home/aiv/ev_ws/perception/install/velodyne_pointcloud/include/velodyne_pointcloud/rawdata.hpp
[15.113s] -- Installing: /home/aiv/ev_ws/perception/install/velodyne_pointcloud/include/velodyne_pointcloud/calibration.hpp
[15.113s] -- Installing: /home/aiv/ev_ws/perception/install/velodyne_pointcloud/include/velodyne_pointcloud/transform.hpp
[15.113s] -- Installing: /home/aiv/ev_ws/perception/install/velodyne_pointcloud/share/velodyne_pointcloud/config
[15.114s] -- Installing: /home/aiv/ev_ws/perception/install/velodyne_pointcloud/share/velodyne_pointcloud/config/VLP32C-velodyne_transform_node-params.yaml
[15.114s] -- Installing: /home/aiv/ev_ws/perception/install/velodyne_pointcloud/share/velodyne_pointcloud/config/VLS128-velodyne_transform_node-params.yaml
[15.114s] -- Installing: /home/aiv/ev_ws/perception/install/velodyne_pointcloud/share/velodyne_pointcloud/config/VLP16-velodyne_transform_node-params.yaml
[15.114s] -- Installing: /home/aiv/ev_ws/perception/install/velodyne_pointcloud/share/velodyne_pointcloud/launch
[15.114s] -- Installing: /home/aiv/ev_ws/perception/install/velodyne_pointcloud/share/velodyne_pointcloud/launch/velodyne_transform_node-VLS128-launch.py
[15.114s] -- Installing: /home/aiv/ev_ws/perception/install/velodyne_pointcloud/share/velodyne_pointcloud/launch/velodyne_transform_node-VLP32C-launch.py
[15.114s] -- Installing: /home/aiv/ev_ws/perception/install/velodyne_pointcloud/share/velodyne_pointcloud/launch/velodyne_transform_node-VLP16-launch.py
[15.114s] -- Installing: /home/aiv/ev_ws/perception/install/velodyne_pointcloud/share/velodyne_pointcloud/launch/velodyne_transform_node-VLP16-composed-launch.py
[15.114s] -- Installing: /home/aiv/ev_ws/perception/install/velodyne_pointcloud/share/velodyne_pointcloud/launch/velodyne_transform_node-VLS128-composed-launch.py
[15.114s] -- Installing: /home/aiv/ev_ws/perception/install/velodyne_pointcloud/share/velodyne_pointcloud/launch/velodyne_transform_node-VLP32C-composed-launch.py
[15.114s] -- Installing: /home/aiv/ev_ws/perception/install/velodyne_pointcloud/share/velodyne_pointcloud/params
[15.114s] -- Installing: /home/aiv/ev_ws/perception/install/velodyne_pointcloud/share/velodyne_pointcloud/params/VLP16_hires_db.yaml
[15.114s] -- Installing: /home/aiv/ev_ws/perception/install/velodyne_pointcloud/share/velodyne_pointcloud/params/VLP16db.yaml
[15.115s] -- Installing: /home/aiv/ev_ws/perception/install/velodyne_pointcloud/share/velodyne_pointcloud/params/32db.yaml
[15.115s] -- Installing: /home/aiv/ev_ws/perception/install/velodyne_pointcloud/share/velodyne_pointcloud/params/issue_84_float_intensities.yaml
[15.115s] -- Installing: /home/aiv/ev_ws/perception/install/velodyne_pointcloud/share/velodyne_pointcloud/params/VLS128.yaml
[15.115s] -- Installing: /home/aiv/ev_ws/perception/install/velodyne_pointcloud/share/velodyne_pointcloud/params/VeloView-VLP-32C.yaml
[15.115s] -- Installing: /home/aiv/ev_ws/perception/install/velodyne_pointcloud/share/velodyne_pointcloud/params/64e_s2.1-sztaki.yaml
[15.115s] -- Installing: /home/aiv/ev_ws/perception/install/velodyne_pointcloud/share/velodyne_pointcloud/params/64e_utexas.yaml
[15.115s] -- Installing: /home/aiv/ev_ws/perception/install/velodyne_pointcloud/share/velodyne_pointcloud/params/rviz_points.vcg
[15.116s] -- Installing: /home/aiv/ev_ws/perception/install/velodyne_pointcloud/share/velodyne_pointcloud/params/64e_s3-xiesc.yaml
[15.116s] -- Installing: /home/aiv/ev_ws/perception/install/velodyne_pointcloud/share/velodyne_pointcloud/environment/library_path.sh
[15.116s] -- Installing: /home/aiv/ev_ws/perception/install/velodyne_pointcloud/share/velodyne_pointcloud/environment/library_path.dsv
[15.116s] -- Installing: /home/aiv/ev_ws/perception/install/velodyne_pointcloud/share/ament_index/resource_index/package_run_dependencies/velodyne_pointcloud
[15.116s] -- Installing: /home/aiv/ev_ws/perception/install/velodyne_pointcloud/share/ament_index/resource_index/parent_prefix_path/velodyne_pointcloud
[15.116s] -- Installing: /home/aiv/ev_ws/perception/install/velodyne_pointcloud/share/velodyne_pointcloud/environment/ament_prefix_path.sh
[15.116s] -- Installing: /home/aiv/ev_ws/perception/install/velodyne_pointcloud/share/velodyne_pointcloud/environment/ament_prefix_path.dsv
[15.116s] -- Installing: /home/aiv/ev_ws/perception/install/velodyne_pointcloud/share/velodyne_pointcloud/environment/path.sh
[15.116s] -- Installing: /home/aiv/ev_ws/perception/install/velodyne_pointcloud/share/velodyne_pointcloud/environment/path.dsv
[15.116s] -- Installing: /home/aiv/ev_ws/perception/install/velodyne_pointcloud/share/velodyne_pointcloud/local_setup.bash
[15.116s] -- Installing: /home/aiv/ev_ws/perception/install/velodyne_pointcloud/share/velodyne_pointcloud/local_setup.sh
[15.116s] -- Installing: /home/aiv/ev_ws/perception/install/velodyne_pointcloud/share/velodyne_pointcloud/local_setup.zsh
[15.116s] -- Installing: /home/aiv/ev_ws/perception/install/velodyne_pointcloud/share/velodyne_pointcloud/local_setup.dsv
[15.116s] -- Installing: /home/aiv/ev_ws/perception/install/velodyne_pointcloud/share/velodyne_pointcloud/package.dsv
[15.117s] -- Installing: /home/aiv/ev_ws/perception/install/velodyne_pointcloud/share/ament_index/resource_index/packages/velodyne_pointcloud
[15.117s] -- Installing: /home/aiv/ev_ws/perception/install/velodyne_pointcloud/share/ament_index/resource_index/rclcpp_components/velodyne_pointcloud
[15.117s] -- Installing: /home/aiv/ev_ws/perception/install/velodyne_pointcloud/share/velodyne_pointcloud/cmake/velodyne_pointcloudExport.cmake
[15.117s] -- Installing: /home/aiv/ev_ws/perception/install/velodyne_pointcloud/share/velodyne_pointcloud/cmake/velodyne_pointcloudExport-noconfig.cmake
[15.117s] -- Installing: /home/aiv/ev_ws/perception/install/velodyne_pointcloud/share/velodyne_pointcloud/cmake/ament_cmake_export_include_directories-extras.cmake
[15.117s] -- Installing: /home/aiv/ev_ws/perception/install/velodyne_pointcloud/share/velodyne_pointcloud/cmake/ament_cmake_export_dependencies-extras.cmake
[15.117s] -- Installing: /home/aiv/ev_ws/perception/install/velodyne_pointcloud/share/velodyne_pointcloud/cmake/ament_cmake_export_libraries-extras.cmake
[15.117s] -- Installing: /home/aiv/ev_ws/perception/install/velodyne_pointcloud/share/velodyne_pointcloud/cmake/ament_cmake_export_targets-extras.cmake
[15.117s] -- Installing: /home/aiv/ev_ws/perception/install/velodyne_pointcloud/share/velodyne_pointcloud/cmake/velodyne_pointcloudConfig.cmake
[15.117s] -- Installing: /home/aiv/ev_ws/perception/install/velodyne_pointcloud/share/velodyne_pointcloud/cmake/velodyne_pointcloudConfig-version.cmake
[15.117s] -- Installing: /home/aiv/ev_ws/perception/install/velodyne_pointcloud/share/velodyne_pointcloud/package.xml
[15.118s] Invoked command in '/home/aiv/ev_ws/perception/build/velodyne_pointcloud' returned '0': AMENT_PREFIX_PATH=/home/aiv/ev_ws/perception/install/velodyne_msgs:${AMENT_PREFIX_PATH} CMAKE_PREFIX_PATH=/home/aiv/ev_ws/perception/install/velodyne_msgs:/home/aiv/ev_ws/erp42_ros/install/erp42_serial:/home/aiv/ev_ws/erp42_ros/install/erp42_rqt_plugin:/home/aiv/ev_ws/erp42_ros/install/erp42_gazebo:/home/aiv/ev_ws/erp42_ros/install/erp42_util:/home/aiv/ev_ws/erp42_ros/install/erp42_msgs:/home/aiv/ev_ws/erp42_ros/install/erp42_description:/home/aiv/ev_ws/erp42_ros/install/erp42_cmake:/opt/ros/humble LD_LIBRARY_PATH=/home/aiv/ev_ws/perception/install/velodyne_msgs/lib:${LD_LIBRARY_PATH} PYTHONPATH=/home/aiv/ev_ws/perception/install/velodyne_msgs/local/lib/python3.10/dist-packages:${PYTHONPATH} /usr/bin/cmake --install /home/aiv/ev_ws/perception/build/velodyne_pointcloud
