[0.017s] Invoking command in '/home/aiv/ev_ws/ros2_ver2/build/cluster_filter': CMAKE_PREFIX_PATH=${CMAKE_PREFIX_PATH}:/home/aiv/ros2_study/install/my_second_package:/opt/ros/humble /usr/bin/cmake --build /home/aiv/ev_ws/ros2_ver2/build/cluster_filter -- -j28 -l28
[0.051s] [35m[1mConsolidate compiler generated dependencies of target filter_component[0m
[0.062s] [100%] Built target filter_component
[0.069s] Invoked command in '/home/aiv/ev_ws/ros2_ver2/build/cluster_filter' returned '0': CMAKE_PREFIX_PATH=${CMAKE_PREFIX_PATH}:/home/aiv/ros2_study/install/my_second_package:/opt/ros/humble /usr/bin/cmake --build /home/aiv/ev_ws/ros2_ver2/build/cluster_filter -- -j28 -l28
[0.070s] Invoking command in '/home/aiv/ev_ws/ros2_ver2/build/cluster_filter': CMAKE_PREFIX_PATH=${CMAKE_PREFIX_PATH}:/home/aiv/ros2_study/install/my_second_package:/opt/ros/humble /usr/bin/cmake --install /home/aiv/ev_ws/ros2_ver2/build/cluster_filter
[0.077s] -- Install configuration: ""
[0.077s] -- Up-to-date: /home/aiv/ev_ws/ros2_ver2/install/cluster_filter/lib/libfilter_component.so
[0.077s] -- Up-to-date: /home/aiv/ev_ws/ros2_ver2/install/cluster_filter/include
[0.077s] -- Up-to-date: /home/aiv/ev_ws/ros2_ver2/install/cluster_filter/include/cluster_filter
[0.078s] -- Up-to-date: /home/aiv/ev_ws/ros2_ver2/install/cluster_filter/include/cluster_filter/filter_component.hpp
[0.078s] -- Up-to-date: /home/aiv/ev_ws/ros2_ver2/install/cluster_filter/share/cluster_filter/config
[0.078s] -- Installing: /home/aiv/ev_ws/ros2_ver2/install/cluster_filter/share/cluster_filter/config/filter_params.yaml
[0.078s] -- Up-to-date: /home/aiv/ev_ws/ros2_ver2/install/cluster_filter/share/cluster_filter/environment/library_path.sh
[0.078s] -- Up-to-date: /home/aiv/ev_ws/ros2_ver2/install/cluster_filter/share/cluster_filter/environment/library_path.dsv
[0.078s] -- Up-to-date: /home/aiv/ev_ws/ros2_ver2/install/cluster_filter/share/ament_index/resource_index/package_run_dependencies/cluster_filter
[0.078s] -- Up-to-date: /home/aiv/ev_ws/ros2_ver2/install/cluster_filter/share/ament_index/resource_index/parent_prefix_path/cluster_filter
[0.078s] -- Up-to-date: /home/aiv/ev_ws/ros2_ver2/install/cluster_filter/share/cluster_filter/environment/ament_prefix_path.sh
[0.078s] -- Up-to-date: /home/aiv/ev_ws/ros2_ver2/install/cluster_filter/share/cluster_filter/environment/ament_prefix_path.dsv
[0.078s] -- Up-to-date: /home/aiv/ev_ws/ros2_ver2/install/cluster_filter/share/cluster_filter/environment/path.sh
[0.078s] -- Up-to-date: /home/aiv/ev_ws/ros2_ver2/install/cluster_filter/share/cluster_filter/environment/path.dsv
[0.078s] -- Up-to-date: /home/aiv/ev_ws/ros2_ver2/install/cluster_filter/share/cluster_filter/local_setup.bash
[0.078s] -- Up-to-date: /home/aiv/ev_ws/ros2_ver2/install/cluster_filter/share/cluster_filter/local_setup.sh
[0.078s] -- Up-to-date: /home/aiv/ev_ws/ros2_ver2/install/cluster_filter/share/cluster_filter/local_setup.zsh
[0.078s] -- Up-to-date: /home/aiv/ev_ws/ros2_ver2/install/cluster_filter/share/cluster_filter/local_setup.dsv
[0.078s] -- Installing: /home/aiv/ev_ws/ros2_ver2/install/cluster_filter/share/cluster_filter/package.dsv
[0.078s] -- Up-to-date: /home/aiv/ev_ws/ros2_ver2/install/cluster_filter/share/ament_index/resource_index/packages/cluster_filter
[0.078s] -- Up-to-date: /home/aiv/ev_ws/ros2_ver2/install/cluster_filter/share/ament_index/resource_index/rclcpp_components/cluster_filter
[0.078s] -- Up-to-date: /home/aiv/ev_ws/ros2_ver2/install/cluster_filter/share/cluster_filter/cmake/ament_cmake_export_include_directories-extras.cmake
[0.078s] -- Up-to-date: /home/aiv/ev_ws/ros2_ver2/install/cluster_filter/share/cluster_filter/cmake/ament_cmake_export_libraries-extras.cmake
[0.078s] -- Up-to-date: /home/aiv/ev_ws/ros2_ver2/install/cluster_filter/share/cluster_filter/cmake/ament_cmake_export_dependencies-extras.cmake
[0.079s] -- Up-to-date: /home/aiv/ev_ws/ros2_ver2/install/cluster_filter/share/cluster_filter/cmake/cluster_filterConfig.cmake
[0.079s] -- Up-to-date: /home/aiv/ev_ws/ros2_ver2/install/cluster_filter/share/cluster_filter/cmake/cluster_filterConfig-version.cmake
[0.079s] -- Up-to-date: /home/aiv/ev_ws/ros2_ver2/install/cluster_filter/share/cluster_filter/package.xml
[0.092s] Invoked command in '/home/aiv/ev_ws/ros2_ver2/build/cluster_filter' returned '0': CMAKE_PREFIX_PATH=${CMAKE_PREFIX_PATH}:/home/aiv/ros2_study/install/my_second_package:/opt/ros/humble /usr/bin/cmake --install /home/aiv/ev_ws/ros2_ver2/build/cluster_filter
