-- The C compiler identification is GNU 11.4.0
-- The CXX compiler identification is GNU 11.4.0
-- Detecting C compiler ABI info
-- Detecting C compiler ABI info - done
-- Check for working C compiler: /usr/bin/cc - skipped
-- Detecting C compile features
-- Detecting C compile features - done
-- Detecting CXX compiler ABI info
-- Detecting CXX compiler ABI info - done
-- Check for working CXX compiler: /usr/bin/c++ - skipped
-- Detecting CXX compile features
-- Detecting CXX compile features - done
-- Found ament_cmake: 1.3.12 (/opt/ros/humble/share/ament_cmake/cmake)
-- Found Python3: /usr/bin/python3 (found version "3.10.12") found components: Interpreter 
-- Found rclcpp: 16.0.17 (/opt/ros/humble/share/rclcpp/cmake)
-- Found rosidl_generator_c: 3.1.8 (/opt/ros/humble/share/rosidl_generator_c/cmake)
-- Found rosidl_adapter: 3.1.8 (/opt/ros/humble/share/rosidl_adapter/cmake)
-- Found rosidl_generator_cpp: 3.1.8 (/opt/ros/humble/share/rosidl_generator_cpp/cmake)
-- Using all available rosidl_typesupport_c: rosidl_typesupport_fastrtps_c;rosidl_typesupport_introspection_c
-- Using all available rosidl_typesupport_cpp: rosidl_typesupport_fastrtps_cpp;rosidl_typesupport_introspection_cpp
-- Found rmw_implementation_cmake: 6.1.2 (/opt/ros/humble/share/rmw_implementation_cmake/cmake)
-- Found rmw_fastrtps_cpp: 6.2.9 (/opt/ros/humble/share/rmw_fastrtps_cpp/cmake)
-- Found OpenSSL: /usr/lib/x86_64-linux-gnu/libcrypto.so (found version "3.0.2")  
-- Found FastRTPS: /opt/ros/humble/include  
-- Using RMW implementation 'rmw_fastrtps_cpp' as default
-- Looking for pthread.h
-- Looking for pthread.h - found
-- Performing Test CMAKE_HAVE_LIBC_PTHREAD
-- Performing Test CMAKE_HAVE_LIBC_PTHREAD - Success
-- Found Threads: TRUE  
-- Found rclcpp_components: 16.0.17 (/opt/ros/humble/share/rclcpp_components/cmake)
-- Found sensor_msgs: 4.9.0 (/opt/ros/humble/share/sensor_msgs/cmake)
-- Found visualization_msgs: 4.9.0 (/opt/ros/humble/share/visualization_msgs/cmake)
-- Found lidar_interfaces: 0.0.0 (/home/aiv/ev_ws/perception/install/lidar_interfaces/share/lidar_interfaces/cmake)
-- Configuring done
-- Generating done
-- Build files have been written to: /home/aiv/ev_ws/perception/build/cluster_filter
[ 50%] [32mBuilding CXX object CMakeFiles/filter_component.dir/src/filter_component.cpp.o[0m
[100%] [32m[1mLinking CXX shared library libfilter_component.so[0m
[100%] Built target filter_component
-- Install configuration: ""
-- Installing: /home/aiv/ev_ws/perception/install/cluster_filter/lib/libfilter_component.so
-- Set runtime path of "/home/aiv/ev_ws/perception/install/cluster_filter/lib/libfilter_component.so" to ""
-- Installing: /home/aiv/ev_ws/perception/install/cluster_filter/include
-- Installing: /home/aiv/ev_ws/perception/install/cluster_filter/include/cluster_filter
-- Installing: /home/aiv/ev_ws/perception/install/cluster_filter/include/cluster_filter/filter_component.hpp
-- Installing: /home/aiv/ev_ws/perception/install/cluster_filter/share/cluster_filter/config
-- Installing: /home/aiv/ev_ws/perception/install/cluster_filter/share/cluster_filter/config/filter_params.yaml
-- Installing: /home/aiv/ev_ws/perception/install/cluster_filter/share/cluster_filter/environment/library_path.sh
-- Installing: /home/aiv/ev_ws/perception/install/cluster_filter/share/cluster_filter/environment/library_path.dsv
-- Installing: /home/aiv/ev_ws/perception/install/cluster_filter/share/ament_index/resource_index/package_run_dependencies/cluster_filter
-- Installing: /home/aiv/ev_ws/perception/install/cluster_filter/share/ament_index/resource_index/parent_prefix_path/cluster_filter
-- Installing: /home/aiv/ev_ws/perception/install/cluster_filter/share/cluster_filter/environment/ament_prefix_path.sh
-- Installing: /home/aiv/ev_ws/perception/install/cluster_filter/share/cluster_filter/environment/ament_prefix_path.dsv
-- Installing: /home/aiv/ev_ws/perception/install/cluster_filter/share/cluster_filter/environment/path.sh
-- Installing: /home/aiv/ev_ws/perception/install/cluster_filter/share/cluster_filter/environment/path.dsv
-- Installing: /home/aiv/ev_ws/perception/install/cluster_filter/share/cluster_filter/local_setup.bash
-- Installing: /home/aiv/ev_ws/perception/install/cluster_filter/share/cluster_filter/local_setup.sh
-- Installing: /home/aiv/ev_ws/perception/install/cluster_filter/share/cluster_filter/local_setup.zsh
-- Installing: /home/aiv/ev_ws/perception/install/cluster_filter/share/cluster_filter/local_setup.dsv
-- Installing: /home/aiv/ev_ws/perception/install/cluster_filter/share/cluster_filter/package.dsv
-- Installing: /home/aiv/ev_ws/perception/install/cluster_filter/share/ament_index/resource_index/packages/cluster_filter
-- Installing: /home/aiv/ev_ws/perception/install/cluster_filter/share/ament_index/resource_index/rclcpp_components/cluster_filter
-- Installing: /home/aiv/ev_ws/perception/install/cluster_filter/share/cluster_filter/cmake/ament_cmake_export_include_directories-extras.cmake
-- Installing: /home/aiv/ev_ws/perception/install/cluster_filter/share/cluster_filter/cmake/ament_cmake_export_libraries-extras.cmake
-- Installing: /home/aiv/ev_ws/perception/install/cluster_filter/share/cluster_filter/cmake/ament_cmake_export_dependencies-extras.cmake
-- Installing: /home/aiv/ev_ws/perception/install/cluster_filter/share/cluster_filter/cmake/cluster_filterConfig.cmake
-- Installing: /home/aiv/ev_ws/perception/install/cluster_filter/share/cluster_filter/cmake/cluster_filterConfig-version.cmake
-- Installing: /home/aiv/ev_ws/perception/install/cluster_filter/share/cluster_filter/package.xml
