[0.000000] (-) TimerEvent: {}
[0.000114] (-) JobUnselected: {'identifier': 'cluster_filter'}
[0.000312] (-) JobUnselected: {'identifier': 'lidar_clustering'}
[0.000375] (-) JobUnselected: {'identifier': 'lidar_interfaces'}
[0.000422] (-) JobUnselected: {'identifier': 'lidar_launch'}
[0.000436] (-) JobUnselected: {'identifier': 'lidar_tracking'}
[0.000457] (-) JobUnselected: {'identifier': 'lidar_voxel_grid'}
[0.000503] (-) JobUnselected: {'identifier': 'velodyne'}
[0.000517] (-) JobUnselected: {'identifier': 'velodyne_cropbox'}
[0.000531] (-) JobUnselected: {'identifier': 'velodyne_driver'}
[0.000545] (-) JobUnselected: {'identifier': 'velodyne_laserscan'}
[0.000557] (-) JobUnselected: {'identifier': 'velodyne_msgs'}
[0.000570] (-) JobUnselected: {'identifier': 'velodyne_pointcloud'}
[0.000593] (patchworkpp) JobQueued: {'identifier': 'patchworkpp', 'dependencies': OrderedDict()}
[0.000614] (patchworkpp) JobStarted: {'identifier': 'patchworkpp'}
[0.004050] (patchworkpp) JobProgress: {'identifier': 'patchworkpp', 'progress': 'cmake'}
[0.004761] (patchworkpp) JobProgress: {'identifier': 'patchworkpp', 'progress': 'build'}
[0.005331] (patchworkpp) Command: {'cmd': ['/usr/bin/cmake', '--build', '/home/aiv/ev_ws/perception/build/patchworkpp', '--', '-j28', '-l28'], 'cwd': '/home/aiv/ev_ws/perception/build/patchworkpp', 'env': OrderedDict([('GJS_DEBUG_TOPICS', 'JS ERROR;JS LOG'), ('USER', 'aiv'), ('CLAUDE_CODE_ENTRYPOINT', 'cli'), ('LC_TIME', 'ko_KR.UTF-8'), ('GIT_EDITOR', 'true'), ('XDG_SESSION_TYPE', 'x11'), ('SHLVL', '2'), ('LD_LIBRARY_PATH', '/usr/local/cuda-12.6/lib64:/usr/local/cuda-12.6/lib64:/usr/lib/x86_64-linux-gnu/gazebo-11/plugins:/opt/ros/humble/opt/rviz_ogre_vendor/lib:/opt/ros/humble/lib/x86_64-linux-gnu:/opt/ros/humble/lib:/usr/local/cuda-12.6/lib64'), ('HOME', '/home/aiv'), ('OLDPWD', '/home/aiv/ev_ws'), ('DESKTOP_SESSION', 'ubuntu'), ('NVM_BIN', '/home/aiv/.nvm/versions/node/v24.13.0/bin'), ('NVM_INC', '/home/aiv/.nvm/versions/node/v24.13.0/include/node'), ('GIO_LAUNCHED_DESKTOP_FILE', '/usr/share/applications/terminator.desktop'), ('ROS_PYTHON_VERSION', '3'), ('GNOME_SHELL_SESSION_MODE', 'ubuntu'), ('GTK_MODULES', 'gail:atk-bridge'), ('LC_MONETARY', 'ko_KR.UTF-8'), ('MANAGERPID', '2066'), ('SYSTEMD_EXEC_PID', '2535'), ('DBUS_SESSION_BUS_ADDRESS', 'unix:path=/run/user/1000/bus'), ('COLORTERM', 'truecolor'), ('TERMINATOR_DBUS_NAME', 'net.tenshu.Terminator23558193cd9818af7fe4d2c2f5bd9d00f'), ('GIO_LAUNCHED_DESKTOP_FILE_PID', '3423'), ('NVM_DIR', '/home/aiv/.nvm'), ('ROS_DISTRO', 'humble'), ('GTK_IM_MODULE', 'ibus'), ('LOGNAME', 'aiv'), ('JOURNAL_STREAM', '8:9698'), ('_', '/usr/bin/colcon'), ('ROS_VERSION', '2'), ('XDG_SESSION_CLASS', 'user'), ('USERNAME', 'aiv'), ('TERM', 'xterm-256color'), ('OTEL_EXPORTER_OTLP_METRICS_TEMPORALITY_PREFERENCE', 'delta'), ('GNOME_DESKTOP_SESSION_ID', 'this-is-deprecated'), ('ROS_LOCALHOST_ONLY', '0'), ('WINDOWPATH', '2'), ('PATH', '/usr/local/cuda-12.6/bin:/opt/ros/humble/bin:/home/aiv/.nvm/versions/node/v24.13.0/bin:/usr/local/cuda-12.6/bin:/usr/local/sbin:/usr/local/bin:/usr/sbin:/usr/bin:/sbin:/bin:/usr/games:/usr/local/games:/snap/bin:/snap/bin'), ('SESSION_MANAGER', 'local/aiv:@/tmp/.ICE-unix/2510,unix/aiv:/tmp/.ICE-unix/2510'), ('INVOCATION_ID', 'f3b4240fa7254712a286c98e10705d54'), ('COREPACK_ENABLE_AUTO_PIN', '0'), ('XDG_MENU_PREFIX', 'gnome-'), ('LC_ADDRESS', 'ko_KR.UTF-8'), ('XDG_RUNTIME_DIR', '/run/user/1000'), ('DISPLAY', ':1'), ('TERMINATOR_DBUS_PATH', '/net/tenshu/Terminator2'), ('NoDefaultCurrentDirectoryInExePath', '1'), ('LANG', 'en_US.UTF-8'), ('XDG_CURRENT_DESKTOP', 'ubuntu:GNOME'), ('IBUS_DISABLE_SNOOPER', '1'), ('LC_TELEPHONE', 'ko_KR.UTF-8'), ('XMODIFIERS', '@im=ibus'), ('XDG_SESSION_DESKTOP', 'ubuntu'), ('XAUTHORITY', '/run/user/1000/gdm/Xauthority'), ('SSH_AGENT_LAUNCHER', 'gnome-keyring'), ('SSH_AUTH_SOCK', '/run/user/1000/keyring/ssh'), ('AMENT_PREFIX_PATH', '/opt/ros/humble'), ('SHELL', '/bin/bash'), ('LC_NAME', 'ko_KR.UTF-8'), ('TERMINATOR_UUID', 'urn:uuid:187d0cde-cb80-469c-b140-3489dfb06b3f'), ('QT_ACCESSIBILITY', '1'), ('GDMSESSION', 'ubuntu'), ('CLAUDECODE', '1'), ('LC_MEASUREMENT', 'ko_KR.UTF-8'), ('GPG_AGENT_INFO', '/run/user/1000/gnupg/S.gpg-agent:0:1'), ('GJS_DEBUG_OUTPUT', 'stderr'), ('LC_IDENTIFICATION', 'ko_KR.UTF-8'), ('QT_IM_MODULE', 'ibus'), ('PWD', '/home/aiv/ev_ws/perception/build/patchworkpp'), ('LC_ALL', 'en_US.UTF-8'), ('XDG_CONFIG_DIRS', '/etc/xdg/xdg-ubuntu:/etc/xdg'), ('NVM_CD_FLAGS', ''), ('XDG_DATA_DIRS', '/usr/share/ubuntu:/usr/share/gnome:/usr/local/share/:/usr/share/:/var/lib/snapd/desktop'), ('PYTHONPATH', '/opt/ros/humble/lib/python3.10/site-packages:/opt/ros/humble/local/lib/python3.10/dist-packages'), ('LC_NUMERIC', 'ko_KR.UTF-8'), ('LC_PAPER', 'ko_KR.UTF-8'), ('COLCON', '1'), ('VTE_VERSION', '6800'), ('EDITOR', 'code --wait'), ('CMAKE_PREFIX_PATH', '/opt/ros/humble')]), 'shell': False}
[0.097700] (patchworkpp) StdoutLine: {'line': b'Built target ground_seg_cores\n'}
[0.098776] (patchworkpp) StdoutLine: {'line': b'Built target patchworkpp_node\n'}
[0.099882] (-) TimerEvent: {}
[0.112897] (patchworkpp) StdoutLine: {'line': b'Built target gseg_component\n'}
[0.118164] (patchworkpp) CommandEnded: {'returncode': 0}
[0.119811] (patchworkpp) JobProgress: {'identifier': 'patchworkpp', 'progress': 'install'}
[0.124103] (patchworkpp) Command: {'cmd': ['/usr/bin/cmake', '--install', '/home/aiv/ev_ws/perception/build/patchworkpp'], 'cwd': '/home/aiv/ev_ws/perception/build/patchworkpp', 'env': OrderedDict([('GJS_DEBUG_TOPICS', 'JS ERROR;JS LOG'), ('USER', 'aiv'), ('CLAUDE_CODE_ENTRYPOINT', 'cli'), ('LC_TIME', 'ko_KR.UTF-8'), ('GIT_EDITOR', 'true'), ('XDG_SESSION_TYPE', 'x11'), ('SHLVL', '2'), ('LD_LIBRARY_PATH', '/usr/local/cuda-12.6/lib64:/usr/local/cuda-12.6/lib64:/usr/lib/x86_64-linux-gnu/gazebo-11/plugins:/opt/ros/humble/opt/rviz_ogre_vendor/lib:/opt/ros/humble/lib/x86_64-linux-gnu:/opt/ros/humble/lib:/usr/local/cuda-12.6/lib64'), ('HOME', '/home/aiv'), ('OLDPWD', '/home/aiv/ev_ws'), ('DESKTOP_SESSION', 'ubuntu'), ('NVM_BIN', '/home/aiv/.nvm/versions/node/v24.13.0/bin'), ('NVM_INC', '/home/aiv/.nvm/versions/node/v24.13.0/include/node'), ('GIO_LAUNCHED_DESKTOP_FILE', '/usr/share/applications/terminator.desktop'), ('ROS_PYTHON_VERSION', '3'), ('GNOME_SHELL_SESSION_MODE', 'ubuntu'), ('GTK_MODULES', 'gail:atk-bridge'), ('LC_MONETARY', 'ko_KR.UTF-8'), ('MANAGERPID', '2066'), ('SYSTEMD_EXEC_PID', '2535'), ('DBUS_SESSION_BUS_ADDRESS', 'unix:path=/run/user/1000/bus'), ('COLORTERM', 'truecolor'), ('TERMINATOR_DBUS_NAME', 'net.tenshu.Terminator23558193cd9818af7fe4d2c2f5bd9d00f'), ('GIO_LAUNCHED_DESKTOP_FILE_PID', '3423'), ('NVM_DIR', '/home/aiv/.nvm'), ('ROS_DISTRO', 'humble'), ('GTK_IM_MODULE', 'ibus'), ('LOGNAME', 'aiv'), ('JOURNAL_STREAM', '8:9698'), ('_', '/usr/bin/colcon'), ('ROS_VERSION', '2'), ('XDG_SESSION_CLASS', 'user'), ('USERNAME', 'aiv'), ('TERM', 'xterm-256color'), ('OTEL_EXPORTER_OTLP_METRICS_TEMPORALITY_PREFERENCE', 'delta'), ('GNOME_DESKTOP_SESSION_ID', 'this-is-deprecated'), ('ROS_LOCALHOST_ONLY', '0'), ('WINDOWPATH', '2'), ('PATH', '/usr/local/cuda-12.6/bin:/opt/ros/humble/bin:/home/aiv/.nvm/versions/node/v24.13.0/bin:/usr/local/cuda-12.6/bin:/usr/local/sbin:/usr/local/bin:/usr/sbin:/usr/bin:/sbin:/bin:/usr/games:/usr/local/games:/snap/bin:/snap/bin'), ('SESSION_MANAGER', 'local/aiv:@/tmp/.ICE-unix/2510,unix/aiv:/tmp/.ICE-unix/2510'), ('INVOCATION_ID', 'f3b4240fa7254712a286c98e10705d54'), ('COREPACK_ENABLE_AUTO_PIN', '0'), ('XDG_MENU_PREFIX', 'gnome-'), ('LC_ADDRESS', 'ko_KR.UTF-8'), ('XDG_RUNTIME_DIR', '/run/user/1000'), ('DISPLAY', ':1'), ('TERMINATOR_DBUS_PATH', '/net/tenshu/Terminator2'), ('NoDefaultCurrentDirectoryInExePath', '1'), ('LANG', 'en_US.UTF-8'), ('XDG_CURRENT_DESKTOP', 'ubuntu:GNOME'), ('IBUS_DISABLE_SNOOPER', '1'), ('LC_TELEPHONE', 'ko_KR.UTF-8'), ('XMODIFIERS', '@im=ibus'), ('XDG_SESSION_DESKTOP', 'ubuntu'), ('XAUTHORITY', '/run/user/1000/gdm/Xauthority'), ('SSH_AGENT_LAUNCHER', 'gnome-keyring'), ('SSH_AUTH_SOCK', '/run/user/1000/keyring/ssh'), ('AMENT_PREFIX_PATH', '/opt/ros/humble'), ('SHELL', '/bin/bash'), ('LC_NAME', 'ko_KR.UTF-8'), ('TERMINATOR_UUID', 'urn:uuid:187d0cde-cb80-469c-b140-3489dfb06b3f'), ('QT_ACCESSIBILITY', '1'), ('GDMSESSION', 'ubuntu'), ('CLAUDECODE', '1'), ('LC_MEASUREMENT', 'ko_KR.UTF-8'), ('GPG_AGENT_INFO', '/run/user/1000/gnupg/S.gpg-agent:0:1'), ('GJS_DEBUG_OUTPUT', 'stderr'), ('LC_IDENTIFICATION', 'ko_KR.UTF-8'), ('QT_IM_MODULE', 'ibus'), ('PWD', '/home/aiv/ev_ws/perception/build/patchworkpp'), ('LC_ALL', 'en_US.UTF-8'), ('XDG_CONFIG_DIRS', '/etc/xdg/xdg-ubuntu:/etc/xdg'), ('NVM_CD_FLAGS', ''), ('XDG_DATA_DIRS', '/usr/share/ubuntu:/usr/share/gnome:/usr/local/share/:/usr/share/:/var/lib/snapd/desktop'), ('PYTHONPATH', '/opt/ros/humble/lib/python3.10/site-packages:/opt/ros/humble/local/lib/python3.10/dist-packages'), ('LC_NUMERIC', 'ko_KR.UTF-8'), ('LC_PAPER', 'ko_KR.UTF-8'), ('COLCON', '1'), ('VTE_VERSION', '6800'), ('EDITOR', 'code --wait'), ('CMAKE_PREFIX_PATH', '/opt/ros/humble')]), 'shell': False}
[0.129278] (patchworkpp) StdoutLine: {'line': b'-- Install configuration: "Release"\n'}
[0.129552] (patchworkpp) StdoutLine: {'line': b'-- Up-to-date: /home/aiv/ev_ws/perception/install/patchworkpp/include\n'}
[0.129609] (patchworkpp) StdoutLine: {'line': b'-- Up-to-date: /home/aiv/ev_ws/perception/install/patchworkpp/include/patchwork\n'}
[0.129662] (patchworkpp) StdoutLine: {'line': b'-- Up-to-date: /home/aiv/ev_ws/perception/install/patchworkpp/include/patchwork/patchworkpp.h\n'}
[0.129712] (patchworkpp) StdoutLine: {'line': b'-- Up-to-date: /home/aiv/ev_ws/perception/install/patchworkpp/lib/libground_seg_cores.a\n'}
[0.129816] (patchworkpp) StdoutLine: {'line': b'-- Up-to-date: /home/aiv/ev_ws/perception/install/patchworkpp/lib/cmake/patchworkpp/patchworkppConfig.cmake\n'}
[0.129868] (patchworkpp) StdoutLine: {'line': b'-- Up-to-date: /home/aiv/ev_ws/perception/install/patchworkpp/lib/cmake/patchworkpp/patchworkppConfig-release.cmake\n'}
[0.129916] (patchworkpp) StdoutLine: {'line': b'-- Up-to-date: /home/aiv/ev_ws/perception/install/patchworkpp/lib/cmake/patchworkpp/patchworkppTargets.cmake\n'}
[0.129967] (patchworkpp) StdoutLine: {'line': b'-- Up-to-date: /home/aiv/ev_ws/perception/install/patchworkpp/lib/cmake/patchworkpp/patchworkppTargets-release.cmake\n'}
[0.130093] (patchworkpp) StdoutLine: {'line': b'-- Up-to-date: /home/aiv/ev_ws/perception/install/patchworkpp/lib/patchworkpp/patchworkpp_node\n'}
[0.130140] (patchworkpp) StdoutLine: {'line': b'-- Up-to-date: /home/aiv/ev_ws/perception/install/patchworkpp/lib/libgseg_component.so\n'}
[0.130237] (patchworkpp) StdoutLine: {'line': b'-- Up-to-date: /home/aiv/ev_ws/perception/install/patchworkpp/share/patchworkpp//launch\n'}
[0.130286] (patchworkpp) StdoutLine: {'line': b'-- Installing: /home/aiv/ev_ws/perception/install/patchworkpp/share/patchworkpp//launch/patchworkpp.launch.py\n'}
[0.130436] (patchworkpp) StdoutLine: {'line': b'-- Up-to-date: /home/aiv/ev_ws/perception/install/patchworkpp/share/patchworkpp//rviz\n'}
[0.130793] (patchworkpp) StdoutLine: {'line': b'-- Up-to-date: /home/aiv/ev_ws/perception/install/patchworkpp/share/patchworkpp//rviz/patchworkpp.rviz\n'}
[0.130839] (patchworkpp) StdoutLine: {'line': b'-- Up-to-date: /home/aiv/ev_ws/perception/install/patchworkpp/share/patchworkpp//config\n'}
[0.130886] (patchworkpp) StdoutLine: {'line': b'-- Installing: /home/aiv/ev_ws/perception/install/patchworkpp/share/patchworkpp//config/patchworkpp_params.yaml\n'}
[0.130934] (patchworkpp) StdoutLine: {'line': b'-- Up-to-date: /home/aiv/ev_ws/perception/install/patchworkpp/share/ament_index/resource_index/package_run_dependencies/patchworkpp\n'}
[0.131065] (patchworkpp) StdoutLine: {'line': b'-- Up-to-date: /home/aiv/ev_ws/perception/install/patchworkpp/share/ament_index/resource_index/parent_prefix_path/patchworkpp\n'}
[0.131114] (patchworkpp) StdoutLine: {'line': b'-- Up-to-date: /home/aiv/ev_ws/perception/install/patchworkpp/share/patchworkpp/environment/ament_prefix_path.sh\n'}
[0.131161] (patchworkpp) StdoutLine: {'line': b'-- Up-to-date: /home/aiv/ev_ws/perception/install/patchworkpp/share/patchworkpp/environment/ament_prefix_path.dsv\n'}
[0.131207] (patchworkpp) StdoutLine: {'line': b'-- Up-to-date: /home/aiv/ev_ws/perception/install/patchworkpp/share/patchworkpp/environment/path.sh\n'}
[0.131261] (patchworkpp) StdoutLine: {'line': b'-- Up-to-date: /home/aiv/ev_ws/perception/install/patchworkpp/share/patchworkpp/environment/path.dsv\n'}
[0.131306] (patchworkpp) StdoutLine: {'line': b'-- Up-to-date: /home/aiv/ev_ws/perception/install/patchworkpp/share/patchworkpp/local_setup.bash\n'}
[0.131352] (patchworkpp) StdoutLine: {'line': b'-- Up-to-date: /home/aiv/ev_ws/perception/install/patchworkpp/share/patchworkpp/local_setup.sh\n'}
[0.131398] (patchworkpp) StdoutLine: {'line': b'-- Up-to-date: /home/aiv/ev_ws/perception/install/patchworkpp/share/patchworkpp/local_setup.zsh\n'}
[0.131447] (patchworkpp) StdoutLine: {'line': b'-- Up-to-date: /home/aiv/ev_ws/perception/install/patchworkpp/share/patchworkpp/local_setup.dsv\n'}
[0.131496] (patchworkpp) StdoutLine: {'line': b'-- Installing: /home/aiv/ev_ws/perception/install/patchworkpp/share/patchworkpp/package.dsv\n'}
[0.131544] (patchworkpp) StdoutLine: {'line': b'-- Up-to-date: /home/aiv/ev_ws/perception/install/patchworkpp/share/ament_index/resource_index/packages/patchworkpp\n'}
[0.131593] (patchworkpp) StdoutLine: {'line': b'-- Up-to-date: /home/aiv/ev_ws/perception/install/patchworkpp/share/ament_index/resource_index/rclcpp_components/patchworkpp\n'}
[0.131642] (patchworkpp) StdoutLine: {'line': b'-- Up-to-date: /home/aiv/ev_ws/perception/install/patchworkpp/share/patchworkpp/cmake/patchworkppConfig.cmake\n'}
[0.131691] (patchworkpp) StdoutLine: {'line': b'-- Up-to-date: /home/aiv/ev_ws/perception/install/patchworkpp/share/patchworkpp/cmake/patchworkppConfig-version.cmake\n'}
[0.131793] (patchworkpp) StdoutLine: {'line': b'-- Up-to-date: /home/aiv/ev_ws/perception/install/patchworkpp/share/patchworkpp/package.xml\n'}
[0.132093] (patchworkpp) CommandEnded: {'returncode': 0}
[0.142616] (patchworkpp) JobEnded: {'identifier': 'patchworkpp', 'rc': 0}
[0.142958] (-) EventReactorShutdown: {}
