[0.007s] Invoking command in '/home/aiv/ev_ws/ros2_ver2/build/lidar_voxel_grid': CMAKE_PREFIX_PATH=${CMAKE_PREFIX_PATH}:/home/aiv/ros2_study/install/my_second_package:/opt/ros/humble /usr/bin/cmake --build /home/aiv/ev_ws/ros2_ver2/build/lidar_voxel_grid -- -j28 -l28
[0.048s] [ 50%] Built target voxel_grid_node
[0.052s] [ 75%] Building CXX object CMakeFiles/voxel_grid_component.dir/src/voxel_grid_component.cpp.o
[5.575s] [100%] Linking CXX shared library libvoxel_grid_component.so
[6.108s] [100%] Built target voxel_grid_component
[6.117s] Invoked command in '/home/aiv/ev_ws/ros2_ver2/build/lidar_voxel_grid' returned '0': CMAKE_PREFIX_PATH=${CMAKE_PREFIX_PATH}:/home/aiv/ros2_study/install/my_second_package:/opt/ros/humble /usr/bin/cmake --build /home/aiv/ev_ws/ros2_ver2/build/lidar_voxel_grid -- -j28 -l28
[6.123s] Invoking command in '/home/aiv/ev_ws/ros2_ver2/build/lidar_voxel_grid': CMAKE_PREFIX_PATH=${CMAKE_PREFIX_PATH}:/home/aiv/ros2_study/install/my_second_package:/opt/ros/humble /usr/bin/cmake --install /home/aiv/ev_ws/ros2_ver2/build/lidar_voxel_grid
[6.128s] -- Install configuration: ""
[6.128s] -- Execute custom install script
[6.128s] -- Up-to-date symlink: /home/aiv/ev_ws/ros2_ver2/install/lidar_voxel_grid/lib/lidar_voxel_grid/voxel_grid_node
[6.128s] -- Up-to-date symlink: /home/aiv/ev_ws/ros2_ver2/install/lidar_voxel_grid/lib/libvoxel_grid_component.so
[6.128s] -- Up-to-date symlink: /home/aiv/ev_ws/ros2_ver2/install/lidar_voxel_grid/include/lidar_voxel_grid/voxel_grid_component.hpp
[6.128s] -- Up-to-date symlink: /home/aiv/ev_ws/ros2_ver2/install/lidar_voxel_grid/share/lidar_voxel_grid/config/voxel_grid_params.yaml
[6.128s] -- Up-to-date symlink: /home/aiv/ev_ws/ros2_ver2/install/lidar_voxel_grid/share/ament_index/resource_index/package_run_dependencies/lidar_voxel_grid
[6.128s] -- Up-to-date symlink: /home/aiv/ev_ws/ros2_ver2/install/lidar_voxel_grid/share/ament_index/resource_index/parent_prefix_path/lidar_voxel_grid
[6.129s] -- Up-to-date symlink: /home/aiv/ev_ws/ros2_ver2/install/lidar_voxel_grid/share/lidar_voxel_grid/environment/ament_prefix_path.sh
[6.129s] -- Up-to-date symlink: /home/aiv/ev_ws/ros2_ver2/install/lidar_voxel_grid/share/lidar_voxel_grid/environment/ament_prefix_path.dsv
[6.129s] -- Up-to-date symlink: /home/aiv/ev_ws/ros2_ver2/install/lidar_voxel_grid/share/lidar_voxel_grid/environment/path.sh
[6.129s] -- Up-to-date symlink: /home/aiv/ev_ws/ros2_ver2/install/lidar_voxel_grid/share/lidar_voxel_grid/environment/path.dsv
[6.129s] -- Up-to-date symlink: /home/aiv/ev_ws/ros2_ver2/install/lidar_voxel_grid/share/lidar_voxel_grid/local_setup.bash
[6.129s] -- Up-to-date symlink: /home/aiv/ev_ws/ros2_ver2/install/lidar_voxel_grid/share/lidar_voxel_grid/local_setup.sh
[6.129s] -- Up-to-date symlink: /home/aiv/ev_ws/ros2_ver2/install/lidar_voxel_grid/share/lidar_voxel_grid/local_setup.zsh
[6.129s] -- Up-to-date symlink: /home/aiv/ev_ws/ros2_ver2/install/lidar_voxel_grid/share/lidar_voxel_grid/local_setup.dsv
[6.129s] -- Symlinking: /home/aiv/ev_ws/ros2_ver2/install/lidar_voxel_grid/share/lidar_voxel_grid/package.dsv
[6.135s] -- Up-to-date symlink: /home/aiv/ev_ws/ros2_ver2/install/lidar_voxel_grid/share/ament_index/resource_index/packages/lidar_voxel_grid
[6.135s] -- Up-to-date symlink: /home/aiv/ev_ws/ros2_ver2/install/lidar_voxel_grid/share/ament_index/resource_index/rclcpp_components/lidar_voxel_grid
[6.135s] -- Up-to-date symlink: /home/aiv/ev_ws/ros2_ver2/install/lidar_voxel_grid/share/lidar_voxel_grid/cmake/lidar_voxel_gridConfig.cmake
[6.135s] -- Up-to-date symlink: /home/aiv/ev_ws/ros2_ver2/install/lidar_voxel_grid/share/lidar_voxel_grid/cmake/lidar_voxel_gridConfig-version.cmake
[6.135s] -- Up-to-date symlink: /home/aiv/ev_ws/ros2_ver2/install/lidar_voxel_grid/share/lidar_voxel_grid/package.xml
[6.135s] Invoked command in '/home/aiv/ev_ws/ros2_ver2/build/lidar_voxel_grid' returned '0': CMAKE_PREFIX_PATH=${CMAKE_PREFIX_PATH}:/home/aiv/ros2_study/install/my_second_package:/opt/ros/humble /usr/bin/cmake --install /home/aiv/ev_ws/ros2_ver2/build/lidar_voxel_grid
