[0.000000] (-) TimerEvent: {}
[0.000137] (-) JobUnselected: {'identifier': 'cluster_filter'}
[0.000451] (-) JobUnselected: {'identifier': 'lidar_interfaces'}
[0.000471] (-) JobUnselected: {'identifier': 'lidar_launch'}
[0.000492] (-) JobUnselected: {'identifier': 'lidar_tracking'}
[0.000506] (-) JobUnselected: {'identifier': 'lidar_voxel_grid'}
[0.000559] (-) JobUnselected: {'identifier': 'patchworkpp'}
[0.000574] (-) JobUnselected: {'identifier': 'velodyne'}
[0.000589] (-) JobUnselected: {'identifier': 'velodyne_cropbox'}
[0.000604] (-) JobUnselected: {'identifier': 'velodyne_driver'}
[0.000620] (-) JobUnselected: {'identifier': 'velodyne_laserscan'}
[0.000633] (-) JobUnselected: {'identifier': 'velodyne_msgs'}
[0.000656] (-) JobUnselected: {'identifier': 'velodyne_pointcloud'}
[0.000678] (lidar_clustering) JobQueued: {'identifier': 'lidar_clustering', 'dependencies': OrderedDict()}
[0.000718] (lidar_clustering) JobStarted: {'identifier': 'lidar_clustering'}
[0.004527] (lidar_clustering) JobProgress: {'identifier': 'lidar_clustering', 'progress': 'cmake'}
[0.004993] (lidar_clustering) JobProgress: {'identifier': 'lidar_clustering', 'progress': 'build'}
[0.005471] (lidar_clustering) Command: {'cmd': ['/usr/bin/cmake', '--build', '/home/aiv/ev_ws/perception/build/lidar_clustering', '--', '-j28', '-l28'], 'cwd': '/home/aiv/ev_ws/perception/build/lidar_clustering', 'env': OrderedDict([('GJS_DEBUG_TOPICS', 'JS ERROR;JS LOG'), ('USER', 'aiv'), ('CLAUDE_CODE_ENTRYPOINT', 'cli'), ('LC_TIME', 'ko_KR.UTF-8'), ('GIT_EDITOR', 'true'), ('XDG_SESSION_TYPE', 'x11'), ('SHLVL', '2'), ('LD_LIBRARY_PATH', '/usr/local/cuda-12.6/lib64:/usr/local/cuda-12.6/lib64:/usr/lib/x86_64-linux-gnu/gazebo-11/plugins:/opt/ros/humble/opt/rviz_ogre_vendor/lib:/opt/ros/humble/lib/x86_64-linux-gnu:/opt/ros/humble/lib:/usr/local/cuda-12.6/lib64'), ('HOME', '/home/aiv'), ('OLDPWD', '/home/aiv/ev_ws'), ('DESKTOP_SESSION', 'ubuntu'), ('NVM_BIN', '/home/aiv/.nvm/versions/node/v24.13.0/bin'), ('NVM_INC', '/home/aiv/.nvm/versions/node/v24.13.0/include/node'), ('GIO_LAUNCHED_DESKTOP_FILE', '/usr/share/applications/terminator.desktop'), ('ROS_PYTHON_VERSION', '3'), ('GNOME_SHELL_SESSION_MODE', 'ubuntu'), ('GTK_MODULES', 'gail:atk-bridge'), ('LC_MONETARY', 'ko_KR.UTF-8'), ('MANAGERPID', '2066'), ('SYSTEMD_EXEC_PID', '2535'), ('DBUS_SESSION_BUS_ADDRESS', 'unix:path=/run/user/1000/bus'), ('COLORTERM', 'truecolor'), ('TERMINATOR_DBUS_NAME', 'net.tenshu.Terminator23558193cd9818af7fe4d2c2f5bd9d00f'), ('GIO_LAUNCHED_DESKTOP_FILE_PID', '3423'), ('NVM_DIR', '/home/aiv/.nvm'), ('ROS_DISTRO', 'humble'), ('GTK_IM_MODULE', 'ibus'), ('LOGNAME', 'aiv'), ('JOURNAL_STREAM', '8:9698'), ('_', '/usr/bin/colcon'), ('ROS_VERSION', '2'), ('XDG_SESSION_CLASS', 'user'), ('USERNAME', 'aiv'), ('TERM', 'xterm-256color'), ('OTEL_EXPORTER_OTLP_METRICS_TEMPORALITY_PREFERENCE', 'delta'), ('GNOME_DESKTOP_SESSION_ID', 'this-is-deprecated'), ('ROS_LOCALHOST_ONLY', '0'), ('WINDOWPATH', '2'), ('PATH', '/usr/local/cuda-12.6/bin:/opt/ros/humble/bin:/home/aiv/.nvm/versions/node/v24.13.0/bin:/usr/local/cuda-12.6/bin:/usr/local/sbin:/usr/local/bin:/usr/sbin:/usr/bin:/sbin:/bin:/usr/games:/usr/local/games:/snap/bin:/snap/bin'), ('SESSION_MANAGER', 'local/aiv:@/tmp/.ICE-unix/2510,unix/aiv:/tmp/.ICE-unix/2510'), ('INVOCATION_ID', 'f3b4240fa7254712a286c98e10705d54'), ('COREPACK_ENABLE_AUTO_PIN', '0'), ('XDG_MENU_PREFIX', 'gnome-'), ('LC_ADDRESS', 'ko_KR.UTF-8'), ('XDG_RUNTIME_DIR', '/run/user/1000'), ('DISPLAY', ':1'), ('TERMINATOR_DBUS_PATH', '/net/tenshu/Terminator2'), ('NoDefaultCurrentDirectoryInExePath', '1'), ('LANG', 'en_US.UTF-8'), ('XDG_CURRENT_DESKTOP', 'ubuntu:GNOME'), ('IBUS_DISABLE_SNOOPER', '1'), ('LC_TELEPHONE', 'ko_KR.UTF-8'), ('XMODIFIERS', '@im=ibus'), ('XDG_SESSION_DESKTOP', 'ubuntu'), ('XAUTHORITY', '/run/user/1000/gdm/Xauthority'), ('SSH_AGENT_LAUNCHER', 'gnome-keyring'), ('SSH_AUTH_SOCK', '/run/user/1000/keyring/ssh'), ('AMENT_PREFIX_PATH', '/opt/ros/humble'), ('SHELL', '/bin/bash'), ('LC_NAME', 'ko_KR.UTF-8'), ('TERMINATOR_UUID', 'urn:uuid:187d0cde-cb80-469c-b140-3489dfb06b3f'), ('QT_ACCESSIBILITY', '1'), ('GDMSESSION', 'ubuntu'), ('CLAUDECODE', '1'), ('LC_MEASUREMENT', 'ko_KR.UTF-8'), ('GPG_AGENT_INFO', '/run/user/1000/gnupg/S.gpg-agent:0:1'), ('GJS_DEBUG_OUTPUT', 'stderr'), ('LC_IDENTIFICATION', 'ko_KR.UTF-8'), ('QT_IM_MODULE', 'ibus'), ('PWD', '/home/aiv/ev_ws/perception/build/lidar_clustering'), ('LC_ALL', 'en_US.UTF-8'), ('XDG_CONFIG_DIRS', '/etc/xdg/xdg-ubuntu:/etc/xdg'), ('NVM_CD_FLAGS', ''), ('XDG_DATA_DIRS', '/usr/share/ubuntu:/usr/share/gnome:/usr/local/share/:/usr/share/:/var/lib/snapd/desktop'), ('PYTHONPATH', '/opt/ros/humble/lib/python3.10/site-packages:/opt/ros/humble/local/lib/python3.10/dist-packages'), ('LC_NUMERIC', 'ko_KR.UTF-8'), ('LC_PAPER', 'ko_KR.UTF-8'), ('COLCON', '1'), ('VTE_VERSION', '6800'), ('EDITOR', 'code --wait'), ('CMAKE_PREFIX_PATH', '/opt/ros/humble')]), 'shell': False}
[0.039256] (lidar_clustering) StdoutLine: {'line': b'[ 33%] Built target dbscan_gpu_kernels\n'}
[0.055971] (lidar_clustering) StdoutLine: {'line': b'[ 50%] Building CXX object CMakeFiles/clustering_component.dir/src/clustering_component.cpp.o\n'}
[0.099868] (-) TimerEvent: {}
[0.200027] (-) TimerEvent: {}
[0.300192] (-) TimerEvent: {}
[0.400462] (-) TimerEvent: {}
[0.500665] (-) TimerEvent: {}
[0.600843] (-) TimerEvent: {}
[0.700996] (-) TimerEvent: {}
[0.801236] (-) TimerEvent: {}
[0.901548] (-) TimerEvent: {}
[1.001836] (-) TimerEvent: {}
[1.102074] (-) TimerEvent: {}
[1.202352] (-) TimerEvent: {}
[1.302519] (-) TimerEvent: {}
[1.402700] (-) TimerEvent: {}
[1.502829] (-) TimerEvent: {}
[1.602973] (-) TimerEvent: {}
[1.703135] (-) TimerEvent: {}
[1.803336] (-) TimerEvent: {}
[1.903489] (-) TimerEvent: {}
[2.003684] (-) TimerEvent: {}
[2.103803] (-) TimerEvent: {}
[2.203916] (-) TimerEvent: {}
[2.304051] (-) TimerEvent: {}
[2.404215] (-) TimerEvent: {}
[2.504506] (-) TimerEvent: {}
[2.604746] (-) TimerEvent: {}
[2.704907] (-) TimerEvent: {}
[2.805175] (-) TimerEvent: {}
[2.905429] (-) TimerEvent: {}
[3.005646] (-) TimerEvent: {}
[3.105773] (-) TimerEvent: {}
[3.205879] (-) TimerEvent: {}
[3.306024] (-) TimerEvent: {}
[3.406209] (-) TimerEvent: {}
[3.506392] (-) TimerEvent: {}
[3.606576] (-) TimerEvent: {}
[3.706709] (-) TimerEvent: {}
[3.806842] (-) TimerEvent: {}
[3.906979] (-) TimerEvent: {}
[4.007120] (-) TimerEvent: {}
[4.107297] (-) TimerEvent: {}
[4.207440] (-) TimerEvent: {}
[4.273011] (lidar_clustering) StdoutLine: {'line': b'[ 66%] Linking CUDA device code CMakeFiles/clustering_component.dir/cmake_device_link.o\n'}
[4.307518] (-) TimerEvent: {}
[4.311559] (lidar_clustering) StdoutLine: {'line': b'[ 83%] Linking CXX shared library libclustering_component.so\n'}
[4.407612] (-) TimerEvent: {}
[4.507771] (-) TimerEvent: {}
[4.546192] (lidar_clustering) StdoutLine: {'line': b'[100%] Built target clustering_component\n'}
[4.553279] (lidar_clustering) CommandEnded: {'returncode': 0}
[4.553712] (lidar_clustering) JobProgress: {'identifier': 'lidar_clustering', 'progress': 'install'}
[4.558917] (lidar_clustering) Command: {'cmd': ['/usr/bin/cmake', '--install', '/home/aiv/ev_ws/perception/build/lidar_clustering'], 'cwd': '/home/aiv/ev_ws/perception/build/lidar_clustering', 'env': OrderedDict([('GJS_DEBUG_TOPICS', 'JS ERROR;JS LOG'), ('USER', 'aiv'), ('CLAUDE_CODE_ENTRYPOINT', 'cli'), ('LC_TIME', 'ko_KR.UTF-8'), ('GIT_EDITOR', 'true'), ('XDG_SESSION_TYPE', 'x11'), ('SHLVL', '2'), ('LD_LIBRARY_PATH', '/usr/local/cuda-12.6/lib64:/usr/local/cuda-12.6/lib64:/usr/lib/x86_64-linux-gnu/gazebo-11/plugins:/opt/ros/humble/opt/rviz_ogre_vendor/lib:/opt/ros/humble/lib/x86_64-linux-gnu:/opt/ros/humble/lib:/usr/local/cuda-12.6/lib64'), ('HOME', '/home/aiv'), ('OLDPWD', '/home/aiv/ev_ws'), ('DESKTOP_SESSION', 'ubuntu'), ('NVM_BIN', '/home/aiv/.nvm/versions/node/v24.13.0/bin'), ('NVM_INC', '/home/aiv/.nvm/versions/node/v24.13.0/include/node'), ('GIO_LAUNCHED_DESKTOP_FILE', '/usr/share/applications/terminator.desktop'), ('ROS_PYTHON_VERSION', '3'), ('GNOME_SHELL_SESSION_MODE', 'ubuntu'), ('GTK_MODULES', 'gail:atk-bridge'), ('LC_MONETARY', 'ko_KR.UTF-8'), ('MANAGERPID', '2066'), ('SYSTEMD_EXEC_PID', '2535'), ('DBUS_SESSION_BUS_ADDRESS', 'unix:path=/run/user/1000/bus'), ('COLORTERM', 'truecolor'), ('TERMINATOR_DBUS_NAME', 'net.tenshu.Terminator23558193cd9818af7fe4d2c2f5bd9d00f'), ('GIO_LAUNCHED_DESKTOP_FILE_PID', '3423'), ('NVM_DIR', '/home/aiv/.nvm'), ('ROS_DISTRO', 'humble'), ('GTK_IM_MODULE', 'ibus'), ('LOGNAME', 'aiv'), ('JOURNAL_STREAM', '8:9698'), ('_', '/usr/bin/colcon'), ('ROS_VERSION', '2'), ('XDG_SESSION_CLASS', 'user'), ('USERNAME', 'aiv'), ('TERM', 'xterm-256color'), ('OTEL_EXPORTER_OTLP_METRICS_TEMPORALITY_PREFERENCE', 'delta'), ('GNOME_DESKTOP_SESSION_ID', 'this-is-deprecated'), ('ROS_LOCALHOST_ONLY', '0'), ('WINDOWPATH', '2'), ('PATH', '/usr/local/cuda-12.6/bin:/opt/ros/humble/bin:/home/aiv/.nvm/versions/node/v24.13.0/bin:/usr/local/cuda-12.6/bin:/usr/local/sbin:/usr/local/bin:/usr/sbin:/usr/bin:/sbin:/bin:/usr/games:/usr/local/games:/snap/bin:/snap/bin'), ('SESSION_MANAGER', 'local/aiv:@/tmp/.ICE-unix/2510,unix/aiv:/tmp/.ICE-unix/2510'), ('INVOCATION_ID', 'f3b4240fa7254712a286c98e10705d54'), ('COREPACK_ENABLE_AUTO_PIN', '0'), ('XDG_MENU_PREFIX', 'gnome-'), ('LC_ADDRESS', 'ko_KR.UTF-8'), ('XDG_RUNTIME_DIR', '/run/user/1000'), ('DISPLAY', ':1'), ('TERMINATOR_DBUS_PATH', '/net/tenshu/Terminator2'), ('NoDefaultCurrentDirectoryInExePath', '1'), ('LANG', 'en_US.UTF-8'), ('XDG_CURRENT_DESKTOP', 'ubuntu:GNOME'), ('IBUS_DISABLE_SNOOPER', '1'), ('LC_TELEPHONE', 'ko_KR.UTF-8'), ('XMODIFIERS', '@im=ibus'), ('XDG_SESSION_DESKTOP', 'ubuntu'), ('XAUTHORITY', '/run/user/1000/gdm/Xauthority'), ('SSH_AGENT_LAUNCHER', 'gnome-keyring'), ('SSH_AUTH_SOCK', '/run/user/1000/keyring/ssh'), ('AMENT_PREFIX_PATH', '/opt/ros/humble'), ('SHELL', '/bin/bash'), ('LC_NAME', 'ko_KR.UTF-8'), ('TERMINATOR_UUID', 'urn:uuid:187d0cde-cb80-469c-b140-3489dfb06b3f'), ('QT_ACCESSIBILITY', '1'), ('GDMSESSION', 'ubuntu'), ('CLAUDECODE', '1'), ('LC_MEASUREMENT', 'ko_KR.UTF-8'), ('GPG_AGENT_INFO', '/run/user/1000/gnupg/S.gpg-agent:0:1'), ('GJS_DEBUG_OUTPUT', 'stderr'), ('LC_IDENTIFICATION', 'ko_KR.UTF-8'), ('QT_IM_MODULE', 'ibus'), ('PWD', '/home/aiv/ev_ws/perception/build/lidar_clustering'), ('LC_ALL', 'en_US.UTF-8'), ('XDG_CONFIG_DIRS', '/etc/xdg/xdg-ubuntu:/etc/xdg'), ('NVM_CD_FLAGS', ''), ('XDG_DATA_DIRS', '/usr/share/ubuntu:/usr/share/gnome:/usr/local/share/:/usr/share/:/var/lib/snapd/desktop'), ('PYTHONPATH', '/opt/ros/humble/lib/python3.10/site-packages:/opt/ros/humble/local/lib/python3.10/dist-packages'), ('LC_NUMERIC', 'ko_KR.UTF-8'), ('LC_PAPER', 'ko_KR.UTF-8'), ('COLCON', '1'), ('VTE_VERSION', '6800'), ('EDITOR', 'code --wait'), ('CMAKE_PREFIX_PATH', '/opt/ros/humble')]), 'shell': False}
[4.563395] (lidar_clustering) StdoutLine: {'line': b'-- Install configuration: ""\n'}
[4.563507] (lidar_clustering) StdoutLine: {'line': b'-- Installing: /home/aiv/ev_ws/perception/install/lidar_clustering/lib/libclustering_component.so\n'}
[4.567656] (lidar_clustering) StdoutLine: {'line': b'-- Set runtime path of "/home/aiv/ev_ws/perception/install/lidar_clustering/lib/libclustering_component.so" to ""\n'}
[4.567693] (lidar_clustering) StdoutLine: {'line': b'-- Up-to-date: /home/aiv/ev_ws/perception/install/lidar_clustering/include\n'}
[4.567717] (lidar_clustering) StdoutLine: {'line': b'-- Up-to-date: /home/aiv/ev_ws/perception/install/lidar_clustering/include/lidar_clustering\n'}
[4.567740] (lidar_clustering) StdoutLine: {'line': b'-- Up-to-date: /home/aiv/ev_ws/perception/install/lidar_clustering/include/lidar_clustering/dbscan_gpu.hpp\n'}
[4.567763] (lidar_clustering) StdoutLine: {'line': b'-- Up-to-date: /home/aiv/ev_ws/perception/install/lidar_clustering/include/lidar_clustering/clustering_component.hpp\n'}
[4.567785] (lidar_clustering) StdoutLine: {'line': b'-- Up-to-date: /home/aiv/ev_ws/perception/install/lidar_clustering/include/lidar_clustering/dbscan_gpu_kernels.h\n'}
[4.567807] (lidar_clustering) StdoutLine: {'line': b'-- Up-to-date: /home/aiv/ev_ws/perception/install/lidar_clustering/share/lidar_clustering/config\n'}
[4.567827] (lidar_clustering) StdoutLine: {'line': b'-- Up-to-date: /home/aiv/ev_ws/perception/install/lidar_clustering/share/lidar_clustering/config/clustering_params.yaml\n'}
[4.567856] (lidar_clustering) StdoutLine: {'line': b'-- Up-to-date: /home/aiv/ev_ws/perception/install/lidar_clustering/share/lidar_clustering/environment/library_path.sh\n'}
[4.567963] (lidar_clustering) StdoutLine: {'line': b'-- Up-to-date: /home/aiv/ev_ws/perception/install/lidar_clustering/share/lidar_clustering/environment/library_path.dsv\n'}
[4.567989] (lidar_clustering) StdoutLine: {'line': b'-- Up-to-date: /home/aiv/ev_ws/perception/install/lidar_clustering/share/ament_index/resource_index/package_run_dependencies/lidar_clustering\n'}
[4.568012] (lidar_clustering) StdoutLine: {'line': b'-- Up-to-date: /home/aiv/ev_ws/perception/install/lidar_clustering/share/ament_index/resource_index/parent_prefix_path/lidar_clustering\n'}
[4.568034] (lidar_clustering) StdoutLine: {'line': b'-- Up-to-date: /home/aiv/ev_ws/perception/install/lidar_clustering/share/lidar_clustering/environment/ament_prefix_path.sh\n'}
[4.568055] (lidar_clustering) StdoutLine: {'line': b'-- Up-to-date: /home/aiv/ev_ws/perception/install/lidar_clustering/share/lidar_clustering/environment/ament_prefix_path.dsv\n'}
[4.568076] (lidar_clustering) StdoutLine: {'line': b'-- Up-to-date: /home/aiv/ev_ws/perception/install/lidar_clustering/share/lidar_clustering/environment/path.sh\n'}
[4.568099] (lidar_clustering) StdoutLine: {'line': b'-- Up-to-date: /home/aiv/ev_ws/perception/install/lidar_clustering/share/lidar_clustering/environment/path.dsv\n'}
[4.568123] (lidar_clustering) StdoutLine: {'line': b'-- Up-to-date: /home/aiv/ev_ws/perception/install/lidar_clustering/share/lidar_clustering/local_setup.bash\n'}
[4.568145] (lidar_clustering) StdoutLine: {'line': b'-- Up-to-date: /home/aiv/ev_ws/perception/install/lidar_clustering/share/lidar_clustering/local_setup.sh\n'}
[4.568166] (lidar_clustering) StdoutLine: {'line': b'-- Up-to-date: /home/aiv/ev_ws/perception/install/lidar_clustering/share/lidar_clustering/local_setup.zsh\n'}
[4.568188] (lidar_clustering) StdoutLine: {'line': b'-- Up-to-date: /home/aiv/ev_ws/perception/install/lidar_clustering/share/lidar_clustering/local_setup.dsv\n'}
[4.568210] (lidar_clustering) StdoutLine: {'line': b'-- Installing: /home/aiv/ev_ws/perception/install/lidar_clustering/share/lidar_clustering/package.dsv\n'}
[4.568233] (lidar_clustering) StdoutLine: {'line': b'-- Up-to-date: /home/aiv/ev_ws/perception/install/lidar_clustering/share/ament_index/resource_index/packages/lidar_clustering\n'}
[4.568255] (lidar_clustering) StdoutLine: {'line': b'-- Up-to-date: /home/aiv/ev_ws/perception/install/lidar_clustering/share/ament_index/resource_index/rclcpp_components/lidar_clustering\n'}
[4.568278] (lidar_clustering) StdoutLine: {'line': b'-- Up-to-date: /home/aiv/ev_ws/perception/install/lidar_clustering/share/lidar_clustering/cmake/ament_cmake_export_include_directories-extras.cmake\n'}
[4.568301] (lidar_clustering) StdoutLine: {'line': b'-- Up-to-date: /home/aiv/ev_ws/perception/install/lidar_clustering/share/lidar_clustering/cmake/ament_cmake_export_libraries-extras.cmake\n'}
[4.568344] (lidar_clustering) StdoutLine: {'line': b'-- Up-to-date: /home/aiv/ev_ws/perception/install/lidar_clustering/share/lidar_clustering/cmake/ament_cmake_export_dependencies-extras.cmake\n'}
[4.568367] (lidar_clustering) StdoutLine: {'line': b'-- Up-to-date: /home/aiv/ev_ws/perception/install/lidar_clustering/share/lidar_clustering/cmake/lidar_clusteringConfig.cmake\n'}
[4.568390] (lidar_clustering) StdoutLine: {'line': b'-- Up-to-date: /home/aiv/ev_ws/perception/install/lidar_clustering/share/lidar_clustering/cmake/lidar_clusteringConfig-version.cmake\n'}
[4.568409] (lidar_clustering) StdoutLine: {'line': b'-- Up-to-date: /home/aiv/ev_ws/perception/install/lidar_clustering/share/lidar_clustering/package.xml\n'}
[4.568809] (lidar_clustering) CommandEnded: {'returncode': 0}
[4.577858] (lidar_clustering) JobEnded: {'identifier': 'lidar_clustering', 'rc': 0}
[4.578121] (-) EventReactorShutdown: {}
