[0.018s] Invoking command in '/home/aiv/ev_ws/perception/build/patchworkpp': CMAKE_PREFIX_PATH=${CMAKE_PREFIX_PATH}:/opt/ros/humble /usr/bin/cmake --build /home/aiv/ev_ws/perception/build/patchworkpp -- -j28 -l28
[0.157s] [35m[1mConsolidate compiler generated dependencies of target ground_seg_cores[0m
[0.168s] Built target patchworkpp_node
[0.170s] Built target ground_seg_cores
[0.197s] Built target gseg_component
[0.206s] Invoked command in '/home/aiv/ev_ws/perception/build/patchworkpp' returned '0': CMAKE_PREFIX_PATH=${CMAKE_PREFIX_PATH}:/opt/ros/humble /usr/bin/cmake --build /home/aiv/ev_ws/perception/build/patchworkpp -- -j28 -l28
[0.211s] Invoking command in '/home/aiv/ev_ws/perception/build/patchworkpp': CMAKE_PREFIX_PATH=${CMAKE_PREFIX_PATH}:/opt/ros/humble /usr/bin/cmake --install /home/aiv/ev_ws/perception/build/patchworkpp
[0.216s] -- Install configuration: "Release"
[0.216s] -- Up-to-date: /home/aiv/ev_ws/perception/install/patchworkpp/include
[0.216s] -- Up-to-date: /home/aiv/ev_ws/perception/install/patchworkpp/include/patchwork
[0.216s] -- Up-to-date: /home/aiv/ev_ws/perception/install/patchworkpp/include/patchwork/patchworkpp.h
[0.216s] -- Up-to-date: /home/aiv/ev_ws/perception/install/patchworkpp/lib/libground_seg_cores.a
[0.216s] -- Up-to-date: /home/aiv/ev_ws/perception/install/patchworkpp/lib/cmake/patchworkpp/patchworkppConfig.cmake
[0.216s] -- Up-to-date: /home/aiv/ev_ws/perception/install/patchworkpp/lib/cmake/patchworkpp/patchworkppConfig-release.cmake
[0.217s] -- Up-to-date: /home/aiv/ev_ws/perception/install/patchworkpp/lib/cmake/patchworkpp/patchworkppTargets.cmake
[0.217s] -- Up-to-date: /home/aiv/ev_ws/perception/install/patchworkpp/lib/cmake/patchworkpp/patchworkppTargets-release.cmake
[0.217s] -- Up-to-date: /home/aiv/ev_ws/perception/install/patchworkpp/lib/patchworkpp/patchworkpp_node
[0.217s] -- Up-to-date: /home/aiv/ev_ws/perception/install/patchworkpp/lib/libgseg_component.so
[0.217s] -- Up-to-date: /home/aiv/ev_ws/perception/install/patchworkpp/share/patchworkpp//launch
[0.217s] -- Up-to-date: /home/aiv/ev_ws/perception/install/patchworkpp/share/patchworkpp//launch/patchworkpp.launch.py
[0.217s] -- Up-to-date: /home/aiv/ev_ws/perception/install/patchworkpp/share/patchworkpp//rviz
[0.217s] -- Up-to-date: /home/aiv/ev_ws/perception/install/patchworkpp/share/patchworkpp//rviz/patchworkpp.rviz
[0.217s] -- Up-to-date: /home/aiv/ev_ws/perception/install/patchworkpp/share/patchworkpp//config
[0.217s] -- Installing: /home/aiv/ev_ws/perception/install/patchworkpp/share/patchworkpp//config/patchworkpp_params.yaml
[0.217s] -- Up-to-date: /home/aiv/ev_ws/perception/install/patchworkpp/share/ament_index/resource_index/package_run_dependencies/patchworkpp
[0.217s] -- Up-to-date: /home/aiv/ev_ws/perception/install/patchworkpp/share/ament_index/resource_index/parent_prefix_path/patchworkpp
[0.217s] -- Up-to-date: /home/aiv/ev_ws/perception/install/patchworkpp/share/patchworkpp/environment/ament_prefix_path.sh
[0.217s] -- Up-to-date: /home/aiv/ev_ws/perception/install/patchworkpp/share/patchworkpp/environment/ament_prefix_path.dsv
[0.217s] -- Up-to-date: /home/aiv/ev_ws/perception/install/patchworkpp/share/patchworkpp/environment/path.sh
[0.218s] -- Up-to-date: /home/aiv/ev_ws/perception/install/patchworkpp/share/patchworkpp/environment/path.dsv
[0.218s] -- Up-to-date: /home/aiv/ev_ws/perception/install/patchworkpp/share/patchworkpp/local_setup.bash
[0.218s] -- Up-to-date: /home/aiv/ev_ws/perception/install/patchworkpp/share/patchworkpp/local_setup.sh
[0.218s] -- Up-to-date: /home/aiv/ev_ws/perception/install/patchworkpp/share/patchworkpp/local_setup.zsh
[0.218s] -- Up-to-date: /home/aiv/ev_ws/perception/install/patchworkpp/share/patchworkpp/local_setup.dsv
[0.218s] -- Installing: /home/aiv/ev_ws/perception/install/patchworkpp/share/patchworkpp/package.dsv
[0.218s] -- Up-to-date: /home/aiv/ev_ws/perception/install/patchworkpp/share/ament_index/resource_index/packages/patchworkpp
[0.218s] -- Up-to-date: /home/aiv/ev_ws/perception/install/patchworkpp/share/ament_index/resource_index/rclcpp_components/patchworkpp
[0.218s] -- Up-to-date: /home/aiv/ev_ws/perception/install/patchworkpp/share/patchworkpp/cmake/patchworkppConfig.cmake
[0.218s] -- Up-to-date: /home/aiv/ev_ws/perception/install/patchworkpp/share/patchworkpp/cmake/patchworkppConfig-version.cmake
[0.219s] -- Up-to-date: /home/aiv/ev_ws/perception/install/patchworkpp/share/patchworkpp/package.xml
[0.219s] Invoked command in '/home/aiv/ev_ws/perception/build/patchworkpp' returned '0': CMAKE_PREFIX_PATH=${CMAKE_PREFIX_PATH}:/opt/ros/humble /usr/bin/cmake --install /home/aiv/ev_ws/perception/build/patchworkpp
