[0.010s] Invoking command in '/home/aiv/ev_ws/ros2_ver2/build/cluster_filter': CMAKE_PREFIX_PATH=${CMAKE_PREFIX_PATH}:/home/aiv/ros2_study/install/my_second_package:/opt/ros/humble /usr/bin/cmake /home/aiv/ev_ws/ros2_ver2/src/lidar/cluster_filter -DCMAKE_INSTALL_PREFIX=/home/aiv/ev_ws/ros2_ver2/install/cluster_filter
[0.069s] -- The C compiler identification is GNU 11.4.0
[0.116s] -- The CXX compiler identification is GNU 11.4.0
[0.121s] -- Detecting C compiler ABI info
[0.169s] -- Detecting C compiler ABI info - done
[0.172s] -- Check for working C compiler: /usr/bin/cc - skipped
[0.173s] -- Detecting C compile features
[0.173s] -- Detecting C compile features - done
[0.174s] -- Detecting CXX compiler ABI info
[0.225s] -- Detecting CXX compiler ABI info - done
[0.229s] -- Check for working CXX compiler: /usr/bin/c++ - skipped
[0.229s] -- Detecting CXX compile features
[0.229s] -- Detecting CXX compile features - done
[0.232s] -- Found ament_cmake: 1.3.12 (/opt/ros/humble/share/ament_cmake/cmake)
[0.326s] -- Found Python3: /usr/bin/python3 (found version "3.10.12") found components: Interpreter 
[0.389s] -- Found rclcpp: 16.0.17 (/opt/ros/humble/share/rclcpp/cmake)
[0.424s] -- Found rosidl_generator_c: 3.1.8 (/opt/ros/humble/share/rosidl_generator_c/cmake)
[0.428s] -- Found rosidl_adapter: 3.1.8 (/opt/ros/humble/share/rosidl_adapter/cmake)
[0.435s] -- Found rosidl_generator_cpp: 3.1.8 (/opt/ros/humble/share/rosidl_generator_cpp/cmake)
[0.444s] -- Using all available rosidl_typesupport_c: rosidl_typesupport_fastrtps_c;rosidl_typesupport_introspection_c
[0.458s] -- Using all available rosidl_typesupport_cpp: rosidl_typesupport_fastrtps_cpp;rosidl_typesupport_introspection_cpp
[0.492s] -- Found rmw_implementation_cmake: 6.1.2 (/opt/ros/humble/share/rmw_implementation_cmake/cmake)
[0.495s] -- Found rmw_cyclonedds_cpp: 1.3.4 (/opt/ros/humble/share/rmw_cyclonedds_cpp/cmake)
[0.513s] -- Using RMW implementation 'rmw_cyclonedds_cpp' as default
[0.521s] -- Looking for pthread.h
[0.576s] -- Looking for pthread.h - found
[0.577s] -- Performing Test CMAKE_HAVE_LIBC_PTHREAD
[0.624s] -- Performing Test CMAKE_HAVE_LIBC_PTHREAD - Success
[0.624s] -- Found Threads: TRUE  
[0.660s] -- Found rclcpp_components: 16.0.17 (/opt/ros/humble/share/rclcpp_components/cmake)
[0.678s] -- Found sensor_msgs: 4.9.0 (/opt/ros/humble/share/sensor_msgs/cmake)
[0.736s] -- Configuring done
[0.741s] -- Generating done
[0.742s] -- Build files have been written to: /home/aiv/ev_ws/ros2_ver2/build/cluster_filter
[0.747s] Invoked command in '/home/aiv/ev_ws/ros2_ver2/build/cluster_filter' returned '0': CMAKE_PREFIX_PATH=${CMAKE_PREFIX_PATH}:/home/aiv/ros2_study/install/my_second_package:/opt/ros/humble /usr/bin/cmake /home/aiv/ev_ws/ros2_ver2/src/lidar/cluster_filter -DCMAKE_INSTALL_PREFIX=/home/aiv/ev_ws/ros2_ver2/install/cluster_filter
[0.748s] Invoking command in '/home/aiv/ev_ws/ros2_ver2/build/cluster_filter': CMAKE_PREFIX_PATH=${CMAKE_PREFIX_PATH}:/home/aiv/ros2_study/install/my_second_package:/opt/ros/humble /usr/bin/cmake --build /home/aiv/ev_ws/ros2_ver2/build/cluster_filter -- -j28 -l28
[0.787s] [ 50%] Building CXX object CMakeFiles/filter_component.dir/src/filter_component.cpp.o
[5.811s] [100%] Linking CXX shared library libfilter_component.so
[6.048s] [100%] Built target filter_component
[6.059s] Invoked command in '/home/aiv/ev_ws/ros2_ver2/build/cluster_filter' returned '0': CMAKE_PREFIX_PATH=${CMAKE_PREFIX_PATH}:/home/aiv/ros2_study/install/my_second_package:/opt/ros/humble /usr/bin/cmake --build /home/aiv/ev_ws/ros2_ver2/build/cluster_filter -- -j28 -l28
[6.059s] Invoking command in '/home/aiv/ev_ws/ros2_ver2/build/cluster_filter': CMAKE_PREFIX_PATH=${CMAKE_PREFIX_PATH}:/home/aiv/ros2_study/install/my_second_package:/opt/ros/humble /usr/bin/cmake --install /home/aiv/ev_ws/ros2_ver2/build/cluster_filter
[6.065s] -- Install configuration: ""
[6.065s] -- Installing: /home/aiv/ev_ws/ros2_ver2/install/cluster_filter/lib/libfilter_component.so
[6.068s] -- Set runtime path of "/home/aiv/ev_ws/ros2_ver2/install/cluster_filter/lib/libfilter_component.so" to ""
[6.068s] -- Installing: /home/aiv/ev_ws/ros2_ver2/install/cluster_filter/include
[6.068s] -- Installing: /home/aiv/ev_ws/ros2_ver2/install/cluster_filter/include/cluster_filter
[6.068s] -- Installing: /home/aiv/ev_ws/ros2_ver2/install/cluster_filter/include/cluster_filter/filter_component.hpp
[6.068s] -- Installing: /home/aiv/ev_ws/ros2_ver2/install/cluster_filter/share/cluster_filter/config
[6.068s] -- Installing: /home/aiv/ev_ws/ros2_ver2/install/cluster_filter/share/cluster_filter/config/filter_params.yaml
[6.068s] -- Installing: /home/aiv/ev_ws/ros2_ver2/install/cluster_filter/share/cluster_filter/environment/library_path.sh
[6.068s] -- Installing: /home/aiv/ev_ws/ros2_ver2/install/cluster_filter/share/cluster_filter/environment/library_path.dsv
[6.069s] -- Installing: /home/aiv/ev_ws/ros2_ver2/install/cluster_filter/share/ament_index/resource_index/package_run_dependencies/cluster_filter
[6.069s] -- Installing: /home/aiv/ev_ws/ros2_ver2/install/cluster_filter/share/ament_index/resource_index/parent_prefix_path/cluster_filter
[6.069s] -- Installing: /home/aiv/ev_ws/ros2_ver2/install/cluster_filter/share/cluster_filter/environment/ament_prefix_path.sh
[6.069s] -- Installing: /home/aiv/ev_ws/ros2_ver2/install/cluster_filter/share/cluster_filter/environment/ament_prefix_path.dsv
[6.069s] -- Installing: /home/aiv/ev_ws/ros2_ver2/install/cluster_filter/share/cluster_filter/environment/path.sh
[6.069s] -- Installing: /home/aiv/ev_ws/ros2_ver2/install/cluster_filter/share/cluster_filter/environment/path.dsv
[6.069s] -- Installing: /home/aiv/ev_ws/ros2_ver2/install/cluster_filter/share/cluster_filter/local_setup.bash
[6.069s] -- Installing: /home/aiv/ev_ws/ros2_ver2/install/cluster_filter/share/cluster_filter/local_setup.sh
[6.069s] -- Installing: /home/aiv/ev_ws/ros2_ver2/install/cluster_filter/share/cluster_filter/local_setup.zsh
[6.069s] -- Installing: /home/aiv/ev_ws/ros2_ver2/install/cluster_filter/share/cluster_filter/local_setup.dsv
[6.069s] -- Installing: /home/aiv/ev_ws/ros2_ver2/install/cluster_filter/share/cluster_filter/package.dsv
[6.069s] -- Installing: /home/aiv/ev_ws/ros2_ver2/install/cluster_filter/share/ament_index/resource_index/packages/cluster_filter
[6.069s] -- Installing: /home/aiv/ev_ws/ros2_ver2/install/cluster_filter/share/ament_index/resource_index/rclcpp_components/cluster_filter
[6.069s] -- Installing: /home/aiv/ev_ws/ros2_ver2/install/cluster_filter/share/cluster_filter/cmake/ament_cmake_export_include_directories-extras.cmake
[6.069s] -- Installing: /home/aiv/ev_ws/ros2_ver2/install/cluster_filter/share/cluster_filter/cmake/ament_cmake_export_libraries-extras.cmake
[6.069s] -- Installing: /home/aiv/ev_ws/ros2_ver2/install/cluster_filter/share/cluster_filter/cmake/ament_cmake_export_dependencies-extras.cmake
[6.069s] -- Installing: /home/aiv/ev_ws/ros2_ver2/install/cluster_filter/share/cluster_filter/cmake/cluster_filterConfig.cmake
[6.069s] -- Installing: /home/aiv/ev_ws/ros2_ver2/install/cluster_filter/share/cluster_filter/cmake/cluster_filterConfig-version.cmake
[6.069s] -- Installing: /home/aiv/ev_ws/ros2_ver2/install/cluster_filter/share/cluster_filter/package.xml
[6.070s] Invoked command in '/home/aiv/ev_ws/ros2_ver2/build/cluster_filter' returned '0': CMAKE_PREFIX_PATH=${CMAKE_PREFIX_PATH}:/home/aiv/ros2_study/install/my_second_package:/opt/ros/humble /usr/bin/cmake --install /home/aiv/ev_ws/ros2_ver2/build/cluster_filter
