[35m[1mConsolidate compiler generated dependencies of target filter_component[0m
[ 50%] [32mBuilding CXX object CMakeFiles/filter_component.dir/src/filter_component.cpp.o[0m
[100%] [32m[1mLinking CXX shared library libfilter_component.so[0m
[100%] Built target filter_component
-- Install configuration: ""
-- Installing: /home/aiv/ev_ws/ros2_ver2/install/cluster_filter/lib/libfilter_component.so
-- Set runtime path of "/home/aiv/ev_ws/ros2_ver2/install/cluster_filter/lib/libfilter_component.so" to ""
-- Up-to-date: /home/aiv/ev_ws/ros2_ver2/install/cluster_filter/include
-- Up-to-date: /home/aiv/ev_ws/ros2_ver2/install/cluster_filter/include/cluster_filter
-- Up-to-date: /home/aiv/ev_ws/ros2_ver2/install/cluster_filter/include/cluster_filter/filter_component.hpp
-- Up-to-date: /home/aiv/ev_ws/ros2_ver2/install/cluster_filter/share/cluster_filter/config
-- Up-to-date: /home/aiv/ev_ws/ros2_ver2/install/cluster_filter/share/cluster_filter/config/filter_params.yaml
-- Up-to-date: /home/aiv/ev_ws/ros2_ver2/install/cluster_filter/share/cluster_filter/environment/library_path.sh
-- Up-to-date: /home/aiv/ev_ws/ros2_ver2/install/cluster_filter/share/cluster_filter/environment/library_path.dsv
-- Up-to-date: /home/aiv/ev_ws/ros2_ver2/install/cluster_filter/share/ament_index/resource_index/package_run_dependencies/cluster_filter
-- Up-to-date: /home/aiv/ev_ws/ros2_ver2/install/cluster_filter/share/ament_index/resource_index/parent_prefix_path/cluster_filter
-- Up-to-date: /home/aiv/ev_ws/ros2_ver2/install/cluster_filter/share/cluster_filter/environment/ament_prefix_path.sh
-- Up-to-date: /home/aiv/ev_ws/ros2_ver2/install/cluster_filter/share/cluster_filter/environment/ament_prefix_path.dsv
-- Up-to-date: /home/aiv/ev_ws/ros2_ver2/install/cluster_filter/share/cluster_filter/environment/path.sh
-- Up-to-date: /home/aiv/ev_ws/ros2_ver2/install/cluster_filter/share/cluster_filter/environment/path.dsv
-- Up-to-date: /home/aiv/ev_ws/ros2_ver2/install/cluster_filter/share/cluster_filter/local_setup.bash
-- Up-to-date: /home/aiv/ev_ws/ros2_ver2/install/cluster_filter/share/cluster_filter/local_setup.sh
-- Up-to-date: /home/aiv/ev_ws/ros2_ver2/install/cluster_filter/share/cluster_filter/local_setup.zsh
-- Up-to-date: /home/aiv/ev_ws/ros2_ver2/install/cluster_filter/share/cluster_filter/local_setup.dsv
-- Installing: /home/aiv/ev_ws/ros2_ver2/install/cluster_filter/share/cluster_filter/package.dsv
-- Up-to-date: /home/aiv/ev_ws/ros2_ver2/install/cluster_filter/share/ament_index/resource_index/packages/cluster_filter
-- Up-to-date: /home/aiv/ev_ws/ros2_ver2/install/cluster_filter/share/ament_index/resource_index/rclcpp_components/cluster_filter
-- Up-to-date: /home/aiv/ev_ws/ros2_ver2/install/cluster_filter/share/cluster_filter/cmake/ament_cmake_export_include_directories-extras.cmake
-- Up-to-date: /home/aiv/ev_ws/ros2_ver2/install/cluster_filter/share/cluster_filter/cmake/ament_cmake_export_libraries-extras.cmake
-- Up-to-date: /home/aiv/ev_ws/ros2_ver2/install/cluster_filter/share/cluster_filter/cmake/ament_cmake_export_dependencies-extras.cmake
-- Up-to-date: /home/aiv/ev_ws/ros2_ver2/install/cluster_filter/share/cluster_filter/cmake/cluster_filterConfig.cmake
-- Up-to-date: /home/aiv/ev_ws/ros2_ver2/install/cluster_filter/share/cluster_filter/cmake/cluster_filterConfig-version.cmake
-- Up-to-date: /home/aiv/ev_ws/ros2_ver2/install/cluster_filter/share/cluster_filter/package.xml
