[0.007s] Invoking command in '/home/aiv/ev_ws/ros2_ver2/build/cluster_filter': CMAKE_PREFIX_PATH=${CMAKE_PREFIX_PATH}:/home/aiv/ros2_study/install/my_second_package:/opt/ros/humble /usr/bin/cmake --build /home/aiv/ev_ws/ros2_ver2/build/cluster_filter -- -j28 -l28
[0.050s] [ 50%] Building CXX object CMakeFiles/filter_component.dir/src/filter_component.cpp.o
[5.695s] [100%] Linking CXX shared library libfilter_component.so
[5.976s] [100%] Built target filter_component
[5.984s] Invoked command in '/home/aiv/ev_ws/ros2_ver2/build/cluster_filter' returned '0': CMAKE_PREFIX_PATH=${CMAKE_PREFIX_PATH}:/home/aiv/ros2_study/install/my_second_package:/opt/ros/humble /usr/bin/cmake --build /home/aiv/ev_ws/ros2_ver2/build/cluster_filter -- -j28 -l28
[5.991s] Invoking command in '/home/aiv/ev_ws/ros2_ver2/build/cluster_filter': CMAKE_PREFIX_PATH=${CMAKE_PREFIX_PATH}:/home/aiv/ros2_study/install/my_second_package:/opt/ros/humble /usr/bin/cmake --install /home/aiv/ev_ws/ros2_ver2/build/cluster_filter
[5.997s] -- Install configuration: ""
[5.997s] -- Installing: /home/aiv/ev_ws/ros2_ver2/install/cluster_filter/lib/libfilter_component.so
[6.003s] -- Set runtime path of "/home/aiv/ev_ws/ros2_ver2/install/cluster_filter/lib/libfilter_component.so" to ""
[6.003s] -- Up-to-date: /home/aiv/ev_ws/ros2_ver2/install/cluster_filter/include
[6.003s] -- Up-to-date: /home/aiv/ev_ws/ros2_ver2/install/cluster_filter/include/cluster_filter
[6.003s] -- Up-to-date: /home/aiv/ev_ws/ros2_ver2/install/cluster_filter/include/cluster_filter/filter_component.hpp
[6.003s] -- Up-to-date: /home/aiv/ev_ws/ros2_ver2/install/cluster_filter/share/cluster_filter/config
[6.003s] -- Up-to-date: /home/aiv/ev_ws/ros2_ver2/install/cluster_filter/share/cluster_filter/config/filter_params.yaml
[6.003s] -- Up-to-date: /home/aiv/ev_ws/ros2_ver2/install/cluster_filter/share/cluster_filter/environment/library_path.sh
[6.003s] -- Up-to-date: /home/aiv/ev_ws/ros2_ver2/install/cluster_filter/share/cluster_filter/environment/library_path.dsv
[6.003s] -- Up-to-date: /home/aiv/ev_ws/ros2_ver2/install/cluster_filter/share/ament_index/resource_index/package_run_dependencies/cluster_filter
[6.003s] -- Up-to-date: /home/aiv/ev_ws/ros2_ver2/install/cluster_filter/share/ament_index/resource_index/parent_prefix_path/cluster_filter
[6.003s] -- Up-to-date: /home/aiv/ev_ws/ros2_ver2/install/cluster_filter/share/cluster_filter/environment/ament_prefix_path.sh
[6.003s] -- Up-to-date: /home/aiv/ev_ws/ros2_ver2/install/cluster_filter/share/cluster_filter/environment/ament_prefix_path.dsv
[6.003s] -- Up-to-date: /home/aiv/ev_ws/ros2_ver2/install/cluster_filter/share/cluster_filter/environment/path.sh
[6.003s] -- Up-to-date: /home/aiv/ev_ws/ros2_ver2/install/cluster_filter/share/cluster_filter/environment/path.dsv
[6.003s] -- Up-to-date: /home/aiv/ev_ws/ros2_ver2/install/cluster_filter/share/cluster_filter/local_setup.bash
[6.003s] -- Up-to-date: /home/aiv/ev_ws/ros2_ver2/install/cluster_filter/share/cluster_filter/local_setup.sh
[6.003s] -- Up-to-date: /home/aiv/ev_ws/ros2_ver2/install/cluster_filter/share/cluster_filter/local_setup.zsh
[6.003s] -- Up-to-date: /home/aiv/ev_ws/ros2_ver2/install/cluster_filter/share/cluster_filter/local_setup.dsv
[6.003s] -- Installing: /home/aiv/ev_ws/ros2_ver2/install/cluster_filter/share/cluster_filter/package.dsv
[6.003s] -- Up-to-date: /home/aiv/ev_ws/ros2_ver2/install/cluster_filter/share/ament_index/resource_index/packages/cluster_filter
[6.003s] -- Up-to-date: /home/aiv/ev_ws/ros2_ver2/install/cluster_filter/share/ament_index/resource_index/rclcpp_components/cluster_filter
[6.003s] -- Up-to-date: /home/aiv/ev_ws/ros2_ver2/install/cluster_filter/share/cluster_filter/cmake/ament_cmake_export_include_directories-extras.cmake
[6.003s] -- Up-to-date: /home/aiv/ev_ws/ros2_ver2/install/cluster_filter/share/cluster_filter/cmake/ament_cmake_export_libraries-extras.cmake
[6.004s] -- Up-to-date: /home/aiv/ev_ws/ros2_ver2/install/cluster_filter/share/cluster_filter/cmake/ament_cmake_export_dependencies-extras.cmake
[6.004s] -- Up-to-date: /home/aiv/ev_ws/ros2_ver2/install/cluster_filter/share/cluster_filter/cmake/cluster_filterConfig.cmake
[6.004s] -- Up-to-date: /home/aiv/ev_ws/ros2_ver2/install/cluster_filter/share/cluster_filter/cmake/cluster_filterConfig-version.cmake
[6.004s] -- Up-to-date: /home/aiv/ev_ws/ros2_ver2/install/cluster_filter/share/cluster_filter/package.xml
[6.004s] Invoked command in '/home/aiv/ev_ws/ros2_ver2/build/cluster_filter' returned '0': CMAKE_PREFIX_PATH=${CMAKE_PREFIX_PATH}:/home/aiv/ros2_study/install/my_second_package:/opt/ros/humble /usr/bin/cmake --install /home/aiv/ev_ws/ros2_ver2/build/cluster_filter
