-- The C compiler identification is GNU 11.4.0
-- The CXX compiler identification is GNU 11.4.0
-- Detecting C compiler ABI info
-- Detecting C compiler ABI info - done
-- Check for working C compiler: /usr/bin/cc - skipped
-- Detecting C compile features
-- Detecting C compile features - done
-- Detecting CXX compiler ABI info
-- Detecting CXX compiler ABI info - done
-- Check for working CXX compiler: /usr/bin/c++ - skipped
-- Detecting CXX compile features
-- Detecting CXX compile features - done
-- Found ament_cmake: 1.3.12 (/opt/ros/humble/share/ament_cmake/cmake)
-- Found Python3: /usr/bin/python3 (found version "3.10.12") found components: Interpreter 
-- Found rclcpp: 16.0.17 (/opt/ros/humble/share/rclcpp/cmake)
-- Found rosidl_generator_c: 3.1.8 (/opt/ros/humble/share/rosidl_generator_c/cmake)
-- Found rosidl_adapter: 3.1.8 (/opt/ros/humble/share/rosidl_adapter/cmake)
-- Found rosidl_generator_cpp: 3.1.8 (/opt/ros/humble/share/rosidl_generator_cpp/cmake)
-- Using all available rosidl_typesupport_c: rosidl_typesupport_fastrtps_c;rosidl_typesupport_introspection_c
-- Using all available rosidl_typesupport_cpp: rosidl_typesupport_fastrtps_cpp;rosidl_typesupport_introspection_cpp
-- Found rmw_implementation_cmake: 6.1.2 (/opt/ros/humble/share/rmw_implementation_cmake/cmake)
-- Found rmw_fastrtps_cpp: 6.2.9 (/opt/ros/humble/share/rmw_fastrtps_cpp/cmake)
-- Found OpenSSL: /usr/lib/x86_64-linux-gnu/libcrypto.so (found version "3.0.2")  
-- Found FastRTPS: /opt/ros/humble/include  
-- Using RMW implementation 'rmw_fastrtps_cpp' as default
-- Looking for pthread.h
-- Looking for pthread.h - found
-- Performing Test CMAKE_HAVE_LIBC_PTHREAD
-- Performing Test CMAKE_HAVE_LIBC_PTHREAD - Success
-- Found Threads: TRUE  
-- Found rclcpp_components: 16.0.17 (/opt/ros/humble/share/rclcpp_components/cmake)
-- Found lidar_interfaces: 0.0.0 (/home/aiv/ev_ws/perception/install/lidar_interfaces/share/lidar_interfaces/cmake)
-- Found visualization_msgs: 4.9.0 (/opt/ros/humble/share/visualization_msgs/cmake)
-- Configuring done
-- Generating done
-- Build files have been written to: /home/aiv/ev_ws/perception/build/lidar_tracking
[ 50%] [32mBuilding CXX object CMakeFiles/tracking_component.dir/src/tracking_node.cpp.o[0m
[ 50%] [32mBuilding CXX object CMakeFiles/tracking_component.dir/src/kalman_filter.cpp.o[0m
[ 75%] [32mBuilding CXX object CMakeFiles/tracking_component.dir/src/byte_tracker.cpp.o[0m
[100%] [32m[1mLinking CXX shared library libtracking_component.so[0m
[100%] Built target tracking_component
-- Install configuration: ""
-- Installing: /home/aiv/ev_ws/perception/install/lidar_tracking/lib/libtracking_component.so
-- Set runtime path of "/home/aiv/ev_ws/perception/install/lidar_tracking/lib/libtracking_component.so" to ""
-- Installing: /home/aiv/ev_ws/perception/install/lidar_tracking/include
-- Installing: /home/aiv/ev_ws/perception/install/lidar_tracking/include/lidar_tracking
-- Installing: /home/aiv/ev_ws/perception/install/lidar_tracking/include/lidar_tracking/byte_tracker.hpp
-- Installing: /home/aiv/ev_ws/perception/install/lidar_tracking/include/lidar_tracking/tracking_node.hpp
-- Installing: /home/aiv/ev_ws/perception/install/lidar_tracking/include/lidar_tracking/kalman_filter.hpp
-- Installing: /home/aiv/ev_ws/perception/install/lidar_tracking/share/lidar_tracking/config
-- Installing: /home/aiv/ev_ws/perception/install/lidar_tracking/share/lidar_tracking/config/tracking_params.yaml
-- Installing: /home/aiv/ev_ws/perception/install/lidar_tracking/share/lidar_tracking/environment/library_path.sh
-- Installing: /home/aiv/ev_ws/perception/install/lidar_tracking/share/lidar_tracking/environment/library_path.dsv
-- Installing: /home/aiv/ev_ws/perception/install/lidar_tracking/share/ament_index/resource_index/package_run_dependencies/lidar_tracking
-- Installing: /home/aiv/ev_ws/perception/install/lidar_tracking/share/ament_index/resource_index/parent_prefix_path/lidar_tracking
-- Installing: /home/aiv/ev_ws/perception/install/lidar_tracking/share/lidar_tracking/environment/ament_prefix_path.sh
-- Installing: /home/aiv/ev_ws/perception/install/lidar_tracking/share/lidar_tracking/environment/ament_prefix_path.dsv
-- Installing: /home/aiv/ev_ws/perception/install/lidar_tracking/share/lidar_tracking/environment/path.sh
-- Installing: /home/aiv/ev_ws/perception/install/lidar_tracking/share/lidar_tracking/environment/path.dsv
-- Installing: /home/aiv/ev_ws/perception/install/lidar_tracking/share/lidar_tracking/local_setup.bash
-- Installing: /home/aiv/ev_ws/perception/install/lidar_tracking/share/lidar_tracking/local_setup.sh
-- Installing: /home/aiv/ev_ws/perception/install/lidar_tracking/share/lidar_tracking/local_setup.zsh
-- Installing: /home/aiv/ev_ws/perception/install/lidar_tracking/share/lidar_tracking/local_setup.dsv
-- Installing: /home/aiv/ev_ws/perception/install/lidar_tracking/share/lidar_tracking/package.dsv
-- Installing: /home/aiv/ev_ws/perception/install/lidar_tracking/share/ament_index/resource_index/packages/lidar_tracking
-- Installing: /home/aiv/ev_ws/perception/install/lidar_tracking/share/ament_index/resource_index/rclcpp_components/lidar_tracking
-- Installing: /home/aiv/ev_ws/perception/install/lidar_tracking/share/lidar_tracking/cmake/ament_cmake_export_include_directories-extras.cmake
-- Installing: /home/aiv/ev_ws/perception/install/lidar_tracking/share/lidar_tracking/cmake/ament_cmake_export_libraries-extras.cmake
-- Installing: /home/aiv/ev_ws/perception/install/lidar_tracking/share/lidar_tracking/cmake/ament_cmake_export_dependencies-extras.cmake
-- Installing: /home/aiv/ev_ws/perception/install/lidar_tracking/share/lidar_tracking/cmake/lidar_trackingConfig.cmake
-- Installing: /home/aiv/ev_ws/perception/install/lidar_tracking/share/lidar_tracking/cmake/lidar_trackingConfig-version.cmake
-- Installing: /home/aiv/ev_ws/perception/install/lidar_tracking/share/lidar_tracking/package.xml
