[0.008s] Invoking command in '/home/aiv/ev_ws/perception/build/lidar_tracking': AMENT_PREFIX_PATH=/home/aiv/ev_ws/perception/install/lidar_interfaces:${AMENT_PREFIX_PATH} CMAKE_PREFIX_PATH=/home/aiv/ev_ws/perception/install/lidar_interfaces:/home/aiv/ev_ws/erp42_ros/install/erp42_serial:/home/aiv/ev_ws/erp42_ros/install/erp42_rqt_plugin:/home/aiv/ev_ws/erp42_ros/install/erp42_gazebo:/home/aiv/ev_ws/erp42_ros/install/erp42_util:/home/aiv/ev_ws/erp42_ros/install/erp42_msgs:/home/aiv/ev_ws/erp42_ros/install/erp42_description:/home/aiv/ev_ws/erp42_ros/install/erp42_cmake:/opt/ros/humble LD_LIBRARY_PATH=/home/aiv/ev_ws/perception/install/lidar_interfaces/lib:${LD_LIBRARY_PATH} PYTHONPATH=/home/aiv/ev_ws/perception/install/lidar_interfaces/local/lib/python3.10/dist-packages:${PYTHONPATH} /usr/bin/cmake /home/aiv/ev_ws/perception/src/lidar/lidar_tracking -DCMAKE_INSTALL_PREFIX=/home/aiv/ev_ws/perception/install/lidar_tracking
[0.045s] -- The C compiler identification is GNU 11.4.0
[0.081s] -- The CXX compiler identification is GNU 11.4.0
[0.087s] -- Detecting C compiler ABI info
[0.137s] -- Detecting C compiler ABI info - done
[0.143s] -- Check for working C compiler: /usr/bin/cc - skipped
[0.143s] -- Detecting C compile features
[0.143s] -- Detecting C compile features - done
[0.146s] -- Detecting CXX compiler ABI info
[0.207s] -- Detecting CXX compiler ABI info - done
[0.211s] -- Check for working CXX compiler: /usr/bin/c++ - skipped
[0.211s] -- Detecting CXX compile features
[0.211s] -- Detecting CXX compile features - done
[0.213s] -- Found ament_cmake: 1.3.12 (/opt/ros/humble/share/ament_cmake/cmake)
[0.321s] -- Found Python3: /usr/bin/python3 (found version "3.10.12") found components: Interpreter 
[0.382s] -- Found rclcpp: 16.0.17 (/opt/ros/humble/share/rclcpp/cmake)
[0.416s] -- Found rosidl_generator_c: 3.1.8 (/opt/ros/humble/share/rosidl_generator_c/cmake)
[0.420s] -- Found rosidl_adapter: 3.1.8 (/opt/ros/humble/share/rosidl_adapter/cmake)
[0.425s] -- Found rosidl_generator_cpp: 3.1.8 (/opt/ros/humble/share/rosidl_generator_cpp/cmake)
[0.434s] -- Using all available rosidl_typesupport_c: rosidl_typesupport_fastrtps_c;rosidl_typesupport_introspection_c
[0.444s] -- Using all available rosidl_typesupport_cpp: rosidl_typesupport_fastrtps_cpp;rosidl_typesupport_introspection_cpp
[0.474s] -- Found rmw_implementation_cmake: 6.1.2 (/opt/ros/humble/share/rmw_implementation_cmake/cmake)
[0.476s] -- Found rmw_fastrtps_cpp: 6.2.9 (/opt/ros/humble/share/rmw_fastrtps_cpp/cmake)
[0.538s] -- Found OpenSSL: /usr/lib/x86_64-linux-gnu/libcrypto.so (found version "3.0.2")  
[0.560s] -- Found FastRTPS: /opt/ros/humble/include  
[0.589s] -- Using RMW implementation 'rmw_fastrtps_cpp' as default
[0.597s] -- Looking for pthread.h
[0.642s] -- Looking for pthread.h - found
[0.642s] -- Performing Test CMAKE_HAVE_LIBC_PTHREAD
[0.684s] -- Performing Test CMAKE_HAVE_LIBC_PTHREAD - Success
[0.685s] -- Found Threads: TRUE  
[0.733s] -- Found rclcpp_components: 16.0.17 (/opt/ros/humble/share/rclcpp_components/cmake)
[0.757s] -- Found lidar_interfaces: 0.0.0 (/home/aiv/ev_ws/perception/install/lidar_interfaces/share/lidar_interfaces/cmake)
[0.786s] -- Found visualization_msgs: 4.9.0 (/opt/ros/humble/share/visualization_msgs/cmake)
[0.894s] -- Configuring done
[0.904s] -- Generating done
[0.909s] -- Build files have been written to: /home/aiv/ev_ws/perception/build/lidar_tracking
[0.925s] Invoked command in '/home/aiv/ev_ws/perception/build/lidar_tracking' returned '0': AMENT_PREFIX_PATH=/home/aiv/ev_ws/perception/install/lidar_interfaces:${AMENT_PREFIX_PATH} CMAKE_PREFIX_PATH=/home/aiv/ev_ws/perception/install/lidar_interfaces:/home/aiv/ev_ws/erp42_ros/install/erp42_serial:/home/aiv/ev_ws/erp42_ros/install/erp42_rqt_plugin:/home/aiv/ev_ws/erp42_ros/install/erp42_gazebo:/home/aiv/ev_ws/erp42_ros/install/erp42_util:/home/aiv/ev_ws/erp42_ros/install/erp42_msgs:/home/aiv/ev_ws/erp42_ros/install/erp42_description:/home/aiv/ev_ws/erp42_ros/install/erp42_cmake:/opt/ros/humble LD_LIBRARY_PATH=/home/aiv/ev_ws/perception/install/lidar_interfaces/lib:${LD_LIBRARY_PATH} PYTHONPATH=/home/aiv/ev_ws/perception/install/lidar_interfaces/local/lib/python3.10/dist-packages:${PYTHONPATH} /usr/bin/cmake /home/aiv/ev_ws/perception/src/lidar/lidar_tracking -DCMAKE_INSTALL_PREFIX=/home/aiv/ev_ws/perception/install/lidar_tracking
[0.926s] Invoking command in '/home/aiv/ev_ws/perception/build/lidar_tracking': AMENT_PREFIX_PATH=/home/aiv/ev_ws/perception/install/lidar_interfaces:${AMENT_PREFIX_PATH} CMAKE_PREFIX_PATH=/home/aiv/ev_ws/perception/install/lidar_interfaces:/home/aiv/ev_ws/erp42_ros/install/erp42_serial:/home/aiv/ev_ws/erp42_ros/install/erp42_rqt_plugin:/home/aiv/ev_ws/erp42_ros/install/erp42_gazebo:/home/aiv/ev_ws/erp42_ros/install/erp42_util:/home/aiv/ev_ws/erp42_ros/install/erp42_msgs:/home/aiv/ev_ws/erp42_ros/install/erp42_description:/home/aiv/ev_ws/erp42_ros/install/erp42_cmake:/opt/ros/humble LD_LIBRARY_PATH=/home/aiv/ev_ws/perception/install/lidar_interfaces/lib:${LD_LIBRARY_PATH} PYTHONPATH=/home/aiv/ev_ws/perception/install/lidar_interfaces/local/lib/python3.10/dist-packages:${PYTHONPATH} /usr/bin/cmake --build /home/aiv/ev_ws/perception/build/lidar_tracking -- -j28 -l28
[0.975s] [ 50%] [32mBuilding CXX object CMakeFiles/tracking_component.dir/src/tracking_node.cpp.o[0m
[0.975s] [ 50%] [32mBuilding CXX object CMakeFiles/tracking_component.dir/src/kalman_filter.cpp.o[0m
[0.975s] [ 75%] [32mBuilding CXX object CMakeFiles/tracking_component.dir/src/byte_tracker.cpp.o[0m
[6.555s] [100%] [32m[1mLinking CXX shared library libtracking_component.so[0m
[6.874s] [100%] Built target tracking_component
[6.884s] Invoked command in '/home/aiv/ev_ws/perception/build/lidar_tracking' returned '0': AMENT_PREFIX_PATH=/home/aiv/ev_ws/perception/install/lidar_interfaces:${AMENT_PREFIX_PATH} CMAKE_PREFIX_PATH=/home/aiv/ev_ws/perception/install/lidar_interfaces:/home/aiv/ev_ws/erp42_ros/install/erp42_serial:/home/aiv/ev_ws/erp42_ros/install/erp42_rqt_plugin:/home/aiv/ev_ws/erp42_ros/install/erp42_gazebo:/home/aiv/ev_ws/erp42_ros/install/erp42_util:/home/aiv/ev_ws/erp42_ros/install/erp42_msgs:/home/aiv/ev_ws/erp42_ros/install/erp42_description:/home/aiv/ev_ws/erp42_ros/install/erp42_cmake:/opt/ros/humble LD_LIBRARY_PATH=/home/aiv/ev_ws/perception/install/lidar_interfaces/lib:${LD_LIBRARY_PATH} PYTHONPATH=/home/aiv/ev_ws/perception/install/lidar_interfaces/local/lib/python3.10/dist-packages:${PYTHONPATH} /usr/bin/cmake --build /home/aiv/ev_ws/perception/build/lidar_tracking -- -j28 -l28
[6.884s] Invoking command in '/home/aiv/ev_ws/perception/build/lidar_tracking': AMENT_PREFIX_PATH=/home/aiv/ev_ws/perception/install/lidar_interfaces:${AMENT_PREFIX_PATH} CMAKE_PREFIX_PATH=/home/aiv/ev_ws/perception/install/lidar_interfaces:/home/aiv/ev_ws/erp42_ros/install/erp42_serial:/home/aiv/ev_ws/erp42_ros/install/erp42_rqt_plugin:/home/aiv/ev_ws/erp42_ros/install/erp42_gazebo:/home/aiv/ev_ws/erp42_ros/install/erp42_util:/home/aiv/ev_ws/erp42_ros/install/erp42_msgs:/home/aiv/ev_ws/erp42_ros/install/erp42_description:/home/aiv/ev_ws/erp42_ros/install/erp42_cmake:/opt/ros/humble LD_LIBRARY_PATH=/home/aiv/ev_ws/perception/install/lidar_interfaces/lib:${LD_LIBRARY_PATH} PYTHONPATH=/home/aiv/ev_ws/perception/install/lidar_interfaces/local/lib/python3.10/dist-packages:${PYTHONPATH} /usr/bin/cmake --install /home/aiv/ev_ws/perception/build/lidar_tracking
[6.888s] -- Install configuration: ""
[6.888s] -- Installing: /home/aiv/ev_ws/perception/install/lidar_tracking/lib/libtracking_component.so
[6.892s] -- Set runtime path of "/home/aiv/ev_ws/perception/install/lidar_tracking/lib/libtracking_component.so" to ""
[6.892s] -- Installing: /home/aiv/ev_ws/perception/install/lidar_tracking/include
[6.892s] -- Installing: /home/aiv/ev_ws/perception/install/lidar_tracking/include/lidar_tracking
[6.892s] -- Installing: /home/aiv/ev_ws/perception/install/lidar_tracking/include/lidar_tracking/byte_tracker.hpp
[6.892s] -- Installing: /home/aiv/ev_ws/perception/install/lidar_tracking/include/lidar_tracking/tracking_node.hpp
[6.892s] -- Installing: /home/aiv/ev_ws/perception/install/lidar_tracking/include/lidar_tracking/kalman_filter.hpp
[6.892s] -- Installing: /home/aiv/ev_ws/perception/install/lidar_tracking/share/lidar_tracking/config
[6.893s] -- Installing: /home/aiv/ev_ws/perception/install/lidar_tracking/share/lidar_tracking/config/tracking_params.yaml
[6.893s] -- Installing: /home/aiv/ev_ws/perception/install/lidar_tracking/share/lidar_tracking/environment/library_path.sh
[6.893s] -- Installing: /home/aiv/ev_ws/perception/install/lidar_tracking/share/lidar_tracking/environment/library_path.dsv
[6.893s] -- Installing: /home/aiv/ev_ws/perception/install/lidar_tracking/share/ament_index/resource_index/package_run_dependencies/lidar_tracking
[6.893s] -- Installing: /home/aiv/ev_ws/perception/install/lidar_tracking/share/ament_index/resource_index/parent_prefix_path/lidar_tracking
[6.893s] -- Installing: /home/aiv/ev_ws/perception/install/lidar_tracking/share/lidar_tracking/environment/ament_prefix_path.sh
[6.893s] -- Installing: /home/aiv/ev_ws/perception/install/lidar_tracking/share/lidar_tracking/environment/ament_prefix_path.dsv
[6.893s] -- Installing: /home/aiv/ev_ws/perception/install/lidar_tracking/share/lidar_tracking/environment/path.sh
[6.893s] -- Installing: /home/aiv/ev_ws/perception/install/lidar_tracking/share/lidar_tracking/environment/path.dsv
[6.893s] -- Installing: /home/aiv/ev_ws/perception/install/lidar_tracking/share/lidar_tracking/local_setup.bash
[6.893s] -- Installing: /home/aiv/ev_ws/perception/install/lidar_tracking/share/lidar_tracking/local_setup.sh
[6.893s] -- Installing: /home/aiv/ev_ws/perception/install/lidar_tracking/share/lidar_tracking/local_setup.zsh
[6.893s] -- Installing: /home/aiv/ev_ws/perception/install/lidar_tracking/share/lidar_tracking/local_setup.dsv
[6.893s] -- Installing: /home/aiv/ev_ws/perception/install/lidar_tracking/share/lidar_tracking/package.dsv
[6.893s] -- Installing: /home/aiv/ev_ws/perception/install/lidar_tracking/share/ament_index/resource_index/packages/lidar_tracking
[6.893s] -- Installing: /home/aiv/ev_ws/perception/install/lidar_tracking/share/ament_index/resource_index/rclcpp_components/lidar_tracking
[6.894s] -- Installing: /home/aiv/ev_ws/perception/install/lidar_tracking/share/lidar_tracking/cmake/ament_cmake_export_include_directories-extras.cmake
[6.894s] -- Installing: /home/aiv/ev_ws/perception/install/lidar_tracking/share/lidar_tracking/cmake/ament_cmake_export_libraries-extras.cmake
[6.894s] -- Installing: /home/aiv/ev_ws/perception/install/lidar_tracking/share/lidar_tracking/cmake/ament_cmake_export_dependencies-extras.cmake
[6.894s] -- Installing: /home/aiv/ev_ws/perception/install/lidar_tracking/share/lidar_tracking/cmake/lidar_trackingConfig.cmake
[6.894s] -- Installing: /home/aiv/ev_ws/perception/install/lidar_tracking/share/lidar_tracking/cmake/lidar_trackingConfig-version.cmake
[6.894s] -- Installing: /home/aiv/ev_ws/perception/install/lidar_tracking/share/lidar_tracking/package.xml
[6.895s] Invoked command in '/home/aiv/ev_ws/perception/build/lidar_tracking' returned '0': AMENT_PREFIX_PATH=/home/aiv/ev_ws/perception/install/lidar_interfaces:${AMENT_PREFIX_PATH} CMAKE_PREFIX_PATH=/home/aiv/ev_ws/perception/install/lidar_interfaces:/home/aiv/ev_ws/erp42_ros/install/erp42_serial:/home/aiv/ev_ws/erp42_ros/install/erp42_rqt_plugin:/home/aiv/ev_ws/erp42_ros/install/erp42_gazebo:/home/aiv/ev_ws/erp42_ros/install/erp42_util:/home/aiv/ev_ws/erp42_ros/install/erp42_msgs:/home/aiv/ev_ws/erp42_ros/install/erp42_description:/home/aiv/ev_ws/erp42_ros/install/erp42_cmake:/opt/ros/humble LD_LIBRARY_PATH=/home/aiv/ev_ws/perception/install/lidar_interfaces/lib:${LD_LIBRARY_PATH} PYTHONPATH=/home/aiv/ev_ws/perception/install/lidar_interfaces/local/lib/python3.10/dist-packages:${PYTHONPATH} /usr/bin/cmake --install /home/aiv/ev_ws/perception/build/lidar_tracking
