[0.013s] Invoking command in '/home/aiv/ev_ws/perception/build/velodyne': CMAKE_PREFIX_PATH=/home/aiv/ev_ws/perception/install/velodyne_pointcloud:/home/aiv/ev_ws/perception/install/velodyne_driver:/home/aiv/ev_ws/perception/install/velodyne_msgs:/home/aiv/ev_ws/perception/install/velodyne_laserscan:/home/aiv/ev_ws/perception/install/velodyne:/home/aiv/ev_ws/perception/install/lidar_launch:/home/aiv/ev_ws/perception/install/velodyne_cropbox:/home/aiv/ev_ws/perception/install/patchworkpp:/home/aiv/ev_ws/perception/install/lidar_voxel_grid:/home/aiv/ev_ws/perception/install/lidar_tracking:/home/aiv/ev_ws/perception/install/cluster_filter:/home/aiv/ev_ws/perception/install/lidar_interfaces:/home/aiv/ev_ws/perception/install/lidar_clustering:/home/aiv/ev_ws/carsa_gazebo/install/carsa_gazebo:/home/aiv/ev_ws/erp42_ros/install/erp42_serial:/home/aiv/ev_ws/erp42_ros/install/erp42_rqt_plugin:/home/aiv/ev_ws/erp42_ros/install/erp42_gazebo:/home/aiv/ev_ws/erp42_ros/install/erp42_util:/home/aiv/ev_ws/erp42_ros/install/erp42_msgs:/home/aiv/ev_ws/erp42_ros/install/erp42_description:/home/aiv/ev_ws/erp42_ros/install/erp42_cmake:/opt/ros/humble /usr/bin/cmake --build /home/aiv/ev_ws/perception/build/velodyne -- -j28 -l28
[0.039s] Invoked command in '/home/aiv/ev_ws/perception/build/velodyne' returned '0': CMAKE_PREFIX_PATH=/home/aiv/ev_ws/perception/install/velodyne_pointcloud:/home/aiv/ev_ws/perception/install/velodyne_driver:/home/aiv/ev_ws/perception/install/velodyne_msgs:/home/aiv/ev_ws/perception/install/velodyne_laserscan:/home/aiv/ev_ws/perception/install/velodyne:/home/aiv/ev_ws/perception/install/lidar_launch:/home/aiv/ev_ws/perception/install/velodyne_cropbox:/home/aiv/ev_ws/perception/install/patchworkpp:/home/aiv/ev_ws/perception/install/lidar_voxel_grid:/home/aiv/ev_ws/perception/install/lidar_tracking:/home/aiv/ev_ws/perception/install/cluster_filter:/home/aiv/ev_ws/perception/install/lidar_interfaces:/home/aiv/ev_ws/perception/install/lidar_clustering:/home/aiv/ev_ws/carsa_gazebo/install/carsa_gazebo:/home/aiv/ev_ws/erp42_ros/install/erp42_serial:/home/aiv/ev_ws/erp42_ros/install/erp42_rqt_plugin:/home/aiv/ev_ws/erp42_ros/install/erp42_gazebo:/home/aiv/ev_ws/erp42_ros/install/erp42_util:/home/aiv/ev_ws/erp42_ros/install/erp42_msgs:/home/aiv/ev_ws/erp42_ros/install/erp42_description:/home/aiv/ev_ws/erp42_ros/install/erp42_cmake:/opt/ros/humble /usr/bin/cmake --build /home/aiv/ev_ws/perception/build/velodyne -- -j28 -l28
[0.040s] Invoking command in '/home/aiv/ev_ws/perception/build/velodyne': CMAKE_PREFIX_PATH=/home/aiv/ev_ws/perception/install/velodyne_pointcloud:/home/aiv/ev_ws/perception/install/velodyne_driver:/home/aiv/ev_ws/perception/install/velodyne_msgs:/home/aiv/ev_ws/perception/install/velodyne_laserscan:/home/aiv/ev_ws/perception/install/velodyne:/home/aiv/ev_ws/perception/install/lidar_launch:/home/aiv/ev_ws/perception/install/velodyne_cropbox:/home/aiv/ev_ws/perception/install/patchworkpp:/home/aiv/ev_ws/perception/install/lidar_voxel_grid:/home/aiv/ev_ws/perception/install/lidar_tracking:/home/aiv/ev_ws/perception/install/cluster_filter:/home/aiv/ev_ws/perception/install/lidar_interfaces:/home/aiv/ev_ws/perception/install/lidar_clustering:/home/aiv/ev_ws/carsa_gazebo/install/carsa_gazebo:/home/aiv/ev_ws/erp42_ros/install/erp42_serial:/home/aiv/ev_ws/erp42_ros/install/erp42_rqt_plugin:/home/aiv/ev_ws/erp42_ros/install/erp42_gazebo:/home/aiv/ev_ws/erp42_ros/install/erp42_util:/home/aiv/ev_ws/erp42_ros/install/erp42_msgs:/home/aiv/ev_ws/erp42_ros/install/erp42_description:/home/aiv/ev_ws/erp42_ros/install/erp42_cmake:/opt/ros/humble /usr/bin/cmake --install /home/aiv/ev_ws/perception/build/velodyne
[0.046s] -- Install configuration: ""
[0.046s] -- Up-to-date: /home/aiv/ev_ws/perception/install/velodyne/share/velodyne/launch
[0.046s] -- Up-to-date: /home/aiv/ev_ws/perception/install/velodyne/share/velodyne/launch/velodyne-all-nodes-VLP32C-launch.py
[0.046s] -- Up-to-date: /home/aiv/ev_ws/perception/install/velodyne/share/velodyne/launch/velodyne-all-nodes-VLS128-composed-launch.py
[0.046s] -- Up-to-date: /home/aiv/ev_ws/perception/install/velodyne/share/velodyne/launch/velodyne-all-nodes-VLP16-composed-launch.py
[0.046s] -- Up-to-date: /home/aiv/ev_ws/perception/install/velodyne/share/velodyne/launch/velodyne-all-nodes-VLP32C-composed-launch.py
[0.046s] -- Up-to-date: /home/aiv/ev_ws/perception/install/velodyne/share/velodyne/launch/velodyne-all-nodes-VLS128-launch.py
[0.046s] -- Up-to-date: /home/aiv/ev_ws/perception/install/velodyne/share/velodyne/launch/velodyne-all-nodes-VLP16-launch.py
[0.046s] -- Up-to-date: /home/aiv/ev_ws/perception/install/velodyne/share/ament_index/resource_index/package_run_dependencies/velodyne
[0.046s] -- Up-to-date: /home/aiv/ev_ws/perception/install/velodyne/share/ament_index/resource_index/parent_prefix_path/velodyne
[0.046s] -- Up-to-date: /home/aiv/ev_ws/perception/install/velodyne/share/velodyne/environment/ament_prefix_path.sh
[0.046s] -- Up-to-date: /home/aiv/ev_ws/perception/install/velodyne/share/velodyne/environment/ament_prefix_path.dsv
[0.046s] -- Up-to-date: /home/aiv/ev_ws/perception/install/velodyne/share/velodyne/environment/path.sh
[0.046s] -- Up-to-date: /home/aiv/ev_ws/perception/install/velodyne/share/velodyne/environment/path.dsv
[0.046s] -- Up-to-date: /home/aiv/ev_ws/perception/install/velodyne/share/velodyne/local_setup.bash
[0.046s] -- Up-to-date: /home/aiv/ev_ws/perception/install/velodyne/share/velodyne/local_setup.sh
[0.046s] -- Up-to-date: /home/aiv/ev_ws/perception/install/velodyne/share/velodyne/local_setup.zsh
[0.046s] -- Up-to-date: /home/aiv/ev_ws/perception/install/velodyne/share/velodyne/local_setup.dsv
[0.046s] -- Installing: /home/aiv/ev_ws/perception/install/velodyne/share/velodyne/package.dsv
[0.046s] -- Up-to-date: /home/aiv/ev_ws/perception/install/velodyne/share/ament_index/resource_index/packages/velodyne
[0.046s] -- Up-to-date: /home/aiv/ev_ws/perception/install/velodyne/share/velodyne/cmake/velodyneConfig.cmake
[0.046s] -- Up-to-date: /home/aiv/ev_ws/perception/install/velodyne/share/velodyne/cmake/velodyneConfig-version.cmake
[0.046s] -- Up-to-date: /home/aiv/ev_ws/perception/install/velodyne/share/velodyne/package.xml
[0.048s] Invoked command in '/home/aiv/ev_ws/perception/build/velodyne' returned '0': CMAKE_PREFIX_PATH=/home/aiv/ev_ws/perception/install/velodyne_pointcloud:/home/aiv/ev_ws/perception/install/velodyne_driver:/home/aiv/ev_ws/perception/install/velodyne_msgs:/home/aiv/ev_ws/perception/install/velodyne_laserscan:/home/aiv/ev_ws/perception/install/velodyne:/home/aiv/ev_ws/perception/install/lidar_launch:/home/aiv/ev_ws/perception/install/velodyne_cropbox:/home/aiv/ev_ws/perception/install/patchworkpp:/home/aiv/ev_ws/perception/install/lidar_voxel_grid:/home/aiv/ev_ws/perception/install/lidar_tracking:/home/aiv/ev_ws/perception/install/cluster_filter:/home/aiv/ev_ws/perception/install/lidar_interfaces:/home/aiv/ev_ws/perception/install/lidar_clustering:/home/aiv/ev_ws/carsa_gazebo/install/carsa_gazebo:/home/aiv/ev_ws/erp42_ros/install/erp42_serial:/home/aiv/ev_ws/erp42_ros/install/erp42_rqt_plugin:/home/aiv/ev_ws/erp42_ros/install/erp42_gazebo:/home/aiv/ev_ws/erp42_ros/install/erp42_util:/home/aiv/ev_ws/erp42_ros/install/erp42_msgs:/home/aiv/ev_ws/erp42_ros/install/erp42_description:/home/aiv/ev_ws/erp42_ros/install/erp42_cmake:/opt/ros/humble /usr/bin/cmake --install /home/aiv/ev_ws/perception/build/velodyne
