[0.000000] (-) TimerEvent: {}
[0.000054] (-) JobUnselected: {'identifier': 'cluster_filter'}
[0.000165] (-) JobUnselected: {'identifier': 'lidar_interfaces'}
[0.000421] (-) JobUnselected: {'identifier': 'lidar_launch'}
[0.000437] (-) JobUnselected: {'identifier': 'lidar_tracking'}
[0.000451] (-) JobUnselected: {'identifier': 'lidar_voxel_grid'}
[0.000464] (-) JobUnselected: {'identifier': 'patchworkpp'}
[0.000477] (-) JobUnselected: {'identifier': 'velodyne'}
[0.000490] (-) JobUnselected: {'identifier': 'velodyne_cropbox'}
[0.000503] (-) JobUnselected: {'identifier': 'velodyne_driver'}
[0.000516] (-) JobUnselected: {'identifier': 'velodyne_laserscan'}
[0.000529] (-) JobUnselected: {'identifier': 'velodyne_msgs'}
[0.000542] (-) JobUnselected: {'identifier': 'velodyne_pointcloud'}
[0.000556] (lidar_clustering) JobQueued: {'identifier': 'lidar_clustering', 'dependencies': OrderedDict()}
[0.000572] (lidar_clustering) JobStarted: {'identifier': 'lidar_clustering'}
[0.004317] (lidar_clustering) JobProgress: {'identifier': 'lidar_clustering', 'progress': 'cmake'}
[0.004748] (lidar_clustering) JobProgress: {'identifier': 'lidar_clustering', 'progress': 'build'}
[0.005272] (lidar_clustering) Command: {'cmd': ['/usr/bin/cmake', '--build', '/home/aiv/ev_ws/perception/build/lidar_clustering', '--', '-j28', '-l28'], 'cwd': '/home/aiv/ev_ws/perception/build/lidar_clustering', 'env': OrderedDict([('GJS_DEBUG_TOPICS', 'JS ERROR;JS LOG'), ('USER', 'aiv'), ('CLAUDE_CODE_ENTRYPOINT', 'cli'), ('LC_TIME', 'ko_KR.UTF-8'), ('GIT_EDITOR', 'true'), ('XDG_SESSION_TYPE', 'x11'), ('SHLVL', '2'), ('LD_LIBRARY_PATH', '/usr/local/cuda-12.6/lib64:/usr/local/cuda-12.6/lib64:/usr/lib/x86_64-linux-gnu/gazebo-11/plugins:/opt/ros/humble/opt/rviz_ogre_vendor/lib:/opt/ros/humble/lib/x86_64-linux-gnu:/opt/ros/humble/lib:/usr/local/cuda-12.6/lib64'), ('HOME', '/home/aiv'), ('OLDPWD', '/home/aiv/ev_ws/perception'), ('DESKTOP_SESSION', 'ubuntu'), ('NVM_BIN', '/home/aiv/.nvm/versions/node/v24.13.0/bin'), ('NVM_INC', '/home/aiv/.nvm/versions/node/v24.13.0/include/node'), ('GIO_LAUNCHED_DESKTOP_FILE', '/usr/share/applications/terminator.desktop'), ('ROS_PYTHON_VERSION', '3'), ('GNOME_SHELL_SESSION_MODE', 'ubuntu'), ('GTK_MODULES', 'gail:atk-bridge'), ('LC_MONETARY', 'ko_KR.UTF-8'), ('MANAGERPID', '2066'), ('SYSTEMD_EXEC_PID', '2535'), ('DBUS_SESSION_BUS_ADDRESS', 'unix:path=/run/user/1000/bus'), ('COLORTERM', 'truecolor'), ('TERMINATOR_DBUS_NAME', 'net.tenshu.Terminator23558193cd9818af7fe4d2c2f5bd9d00f'), ('GIO_LAUNCHED_DESKTOP_FILE_PID', '3423'), ('NVM_DIR', '/home/aiv/.nvm'), ('ROS_DISTRO', 'humble'), ('GTK_IM_MODULE', 'ibus'), ('LOGNAME', 'aiv'), ('JOURNAL_STREAM', '8:9698'), ('_', '/usr/bin/colcon'), ('ROS_VERSION', '2'), ('XDG_SESSION_CLASS', 'user'), ('USERNAME', 'aiv'), ('TERM', 'xterm-256color'), ('OTEL_EXPORTER_OTLP_METRICS_TEMPORALITY_PREFERENCE', 'delta'), ('GNOME_DESKTOP_SESSION_ID', 'this-is-deprecated'), ('ROS_LOCALHOST_ONLY', '0'), ('WINDOWPATH', '2'), ('PATH', '/usr/local/cuda-12.6/bin:/opt/ros/humble/bin:/home/aiv/.nvm/versions/node/v24.13.0/bin:/usr/local/cuda-12.6/bin:/usr/local/sbin:/usr/local/bin:/usr/sbin:/usr/bin:/sbin:/bin:/usr/games:/usr/local/games:/snap/bin:/snap/bin'), ('SESSION_MANAGER', 'local/aiv:@/tmp/.ICE-unix/2510,unix/aiv:/tmp/.ICE-unix/2510'), ('INVOCATION_ID', 'f3b4240fa7254712a286c98e10705d54'), ('COREPACK_ENABLE_AUTO_PIN', '0'), ('XDG_MENU_PREFIX', 'gnome-'), ('LC_ADDRESS', 'ko_KR.UTF-8'), ('XDG_RUNTIME_DIR', '/run/user/1000'), ('DISPLAY', ':1'), ('TERMINATOR_DBUS_PATH', '/net/tenshu/Terminator2'), ('NoDefaultCurrentDirectoryInExePath', '1'), ('LANG', 'en_US.UTF-8'), ('XDG_CURRENT_DESKTOP', 'ubuntu:GNOME'), ('IBUS_DISABLE_SNOOPER', '1'), ('LC_TELEPHONE', 'ko_KR.UTF-8'), ('XMODIFIERS', '@im=ibus'), ('XDG_SESSION_DESKTOP', 'ubuntu'), ('XAUTHORITY', '/run/user/1000/gdm/Xauthority'), ('SSH_AGENT_LAUNCHER', 'gnome-keyring'), ('SSH_AUTH_SOCK', '/run/user/1000/keyring/ssh'), ('AMENT_PREFIX_PATH', '/opt/ros/humble'), ('SHELL', '/bin/bash'), ('LC_NAME', 'ko_KR.UTF-8'), ('TERMINATOR_UUID', 'urn:uuid:187d0cde-cb80-469c-b140-3489dfb06b3f'), ('QT_ACCESSIBILITY', '1'), ('GDMSESSION', 'ubuntu'), ('CLAUDECODE', '1'), ('LC_MEASUREMENT', 'ko_KR.UTF-8'), ('GPG_AGENT_INFO', '/run/user/1000/gnupg/S.gpg-agent:0:1'), ('GJS_DEBUG_OUTPUT', 'stderr'), ('LC_IDENTIFICATION', 'ko_KR.UTF-8'), ('QT_IM_MODULE', 'ibus'), ('PWD', '/home/aiv/ev_ws/perception/build/lidar_clustering'), ('LC_ALL', 'en_US.UTF-8'), ('XDG_CONFIG_DIRS', '/etc/xdg/xdg-ubuntu:/etc/xdg'), ('NVM_CD_FLAGS', ''), ('XDG_DATA_DIRS', '/usr/share/ubuntu:/usr/share/gnome:/usr/local/share/:/usr/share/:/var/lib/snapd/desktop'), ('PYTHONPATH', '/opt/ros/humble/lib/python3.10/site-packages:/opt/ros/humble/local/lib/python3.10/dist-packages'), ('LC_NUMERIC', 'ko_KR.UTF-8'), ('LC_PAPER', 'ko_KR.UTF-8'), ('COLCON', '1'), ('VTE_VERSION', '6800'), ('EDITOR', 'code --wait'), ('CMAKE_PREFIX_PATH', '/opt/ros/humble')]), 'shell': False}
[0.037761] (lidar_clustering) StdoutLine: {'line': b'[ 33%] Built target dbscan_gpu_kernels\n'}
[0.048414] (lidar_clustering) StdoutLine: {'line': b'Consolidate compiler generated dependencies of target clustering_component\n'}
[0.055310] (lidar_clustering) StdoutLine: {'line': b'[ 50%] Building CXX object CMakeFiles/clustering_component.dir/src/clustering_component.cpp.o\n'}
[0.099882] (-) TimerEvent: {}
[0.200030] (-) TimerEvent: {}
[0.300350] (-) TimerEvent: {}
[0.400518] (-) TimerEvent: {}
[0.500696] (-) TimerEvent: {}
[0.600958] (-) TimerEvent: {}
[0.701097] (-) TimerEvent: {}
[0.801255] (-) TimerEvent: {}
[0.901369] (-) TimerEvent: {}
[1.001476] (-) TimerEvent: {}
[1.101592] (-) TimerEvent: {}
[1.201744] (-) TimerEvent: {}
[1.301928] (-) TimerEvent: {}
[1.402198] (-) TimerEvent: {}
[1.502386] (-) TimerEvent: {}
[1.602534] (-) TimerEvent: {}
[1.702718] (-) TimerEvent: {}
[1.802857] (-) TimerEvent: {}
[1.903337] (-) TimerEvent: {}
[2.003521] (-) TimerEvent: {}
[2.103693] (-) TimerEvent: {}
[2.203842] (-) TimerEvent: {}
[2.303975] (-) TimerEvent: {}
[2.404122] (-) TimerEvent: {}
[2.504270] (-) TimerEvent: {}
[2.604425] (-) TimerEvent: {}
[2.704559] (-) TimerEvent: {}
[2.804690] (-) TimerEvent: {}
[2.904837] (-) TimerEvent: {}
[3.004989] (-) TimerEvent: {}
[3.105248] (-) TimerEvent: {}
[3.205399] (-) TimerEvent: {}
[3.305525] (-) TimerEvent: {}
[3.405617] (-) TimerEvent: {}
[3.505742] (-) TimerEvent: {}
[3.605862] (-) TimerEvent: {}
[3.706000] (-) TimerEvent: {}
[3.806340] (-) TimerEvent: {}
[3.906620] (-) TimerEvent: {}
[4.006907] (-) TimerEvent: {}
[4.107224] (-) TimerEvent: {}
[4.207501] (-) TimerEvent: {}
[4.251236] (lidar_clustering) StdoutLine: {'line': b'[ 66%] Linking CUDA device code CMakeFiles/clustering_component.dir/cmake_device_link.o\n'}
[4.287010] (lidar_clustering) StdoutLine: {'line': b'[ 83%] Linking CXX shared library libclustering_component.so\n'}
[4.307593] (-) TimerEvent: {}
[4.407808] (-) TimerEvent: {}
[4.507962] (-) TimerEvent: {}
[4.523007] (lidar_clustering) StdoutLine: {'line': b'[100%] Built target clustering_component\n'}
[4.528931] (lidar_clustering) CommandEnded: {'returncode': 0}
[4.529356] (lidar_clustering) JobProgress: {'identifier': 'lidar_clustering', 'progress': 'install'}
[4.533425] (lidar_clustering) Command: {'cmd': ['/usr/bin/cmake', '--install', '/home/aiv/ev_ws/perception/build/lidar_clustering'], 'cwd': '/home/aiv/ev_ws/perception/build/lidar_clustering', 'env': OrderedDict([('GJS_DEBUG_TOPICS', 'JS ERROR;JS LOG'), ('USER', 'aiv'), ('CLAUDE_CODE_ENTRYPOINT', 'cli'), ('LC_TIME', 'ko_KR.UTF-8'), ('GIT_EDITOR', 'true'), ('XDG_SESSION_TYPE', 'x11'), ('SHLVL', '2'), ('LD_LIBRARY_PATH', '/usr/local/cuda-12.6/lib64:/usr/local/cuda-12.6/lib64:/usr/lib/x86_64-linux-gnu/gazebo-11/plugins:/opt/ros/humble/opt/rviz_ogre_vendor/lib:/opt/ros/humble/lib/x86_64-linux-gnu:/opt/ros/humble/lib:/usr/local/cuda-12.6/lib64'), ('HOME', '/home/aiv'), ('OLDPWD', '/home/aiv/ev_ws/perception'), ('DESKTOP_SESSION', 'ubuntu'), ('NVM_BIN', '/home/aiv/.nvm/versions/node/v24.13.0/bin'), ('NVM_INC', '/home/aiv/.nvm/versions/node/v24.13.0/include/node'), ('GIO_LAUNCHED_DESKTOP_FILE', '/usr/share/applications/terminator.desktop'), ('ROS_PYTHON_VERSION', '3'), ('GNOME_SHELL_SESSION_MODE', 'ubuntu'), ('GTK_MODULES', 'gail:atk-bridge'), ('LC_MONETARY', 'ko_KR.UTF-8'), ('MANAGERPID', '2066'), ('SYSTEMD_EXEC_PID', '2535'), ('DBUS_SESSION_BUS_ADDRESS', 'unix:path=/run/user/1000/bus'), ('COLORTERM', 'truecolor'), ('TERMINATOR_DBUS_NAME', 'net.tenshu.Terminator23558193cd9818af7fe4d2c2f5bd9d00f'), ('GIO_LAUNCHED_DESKTOP_FILE_PID', '3423'), ('NVM_DIR', '/home/aiv/.nvm'), ('ROS_DISTRO', 'humble'), ('GTK_IM_MODULE', 'ibus'), ('LOGNAME', 'aiv'), ('JOURNAL_STREAM', '8:9698'), ('_', '/usr/bin/colcon'), ('ROS_VERSION', '2'), ('XDG_SESSION_CLASS', 'user'), ('USERNAME', 'aiv'), ('TERM', 'xterm-256color'), ('OTEL_EXPORTER_OTLP_METRICS_TEMPORALITY_PREFERENCE', 'delta'), ('GNOME_DESKTOP_SESSION_ID', 'this-is-deprecated'), ('ROS_LOCALHOST_ONLY', '0'), ('WINDOWPATH', '2'), ('PATH', '/usr/local/cuda-12.6/bin:/opt/ros/humble/bin:/home/aiv/.nvm/versions/node/v24.13.0/bin:/usr/local/cuda-12.6/bin:/usr/local/sbin:/usr/local/bin:/usr/sbin:/usr/bin:/sbin:/bin:/usr/games:/usr/local/games:/snap/bin:/snap/bin'), ('SESSION_MANAGER', 'local/aiv:@/tmp/.ICE-unix/2510,unix/aiv:/tmp/.ICE-unix/2510'), ('INVOCATION_ID', 'f3b4240fa7254712a286c98e10705d54'), ('COREPACK_ENABLE_AUTO_PIN', '0'), ('XDG_MENU_PREFIX', 'gnome-'), ('LC_ADDRESS', 'ko_KR.UTF-8'), ('XDG_RUNTIME_DIR', '/run/user/1000'), ('DISPLAY', ':1'), ('TERMINATOR_DBUS_PATH', '/net/tenshu/Terminator2'), ('NoDefaultCurrentDirectoryInExePath', '1'), ('LANG', 'en_US.UTF-8'), ('XDG_CURRENT_DESKTOP', 'ubuntu:GNOME'), ('IBUS_DISABLE_SNOOPER', '1'), ('LC_TELEPHONE', 'ko_KR.UTF-8'), ('XMODIFIERS', '@im=ibus'), ('XDG_SESSION_DESKTOP', 'ubuntu'), ('XAUTHORITY', '/run/user/1000/gdm/Xauthority'), ('SSH_AGENT_LAUNCHER', 'gnome-keyring'), ('SSH_AUTH_SOCK', '/run/user/1000/keyring/ssh'), ('AMENT_PREFIX_PATH', '/opt/ros/humble'), ('SHELL', '/bin/bash'), ('LC_NAME', 'ko_KR.UTF-8'), ('TERMINATOR_UUID', 'urn:uuid:187d0cde-cb80-469c-b140-3489dfb06b3f'), ('QT_ACCESSIBILITY', '1'), ('GDMSESSION', 'ubuntu'), ('CLAUDECODE', '1'), ('LC_MEASUREMENT', 'ko_KR.UTF-8'), ('GPG_AGENT_INFO', '/run/user/1000/gnupg/S.gpg-agent:0:1'), ('GJS_DEBUG_OUTPUT', 'stderr'), ('LC_IDENTIFICATION', 'ko_KR.UTF-8'), ('QT_IM_MODULE', 'ibus'), ('PWD', '/home/aiv/ev_ws/perception/build/lidar_clustering'), ('LC_ALL', 'en_US.UTF-8'), ('XDG_CONFIG_DIRS', '/etc/xdg/xdg-ubuntu:/etc/xdg'), ('NVM_CD_FLAGS', ''), ('XDG_DATA_DIRS', '/usr/share/ubuntu:/usr/share/gnome:/usr/local/share/:/usr/share/:/var/lib/snapd/desktop'), ('PYTHONPATH', '/opt/ros/humble/lib/python3.10/site-packages:/opt/ros/humble/local/lib/python3.10/dist-packages'), ('LC_NUMERIC', 'ko_KR.UTF-8'), ('LC_PAPER', 'ko_KR.UTF-8'), ('COLCON', '1'), ('VTE_VERSION', '6800'), ('EDITOR', 'code --wait'), ('CMAKE_PREFIX_PATH', '/opt/ros/humble')]), 'shell': False}
[4.538609] (lidar_clustering) StdoutLine: {'line': b'-- Install configuration: ""\n'}
[4.538673] (lidar_clustering) StdoutLine: {'line': b'-- Installing: /home/aiv/ev_ws/perception/install/lidar_clustering/lib/libclustering_component.so\n'}
[4.542602] (lidar_clustering) StdoutLine: {'line': b'-- Set runtime path of "/home/aiv/ev_ws/perception/install/lidar_clustering/lib/libclustering_component.so" to ""\n'}
[4.542702] (lidar_clustering) StdoutLine: {'line': b'-- Up-to-date: /home/aiv/ev_ws/perception/install/lidar_clustering/include\n'}
[4.542733] (lidar_clustering) StdoutLine: {'line': b'-- Up-to-date: /home/aiv/ev_ws/perception/install/lidar_clustering/include/lidar_clustering\n'}
[4.542761] (lidar_clustering) StdoutLine: {'line': b'-- Up-to-date: /home/aiv/ev_ws/perception/install/lidar_clustering/include/lidar_clustering/dbscan_gpu.hpp\n'}
[4.542786] (lidar_clustering) StdoutLine: {'line': b'-- Installing: /home/aiv/ev_ws/perception/install/lidar_clustering/include/lidar_clustering/clustering_component.hpp\n'}
[4.542815] (lidar_clustering) StdoutLine: {'line': b'-- Up-to-date: /home/aiv/ev_ws/perception/install/lidar_clustering/include/lidar_clustering/dbscan_gpu_kernels.h\n'}
[4.542840] (lidar_clustering) StdoutLine: {'line': b'-- Up-to-date: /home/aiv/ev_ws/perception/install/lidar_clustering/share/lidar_clustering/config\n'}
[4.542907] (lidar_clustering) StdoutLine: {'line': b'-- Installing: /home/aiv/ev_ws/perception/install/lidar_clustering/share/lidar_clustering/config/clustering_params.yaml\n'}
[4.542932] (lidar_clustering) StdoutLine: {'line': b'-- Up-to-date: /home/aiv/ev_ws/perception/install/lidar_clustering/share/lidar_clustering/environment/library_path.sh\n'}
[4.542956] (lidar_clustering) StdoutLine: {'line': b'-- Up-to-date: /home/aiv/ev_ws/perception/install/lidar_clustering/share/lidar_clustering/environment/library_path.dsv\n'}
[4.542980] (lidar_clustering) StdoutLine: {'line': b'-- Up-to-date: /home/aiv/ev_ws/perception/install/lidar_clustering/share/ament_index/resource_index/package_run_dependencies/lidar_clustering\n'}
[4.543004] (lidar_clustering) StdoutLine: {'line': b'-- Up-to-date: /home/aiv/ev_ws/perception/install/lidar_clustering/share/ament_index/resource_index/parent_prefix_path/lidar_clustering\n'}
[4.543028] (lidar_clustering) StdoutLine: {'line': b'-- Up-to-date: /home/aiv/ev_ws/perception/install/lidar_clustering/share/lidar_clustering/environment/ament_prefix_path.sh\n'}
[4.543052] (lidar_clustering) StdoutLine: {'line': b'-- Up-to-date: /home/aiv/ev_ws/perception/install/lidar_clustering/share/lidar_clustering/environment/ament_prefix_path.dsv\n'}
[4.543078] (lidar_clustering) StdoutLine: {'line': b'-- Up-to-date: /home/aiv/ev_ws/perception/install/lidar_clustering/share/lidar_clustering/environment/path.sh\n'}
[4.543100] (lidar_clustering) StdoutLine: {'line': b'-- Up-to-date: /home/aiv/ev_ws/perception/install/lidar_clustering/share/lidar_clustering/environment/path.dsv\n'}
[4.543126] (lidar_clustering) StdoutLine: {'line': b'-- Up-to-date: /home/aiv/ev_ws/perception/install/lidar_clustering/share/lidar_clustering/local_setup.bash\n'}
[4.543153] (lidar_clustering) StdoutLine: {'line': b'-- Up-to-date: /home/aiv/ev_ws/perception/install/lidar_clustering/share/lidar_clustering/local_setup.sh\n'}
[4.543289] (lidar_clustering) StdoutLine: {'line': b'-- Up-to-date: /home/aiv/ev_ws/perception/install/lidar_clustering/share/lidar_clustering/local_setup.zsh\n'}
[4.543314] (lidar_clustering) StdoutLine: {'line': b'-- Up-to-date: /home/aiv/ev_ws/perception/install/lidar_clustering/share/lidar_clustering/local_setup.dsv\n'}
[4.543386] (lidar_clustering) StdoutLine: {'line': b'-- Installing: /home/aiv/ev_ws/perception/install/lidar_clustering/share/lidar_clustering/package.dsv\n'}
[4.543415] (lidar_clustering) StdoutLine: {'line': b'-- Up-to-date: /home/aiv/ev_ws/perception/install/lidar_clustering/share/ament_index/resource_index/packages/lidar_clustering\n'}
[4.543439] (lidar_clustering) StdoutLine: {'line': b'-- Up-to-date: /home/aiv/ev_ws/perception/install/lidar_clustering/share/ament_index/resource_index/rclcpp_components/lidar_clustering\n'}
[4.543462] (lidar_clustering) StdoutLine: {'line': b'-- Up-to-date: /home/aiv/ev_ws/perception/install/lidar_clustering/share/lidar_clustering/cmake/ament_cmake_export_include_directories-extras.cmake\n'}
[4.543490] (lidar_clustering) StdoutLine: {'line': b'-- Up-to-date: /home/aiv/ev_ws/perception/install/lidar_clustering/share/lidar_clustering/cmake/ament_cmake_export_libraries-extras.cmake\n'}
[4.543514] (lidar_clustering) StdoutLine: {'line': b'-- Up-to-date: /home/aiv/ev_ws/perception/install/lidar_clustering/share/lidar_clustering/cmake/ament_cmake_export_dependencies-extras.cmake\n'}
[4.543536] (lidar_clustering) StdoutLine: {'line': b'-- Up-to-date: /home/aiv/ev_ws/perception/install/lidar_clustering/share/lidar_clustering/cmake/lidar_clusteringConfig.cmake\n'}
[4.543557] (lidar_clustering) StdoutLine: {'line': b'-- Up-to-date: /home/aiv/ev_ws/perception/install/lidar_clustering/share/lidar_clustering/cmake/lidar_clusteringConfig-version.cmake\n'}
[4.543578] (lidar_clustering) StdoutLine: {'line': b'-- Up-to-date: /home/aiv/ev_ws/perception/install/lidar_clustering/share/lidar_clustering/package.xml\n'}
[4.544001] (lidar_clustering) CommandEnded: {'returncode': 0}
[4.554356] (lidar_clustering) JobEnded: {'identifier': 'lidar_clustering', 'rc': 0}
[4.554552] (-) EventReactorShutdown: {}
