[0.013s] Invoking command in '/home/aiv/ev_ws/perception/build/velodyne_msgs': CMAKE_PREFIX_PATH=${CMAKE_PREFIX_PATH}:/opt/ros/humble /usr/bin/cmake /home/aiv/ev_ws/perception/src/lidar/velodyne_msgs -DCMAKE_INSTALL_PREFIX=/home/aiv/ev_ws/perception/install/velodyne_msgs
[0.052s] -- The C compiler identification is GNU 11.4.0
[0.088s] -- The CXX compiler identification is GNU 11.4.0
[0.093s] -- Detecting C compiler ABI info
[0.135s] -- Detecting C compiler ABI info - done
[0.138s] -- Check for working C compiler: /usr/bin/cc - skipped
[0.139s] -- Detecting C compile features
[0.139s] -- Detecting C compile features - done
[0.140s] -- Detecting CXX compiler ABI info
[0.190s] -- Detecting CXX compiler ABI info - done
[0.194s] -- Check for working CXX compiler: /usr/bin/c++ - skipped
[0.194s] -- Detecting CXX compile features
[0.195s] -- Detecting CXX compile features - done
[0.196s] -- Found ament_cmake: 1.3.12 (/opt/ros/humble/share/ament_cmake/cmake)
[0.292s] -- Found Python3: /usr/bin/python3 (found version "3.10.12") found components: Interpreter 
[0.340s] -- Found builtin_interfaces: 1.2.2 (/opt/ros/humble/share/builtin_interfaces/cmake)
[0.357s] -- Found rosidl_generator_c: 3.1.8 (/opt/ros/humble/share/rosidl_generator_c/cmake)
[0.360s] -- Found rosidl_adapter: 3.1.8 (/opt/ros/humble/share/rosidl_adapter/cmake)
[0.364s] -- Found rosidl_generator_cpp: 3.1.8 (/opt/ros/humble/share/rosidl_generator_cpp/cmake)
[0.370s] -- Using all available rosidl_typesupport_c: rosidl_typesupport_fastrtps_c;rosidl_typesupport_introspection_c
[0.379s] -- Using all available rosidl_typesupport_cpp: rosidl_typesupport_fastrtps_cpp;rosidl_typesupport_introspection_cpp
[0.386s] -- Found rosidl_default_generators: 1.2.0 (/opt/ros/humble/share/rosidl_default_generators/cmake)
[0.391s] -- Found std_msgs: 4.9.0 (/opt/ros/humble/share/std_msgs/cmake)
[0.563s] -- Found ament_cmake_cppcheck: 0.12.14 (/opt/ros/humble/share/ament_cmake_cppcheck/cmake)
[0.564s] -- Found ament_cmake_cpplint: 0.12.14 (/opt/ros/humble/share/ament_cmake_cpplint/cmake)
[0.566s] -- Found ament_cmake_uncrustify: 0.12.14 (/opt/ros/humble/share/ament_cmake_uncrustify/cmake)
[0.568s] -- Found ament_cmake_ros: 0.10.0 (/opt/ros/humble/share/ament_cmake_ros/cmake)
[0.805s] -- Using all available rosidl_typesupport_c: rosidl_typesupport_fastrtps_c;rosidl_typesupport_introspection_c
[0.888s] -- Using all available rosidl_typesupport_cpp: rosidl_typesupport_fastrtps_cpp;rosidl_typesupport_introspection_cpp
[0.906s] -- Found PythonInterp: /usr/bin/python3 (found suitable version "3.10.12", minimum required is "3.6") 
[0.907s] -- Found python_cmake_module: 0.10.0 (/opt/ros/humble/share/python_cmake_module/cmake)
[0.927s] -- Found PythonLibs: /usr/lib/x86_64-linux-gnu/libpython3.10.so (found suitable version "3.10.12", minimum required is "3.5") 
[0.927s] -- Using PYTHON_EXECUTABLE: /usr/bin/python3
[0.927s] -- Using PYTHON_INCLUDE_DIRS: /usr/include/python3.10
[0.927s] -- Using PYTHON_LIBRARIES: /usr/lib/x86_64-linux-gnu/libpython3.10.so
[0.939s] -- Found PythonExtra: .so  
[0.970s] -- Found ament_cmake_flake8: 0.12.14 (/opt/ros/humble/share/ament_cmake_flake8/cmake)
[0.972s] -- Found ament_cmake_pep257: 0.12.14 (/opt/ros/humble/share/ament_cmake_pep257/cmake)
[0.973s] -- Found ament_lint_auto: 0.12.14 (/opt/ros/humble/share/ament_lint_auto/cmake)
[0.979s] -- Added test 'copyright' to check source files copyright and LICENSE
[0.980s] -- Added test 'lint_cmake' to check CMake code style
[0.980s] -- Added test 'xmllint' to check XML markup files
[0.981s] -- Configuring done
[0.997s] -- Generating done
[1.003s] -- Build files have been written to: /home/aiv/ev_ws/perception/build/velodyne_msgs
[1.009s] Invoked command in '/home/aiv/ev_ws/perception/build/velodyne_msgs' returned '0': CMAKE_PREFIX_PATH=${CMAKE_PREFIX_PATH}:/opt/ros/humble /usr/bin/cmake /home/aiv/ev_ws/perception/src/lidar/velodyne_msgs -DCMAKE_INSTALL_PREFIX=/home/aiv/ev_ws/perception/install/velodyne_msgs
[1.010s] Invoking command in '/home/aiv/ev_ws/perception/build/velodyne_msgs': CMAKE_PREFIX_PATH=${CMAKE_PREFIX_PATH}:/opt/ros/humble /usr/bin/cmake --build /home/aiv/ev_ws/perception/build/velodyne_msgs -- -j28 -l28
[1.038s] [  2%] [34m[1mGenerating C code for ROS interfaces[0m
[1.047s] [  5%] [34m[1mGenerating C++ code for ROS interfaces[0m
[1.050s] [  5%] Built target ament_cmake_python_copy_velodyne_msgs
[1.190s] running egg_info
[1.191s] creating velodyne_msgs.egg-info
[1.191s] writing velodyne_msgs.egg-info/PKG-INFO
[1.191s] writing dependency_links to velodyne_msgs.egg-info/dependency_links.txt
[1.191s] writing top-level names to velodyne_msgs.egg-info/top_level.txt
[1.191s] writing manifest file 'velodyne_msgs.egg-info/SOURCES.txt'
[1.192s] reading manifest file 'velodyne_msgs.egg-info/SOURCES.txt'
[1.192s] writing manifest file 'velodyne_msgs.egg-info/SOURCES.txt'
[1.210s] [  5%] Built target ament_cmake_python_build_velodyne_msgs_egg
[1.225s] [ 10%] [32mBuilding C object CMakeFiles/velodyne_msgs__rosidl_generator_c.dir/rosidl_generator_c/velodyne_msgs/msg/detail/velodyne_packet__functions.c.o[0m
[1.225s] [ 10%] [32mBuilding C object CMakeFiles/velodyne_msgs__rosidl_generator_c.dir/rosidl_generator_c/velodyne_msgs/msg/detail/velodyne_scan__functions.c.o[0m
[1.253s] [ 12%] [32m[1mLinking C shared library libvelodyne_msgs__rosidl_generator_c.so[0m
[1.254s] [ 12%] Built target velodyne_msgs__cpp
[1.260s] [ 15%] [34m[1mGenerating C++ introspection for ROS interfaces[0m
[1.260s] [ 17%] [34m[1mGenerating C++ type support for eProsima Fast-RTPS[0m
[1.262s] [ 20%] [34m[1mGenerating C++ type support dispatch for ROS interfaces[0m
[1.278s] [ 20%] Built target velodyne_msgs__rosidl_generator_c
[1.286s] [ 28%] [34m[1mGenerating C introspection for ROS interfaces[0m
[1.287s] [ 28%] [34m[1mGenerating C type support for eProsima Fast-RTPS[0m
[1.287s] [ 28%] [34m[1mGenerating C type support dispatch for ROS interfaces[0m
[1.427s] [ 30%] [32mBuilding CXX object CMakeFiles/velodyne_msgs__rosidl_typesupport_introspection_cpp.dir/rosidl_typesupport_introspection_cpp/velodyne_msgs/msg/detail/velodyne_packet__type_support.cpp.o[0m
[1.429s] [ 33%] [32mBuilding CXX object CMakeFiles/velodyne_msgs__rosidl_typesupport_introspection_cpp.dir/rosidl_typesupport_introspection_cpp/velodyne_msgs/msg/detail/velodyne_scan__type_support.cpp.o[0m
[1.438s] [ 38%] [32mBuilding CXX object CMakeFiles/velodyne_msgs__rosidl_typesupport_fastrtps_cpp.dir/rosidl_typesupport_fastrtps_cpp/velodyne_msgs/msg/detail/dds_fastrtps/velodyne_packet__type_support.cpp.o[0m
[1.438s] [ 38%] [32mBuilding CXX object CMakeFiles/velodyne_msgs__rosidl_typesupport_fastrtps_cpp.dir/rosidl_typesupport_fastrtps_cpp/velodyne_msgs/msg/detail/dds_fastrtps/velodyne_scan__type_support.cpp.o[0m
[1.481s] [ 43%] [32mBuilding CXX object CMakeFiles/velodyne_msgs__rosidl_typesupport_c.dir/rosidl_typesupport_c/velodyne_msgs/msg/velodyne_packet__type_support.cpp.o[0m
[1.481s] [ 43%] [32mBuilding CXX object CMakeFiles/velodyne_msgs__rosidl_typesupport_c.dir/rosidl_typesupport_c/velodyne_msgs/msg/velodyne_scan__type_support.cpp.o[0m
[1.495s] [ 46%] [32mBuilding C object CMakeFiles/velodyne_msgs__rosidl_typesupport_introspection_c.dir/rosidl_typesupport_introspection_c/velodyne_msgs/msg/detail/velodyne_packet__type_support.c.o[0m
[1.497s] [ 48%] [32mBuilding C object CMakeFiles/velodyne_msgs__rosidl_typesupport_introspection_c.dir/rosidl_typesupport_introspection_c/velodyne_msgs/msg/detail/velodyne_scan__type_support.c.o[0m
[1.504s] [ 51%] [32m[1mLinking CXX shared library libvelodyne_msgs__rosidl_typesupport_c.so[0m
[1.521s] [ 56%] [32mBuilding CXX object CMakeFiles/velodyne_msgs__rosidl_typesupport_cpp.dir/rosidl_typesupport_cpp/velodyne_msgs/msg/velodyne_packet__type_support.cpp.o[0m
[1.521s] [ 56%] [32mBuilding CXX object CMakeFiles/velodyne_msgs__rosidl_typesupport_cpp.dir/rosidl_typesupport_cpp/velodyne_msgs/msg/velodyne_scan__type_support.cpp.o[0m
[1.531s] [ 58%] [32m[1mLinking C shared library libvelodyne_msgs__rosidl_typesupport_introspection_c.so[0m
[1.538s] [ 58%] Built target velodyne_msgs__rosidl_typesupport_c
[1.553s] [ 58%] Built target velodyne_msgs__rosidl_typesupport_introspection_c
[1.565s] [ 61%] [32mBuilding CXX object CMakeFiles/velodyne_msgs__rosidl_typesupport_fastrtps_c.dir/rosidl_typesupport_fastrtps_c/velodyne_msgs/msg/detail/velodyne_scan__type_support_c.cpp.o[0m
[1.567s] [ 64%] [32mBuilding CXX object CMakeFiles/velodyne_msgs__rosidl_typesupport_fastrtps_c.dir/rosidl_typesupport_fastrtps_c/velodyne_msgs/msg/detail/velodyne_packet__type_support_c.cpp.o[0m
[1.656s] [ 66%] [32m[1mLinking CXX shared library libvelodyne_msgs__rosidl_typesupport_introspection_cpp.so[0m
[1.739s] [ 66%] Built target velodyne_msgs__rosidl_typesupport_introspection_cpp
[1.760s] [ 69%] [32m[1mLinking CXX shared library libvelodyne_msgs__rosidl_typesupport_cpp.so[0m
[1.786s] [ 71%] [32m[1mLinking CXX shared library libvelodyne_msgs__rosidl_typesupport_fastrtps_cpp.so[0m
[1.787s] [ 71%] Built target velodyne_msgs__rosidl_typesupport_cpp
[1.809s] [ 74%] [32m[1mLinking CXX shared library libvelodyne_msgs__rosidl_typesupport_fastrtps_c.so[0m
[1.865s] [ 74%] Built target velodyne_msgs__rosidl_typesupport_fastrtps_cpp
[1.870s] [ 74%] Built target velodyne_msgs__rosidl_typesupport_fastrtps_c
[1.882s] [ 74%] Built target velodyne_msgs
[1.894s] [ 76%] [34m[1mGenerating Python code for ROS interfaces[0m
[2.142s] [ 76%] Built target velodyne_msgs__py
[2.157s] [ 82%] [32mBuilding C object CMakeFiles/velodyne_msgs__rosidl_generator_py.dir/rosidl_generator_py/velodyne_msgs/msg/_velodyne_scan_s.c.o[0m
[2.157s] [ 82%] [32mBuilding C object CMakeFiles/velodyne_msgs__rosidl_generator_py.dir/rosidl_generator_py/velodyne_msgs/msg/_velodyne_packet_s.c.o[0m
[2.217s] [ 84%] [32m[1mLinking C shared library rosidl_generator_py/velodyne_msgs/libvelodyne_msgs__rosidl_generator_py.so[0m
[2.249s] [ 84%] Built target velodyne_msgs__rosidl_generator_py
[2.264s] [ 87%] [32mBuilding C object CMakeFiles/velodyne_msgs__rosidl_typesupport_fastrtps_c__pyext.dir/rosidl_generator_py/velodyne_msgs/_velodyne_msgs_s.ep.rosidl_typesupport_fastrtps_c.c.o[0m
[2.265s] [ 92%] [32mBuilding C object CMakeFiles/velodyne_msgs__rosidl_typesupport_introspection_c__pyext.dir/rosidl_generator_py/velodyne_msgs/_velodyne_msgs_s.ep.rosidl_typesupport_introspection_c.c.o[0m
[2.265s] [ 92%] [32mBuilding C object CMakeFiles/velodyne_msgs__rosidl_typesupport_c__pyext.dir/rosidl_generator_py/velodyne_msgs/_velodyne_msgs_s.ep.rosidl_typesupport_c.c.o[0m
[2.317s] [ 97%] [32m[1mLinking C shared library rosidl_generator_py/velodyne_msgs/velodyne_msgs_s__rosidl_typesupport_introspection_c.cpython-310-x86_64-linux-gnu.so[0m
[2.317s] [ 97%] [32m[1mLinking C shared library rosidl_generator_py/velodyne_msgs/velodyne_msgs_s__rosidl_typesupport_fastrtps_c.cpython-310-x86_64-linux-gnu.so[0m
[2.342s] [ 97%] Built target velodyne_msgs__rosidl_typesupport_fastrtps_c__pyext
[2.344s] [100%] [32m[1mLinking C shared library rosidl_generator_py/velodyne_msgs/velodyne_msgs_s__rosidl_typesupport_c.cpython-310-x86_64-linux-gnu.so[0m
[2.346s] [100%] Built target velodyne_msgs__rosidl_typesupport_introspection_c__pyext
[2.373s] [100%] Built target velodyne_msgs__rosidl_typesupport_c__pyext
[2.380s] Invoked command in '/home/aiv/ev_ws/perception/build/velodyne_msgs' returned '0': CMAKE_PREFIX_PATH=${CMAKE_PREFIX_PATH}:/opt/ros/humble /usr/bin/cmake --build /home/aiv/ev_ws/perception/build/velodyne_msgs -- -j28 -l28
[2.386s] Invoking command in '/home/aiv/ev_ws/perception/build/velodyne_msgs': CMAKE_PREFIX_PATH=${CMAKE_PREFIX_PATH}:/opt/ros/humble /usr/bin/cmake --install /home/aiv/ev_ws/perception/build/velodyne_msgs
[2.407s] -- Install configuration: ""
[2.407s] -- Installing: /home/aiv/ev_ws/perception/install/velodyne_msgs/share/ament_index/resource_index/rosidl_interfaces/velodyne_msgs
[2.407s] -- Installing: /home/aiv/ev_ws/perception/install/velodyne_msgs/include/velodyne_msgs/velodyne_msgs
[2.407s] -- Installing: /home/aiv/ev_ws/perception/install/velodyne_msgs/include/velodyne_msgs/velodyne_msgs/msg
[2.407s] -- Installing: /home/aiv/ev_ws/perception/install/velodyne_msgs/include/velodyne_msgs/velodyne_msgs/msg/rosidl_generator_c__visibility_control.h
[2.407s] -- Installing: /home/aiv/ev_ws/perception/install/velodyne_msgs/include/velodyne_msgs/velodyne_msgs/msg/detail
[2.407s] -- Installing: /home/aiv/ev_ws/perception/install/velodyne_msgs/include/velodyne_msgs/velodyne_msgs/msg/detail/velodyne_packet__type_support.h
[2.407s] -- Installing: /home/aiv/ev_ws/perception/install/velodyne_msgs/include/velodyne_msgs/velodyne_msgs/msg/detail/velodyne_scan__struct.h
[2.407s] -- Installing: /home/aiv/ev_ws/perception/install/velodyne_msgs/include/velodyne_msgs/velodyne_msgs/msg/detail/velodyne_scan__type_support.h
[2.407s] -- Installing: /home/aiv/ev_ws/perception/install/velodyne_msgs/include/velodyne_msgs/velodyne_msgs/msg/detail/velodyne_scan__functions.c
[2.407s] -- Installing: /home/aiv/ev_ws/perception/install/velodyne_msgs/include/velodyne_msgs/velodyne_msgs/msg/detail/velodyne_scan__functions.h
[2.407s] -- Installing: /home/aiv/ev_ws/perception/install/velodyne_msgs/include/velodyne_msgs/velodyne_msgs/msg/detail/velodyne_packet__functions.h
[2.407s] -- Installing: /home/aiv/ev_ws/perception/install/velodyne_msgs/include/velodyne_msgs/velodyne_msgs/msg/detail/velodyne_packet__functions.c
[2.407s] -- Installing: /home/aiv/ev_ws/perception/install/velodyne_msgs/include/velodyne_msgs/velodyne_msgs/msg/detail/velodyne_packet__struct.h
[2.407s] -- Installing: /home/aiv/ev_ws/perception/install/velodyne_msgs/include/velodyne_msgs/velodyne_msgs/msg/velodyne_packet.h
[2.407s] -- Installing: /home/aiv/ev_ws/perception/install/velodyne_msgs/include/velodyne_msgs/velodyne_msgs/msg/velodyne_scan.h
[2.407s] -- Installing: /home/aiv/ev_ws/perception/install/velodyne_msgs/share/velodyne_msgs/environment/library_path.sh
[2.407s] -- Installing: /home/aiv/ev_ws/perception/install/velodyne_msgs/share/velodyne_msgs/environment/library_path.dsv
[2.407s] -- Installing: /home/aiv/ev_ws/perception/install/velodyne_msgs/lib/libvelodyne_msgs__rosidl_generator_c.so
[2.407s] -- Set runtime path of "/home/aiv/ev_ws/perception/install/velodyne_msgs/lib/libvelodyne_msgs__rosidl_generator_c.so" to ""
[2.407s] -- Up-to-date: /home/aiv/ev_ws/perception/install/velodyne_msgs/include/velodyne_msgs/velodyne_msgs
[2.407s] -- Up-to-date: /home/aiv/ev_ws/perception/install/velodyne_msgs/include/velodyne_msgs/velodyne_msgs/msg
[2.407s] -- Installing: /home/aiv/ev_ws/perception/install/velodyne_msgs/include/velodyne_msgs/velodyne_msgs/msg/rosidl_typesupport_fastrtps_c__visibility_control.h
[2.407s] -- Up-to-date: /home/aiv/ev_ws/perception/install/velodyne_msgs/include/velodyne_msgs/velodyne_msgs/msg/detail
[2.407s] -- Installing: /home/aiv/ev_ws/perception/install/velodyne_msgs/include/velodyne_msgs/velodyne_msgs/msg/detail/velodyne_scan__rosidl_typesupport_fastrtps_c.h
[2.407s] -- Installing: /home/aiv/ev_ws/perception/install/velodyne_msgs/include/velodyne_msgs/velodyne_msgs/msg/detail/velodyne_packet__rosidl_typesupport_fastrtps_c.h
[2.407s] -- Installing: /home/aiv/ev_ws/perception/install/velodyne_msgs/lib/libvelodyne_msgs__rosidl_typesupport_fastrtps_c.so
[2.407s] -- Set runtime path of "/home/aiv/ev_ws/perception/install/velodyne_msgs/lib/libvelodyne_msgs__rosidl_typesupport_fastrtps_c.so" to ""
[2.407s] -- Up-to-date: /home/aiv/ev_ws/perception/install/velodyne_msgs/include/velodyne_msgs/velodyne_msgs
[2.407s] -- Up-to-date: /home/aiv/ev_ws/perception/install/velodyne_msgs/include/velodyne_msgs/velodyne_msgs/msg
[2.407s] -- Installing: /home/aiv/ev_ws/perception/install/velodyne_msgs/include/velodyne_msgs/velodyne_msgs/msg/velodyne_packet.hpp
[2.408s] -- Installing: /home/aiv/ev_ws/perception/install/velodyne_msgs/include/velodyne_msgs/velodyne_msgs/msg/velodyne_scan.hpp
[2.408s] -- Installing: /home/aiv/ev_ws/perception/install/velodyne_msgs/include/velodyne_msgs/velodyne_msgs/msg/rosidl_generator_cpp__visibility_control.hpp
[2.408s] -- Up-to-date: /home/aiv/ev_ws/perception/install/velodyne_msgs/include/velodyne_msgs/velodyne_msgs/msg/detail
[2.408s] -- Installing: /home/aiv/ev_ws/perception/install/velodyne_msgs/include/velodyne_msgs/velodyne_msgs/msg/detail/velodyne_packet__type_support.hpp
[2.408s] -- Installing: /home/aiv/ev_ws/perception/install/velodyne_msgs/include/velodyne_msgs/velodyne_msgs/msg/detail/velodyne_packet__traits.hpp
[2.408s] -- Installing: /home/aiv/ev_ws/perception/install/velodyne_msgs/include/velodyne_msgs/velodyne_msgs/msg/detail/velodyne_packet__builder.hpp
[2.408s] -- Installing: /home/aiv/ev_ws/perception/install/velodyne_msgs/include/velodyne_msgs/velodyne_msgs/msg/detail/velodyne_scan__traits.hpp
[2.408s] -- Installing: /home/aiv/ev_ws/perception/install/velodyne_msgs/include/velodyne_msgs/velodyne_msgs/msg/detail/velodyne_scan__type_support.hpp
[2.408s] -- Installing: /home/aiv/ev_ws/perception/install/velodyne_msgs/include/velodyne_msgs/velodyne_msgs/msg/detail/velodyne_scan__struct.hpp
[2.408s] -- Installing: /home/aiv/ev_ws/perception/install/velodyne_msgs/include/velodyne_msgs/velodyne_msgs/msg/detail/velodyne_packet__struct.hpp
[2.408s] -- Installing: /home/aiv/ev_ws/perception/install/velodyne_msgs/include/velodyne_msgs/velodyne_msgs/msg/detail/velodyne_scan__builder.hpp
[2.409s] -- Up-to-date: /home/aiv/ev_ws/perception/install/velodyne_msgs/include/velodyne_msgs/velodyne_msgs
[2.409s] -- Up-to-date: /home/aiv/ev_ws/perception/install/velodyne_msgs/include/velodyne_msgs/velodyne_msgs/msg
[2.409s] -- Up-to-date: /home/aiv/ev_ws/perception/install/velodyne_msgs/include/velodyne_msgs/velodyne_msgs/msg/detail
[2.409s] -- Installing: /home/aiv/ev_ws/perception/install/velodyne_msgs/include/velodyne_msgs/velodyne_msgs/msg/detail/dds_fastrtps
[2.409s] -- Installing: /home/aiv/ev_ws/perception/install/velodyne_msgs/include/velodyne_msgs/velodyne_msgs/msg/detail/velodyne_scan__rosidl_typesupport_fastrtps_cpp.hpp
[2.409s] -- Installing: /home/aiv/ev_ws/perception/install/velodyne_msgs/include/velodyne_msgs/velodyne_msgs/msg/detail/velodyne_packet__rosidl_typesupport_fastrtps_cpp.hpp
[2.409s] -- Installing: /home/aiv/ev_ws/perception/install/velodyne_msgs/include/velodyne_msgs/velodyne_msgs/msg/rosidl_typesupport_fastrtps_cpp__visibility_control.h
[2.409s] -- Installing: /home/aiv/ev_ws/perception/install/velodyne_msgs/lib/libvelodyne_msgs__rosidl_typesupport_fastrtps_cpp.so
[2.409s] -- Set runtime path of "/home/aiv/ev_ws/perception/install/velodyne_msgs/lib/libvelodyne_msgs__rosidl_typesupport_fastrtps_cpp.so" to ""
[2.409s] -- Up-to-date: /home/aiv/ev_ws/perception/install/velodyne_msgs/include/velodyne_msgs/velodyne_msgs
[2.409s] -- Up-to-date: /home/aiv/ev_ws/perception/install/velodyne_msgs/include/velodyne_msgs/velodyne_msgs/msg
[2.409s] -- Up-to-date: /home/aiv/ev_ws/perception/install/velodyne_msgs/include/velodyne_msgs/velodyne_msgs/msg/detail
[2.409s] -- Installing: /home/aiv/ev_ws/perception/install/velodyne_msgs/include/velodyne_msgs/velodyne_msgs/msg/detail/velodyne_scan__rosidl_typesupport_introspection_c.h
[2.409s] -- Installing: /home/aiv/ev_ws/perception/install/velodyne_msgs/include/velodyne_msgs/velodyne_msgs/msg/detail/velodyne_scan__type_support.c
[2.409s] -- Installing: /home/aiv/ev_ws/perception/install/velodyne_msgs/include/velodyne_msgs/velodyne_msgs/msg/detail/velodyne_packet__rosidl_typesupport_introspection_c.h
[2.409s] -- Installing: /home/aiv/ev_ws/perception/install/velodyne_msgs/include/velodyne_msgs/velodyne_msgs/msg/detail/velodyne_packet__type_support.c
[2.409s] -- Installing: /home/aiv/ev_ws/perception/install/velodyne_msgs/include/velodyne_msgs/velodyne_msgs/msg/rosidl_typesupport_introspection_c__visibility_control.h
[2.409s] -- Installing: /home/aiv/ev_ws/perception/install/velodyne_msgs/lib/libvelodyne_msgs__rosidl_typesupport_introspection_c.so
[2.409s] -- Set runtime path of "/home/aiv/ev_ws/perception/install/velodyne_msgs/lib/libvelodyne_msgs__rosidl_typesupport_introspection_c.so" to ""
[2.409s] -- Installing: /home/aiv/ev_ws/perception/install/velodyne_msgs/lib/libvelodyne_msgs__rosidl_typesupport_c.so
[2.409s] -- Set runtime path of "/home/aiv/ev_ws/perception/install/velodyne_msgs/lib/libvelodyne_msgs__rosidl_typesupport_c.so" to ""
[2.409s] -- Up-to-date: /home/aiv/ev_ws/perception/install/velodyne_msgs/include/velodyne_msgs/velodyne_msgs
[2.409s] -- Up-to-date: /home/aiv/ev_ws/perception/install/velodyne_msgs/include/velodyne_msgs/velodyne_msgs/msg
[2.409s] -- Up-to-date: /home/aiv/ev_ws/perception/install/velodyne_msgs/include/velodyne_msgs/velodyne_msgs/msg/detail
[2.409s] -- Installing: /home/aiv/ev_ws/perception/install/velodyne_msgs/include/velodyne_msgs/velodyne_msgs/msg/detail/velodyne_scan__type_support.cpp
[2.409s] -- Installing: /home/aiv/ev_ws/perception/install/velodyne_msgs/include/velodyne_msgs/velodyne_msgs/msg/detail/velodyne_packet__rosidl_typesupport_introspection_cpp.hpp
[2.409s] -- Installing: /home/aiv/ev_ws/perception/install/velodyne_msgs/include/velodyne_msgs/velodyne_msgs/msg/detail/velodyne_scan__rosidl_typesupport_introspection_cpp.hpp
[2.409s] -- Installing: /home/aiv/ev_ws/perception/install/velodyne_msgs/include/velodyne_msgs/velodyne_msgs/msg/detail/velodyne_packet__type_support.cpp
[2.409s] -- Installing: /home/aiv/ev_ws/perception/install/velodyne_msgs/lib/libvelodyne_msgs__rosidl_typesupport_introspection_cpp.so
[2.410s] -- Set runtime path of "/home/aiv/ev_ws/perception/install/velodyne_msgs/lib/libvelodyne_msgs__rosidl_typesupport_introspection_cpp.so" to ""
[2.410s] -- Installing: /home/aiv/ev_ws/perception/install/velodyne_msgs/lib/libvelodyne_msgs__rosidl_typesupport_cpp.so
[2.410s] -- Set runtime path of "/home/aiv/ev_ws/perception/install/velodyne_msgs/lib/libvelodyne_msgs__rosidl_typesupport_cpp.so" to ""
[2.410s] -- Installing: /home/aiv/ev_ws/perception/install/velodyne_msgs/share/velodyne_msgs/environment/pythonpath.sh
[2.410s] -- Installing: /home/aiv/ev_ws/perception/install/velodyne_msgs/share/velodyne_msgs/environment/pythonpath.dsv
[2.410s] -- Installing: /home/aiv/ev_ws/perception/install/velodyne_msgs/local/lib/python3.10/dist-packages/velodyne_msgs-2.5.1-py3.10.egg-info
[2.410s] -- Installing: /home/aiv/ev_ws/perception/install/velodyne_msgs/local/lib/python3.10/dist-packages/velodyne_msgs-2.5.1-py3.10.egg-info/PKG-INFO
[2.410s] -- Installing: /home/aiv/ev_ws/perception/install/velodyne_msgs/local/lib/python3.10/dist-packages/velodyne_msgs-2.5.1-py3.10.egg-info/top_level.txt
[2.410s] -- Installing: /home/aiv/ev_ws/perception/install/velodyne_msgs/local/lib/python3.10/dist-packages/velodyne_msgs-2.5.1-py3.10.egg-info/SOURCES.txt
[2.410s] -- Installing: /home/aiv/ev_ws/perception/install/velodyne_msgs/local/lib/python3.10/dist-packages/velodyne_msgs-2.5.1-py3.10.egg-info/dependency_links.txt
[2.410s] -- Installing: /home/aiv/ev_ws/perception/install/velodyne_msgs/local/lib/python3.10/dist-packages/velodyne_msgs
[2.410s] -- Installing: /home/aiv/ev_ws/perception/install/velodyne_msgs/local/lib/python3.10/dist-packages/velodyne_msgs/velodyne_msgs_s__rosidl_typesupport_c.cpython-310-x86_64-linux-gnu.so
[2.410s] -- Installing: /home/aiv/ev_ws/perception/install/velodyne_msgs/local/lib/python3.10/dist-packages/velodyne_msgs/_velodyne_msgs_s.ep.rosidl_typesupport_fastrtps_c.c
[2.410s] -- Installing: /home/aiv/ev_ws/perception/install/velodyne_msgs/local/lib/python3.10/dist-packages/velodyne_msgs/__init__.py
[2.410s] -- Installing: /home/aiv/ev_ws/perception/install/velodyne_msgs/local/lib/python3.10/dist-packages/velodyne_msgs/velodyne_msgs_s__rosidl_typesupport_introspection_c.cpython-310-x86_64-linux-gnu.so
[2.410s] -- Installing: /home/aiv/ev_ws/perception/install/velodyne_msgs/local/lib/python3.10/dist-packages/velodyne_msgs/msg
[2.410s] -- Installing: /home/aiv/ev_ws/perception/install/velodyne_msgs/local/lib/python3.10/dist-packages/velodyne_msgs/msg/_velodyne_packet.py
[2.410s] -- Installing: /home/aiv/ev_ws/perception/install/velodyne_msgs/local/lib/python3.10/dist-packages/velodyne_msgs/msg/_velodyne_scan.py
[2.410s] -- Installing: /home/aiv/ev_ws/perception/install/velodyne_msgs/local/lib/python3.10/dist-packages/velodyne_msgs/msg/__init__.py
[2.410s] -- Installing: /home/aiv/ev_ws/perception/install/velodyne_msgs/local/lib/python3.10/dist-packages/velodyne_msgs/msg/_velodyne_packet_s.c
[2.411s] -- Installing: /home/aiv/ev_ws/perception/install/velodyne_msgs/local/lib/python3.10/dist-packages/velodyne_msgs/msg/_velodyne_scan_s.c
[2.411s] -- Installing: /home/aiv/ev_ws/perception/install/velodyne_msgs/local/lib/python3.10/dist-packages/velodyne_msgs/_velodyne_msgs_s.ep.rosidl_typesupport_introspection_c.c
[2.411s] -- Installing: /home/aiv/ev_ws/perception/install/velodyne_msgs/local/lib/python3.10/dist-packages/velodyne_msgs/libvelodyne_msgs__rosidl_generator_py.so
[2.411s] -- Installing: /home/aiv/ev_ws/perception/install/velodyne_msgs/local/lib/python3.10/dist-packages/velodyne_msgs/velodyne_msgs_s__rosidl_typesupport_fastrtps_c.cpython-310-x86_64-linux-gnu.so
[2.411s] -- Installing: /home/aiv/ev_ws/perception/install/velodyne_msgs/local/lib/python3.10/dist-packages/velodyne_msgs/_velodyne_msgs_s.ep.rosidl_typesupport_c.c
[2.421s] Listing '/home/aiv/ev_ws/perception/install/velodyne_msgs/local/lib/python3.10/dist-packages/velodyne_msgs'...
[2.421s] Compiling '/home/aiv/ev_ws/perception/install/velodyne_msgs/local/lib/python3.10/dist-packages/velodyne_msgs/__init__.py'...
[2.421s] Listing '/home/aiv/ev_ws/perception/install/velodyne_msgs/local/lib/python3.10/dist-packages/velodyne_msgs/msg'...
[2.421s] Compiling '/home/aiv/ev_ws/perception/install/velodyne_msgs/local/lib/python3.10/dist-packages/velodyne_msgs/msg/__init__.py'...
[2.421s] Compiling '/home/aiv/ev_ws/perception/install/velodyne_msgs/local/lib/python3.10/dist-packages/velodyne_msgs/msg/_velodyne_packet.py'...
[2.421s] Compiling '/home/aiv/ev_ws/perception/install/velodyne_msgs/local/lib/python3.10/dist-packages/velodyne_msgs/msg/_velodyne_scan.py'...
[2.424s] -- Installing: /home/aiv/ev_ws/perception/install/velodyne_msgs/local/lib/python3.10/dist-packages/velodyne_msgs/velodyne_msgs_s__rosidl_typesupport_fastrtps_c.cpython-310-x86_64-linux-gnu.so
[2.424s] -- Set runtime path of "/home/aiv/ev_ws/perception/install/velodyne_msgs/local/lib/python3.10/dist-packages/velodyne_msgs/velodyne_msgs_s__rosidl_typesupport_fastrtps_c.cpython-310-x86_64-linux-gnu.so" to ""
[2.424s] -- Installing: /home/aiv/ev_ws/perception/install/velodyne_msgs/local/lib/python3.10/dist-packages/velodyne_msgs/velodyne_msgs_s__rosidl_typesupport_introspection_c.cpython-310-x86_64-linux-gnu.so
[2.424s] -- Set runtime path of "/home/aiv/ev_ws/perception/install/velodyne_msgs/local/lib/python3.10/dist-packages/velodyne_msgs/velodyne_msgs_s__rosidl_typesupport_introspection_c.cpython-310-x86_64-linux-gnu.so" to ""
[2.424s] -- Installing: /home/aiv/ev_ws/perception/install/velodyne_msgs/local/lib/python3.10/dist-packages/velodyne_msgs/velodyne_msgs_s__rosidl_typesupport_c.cpython-310-x86_64-linux-gnu.so
[2.424s] -- Set runtime path of "/home/aiv/ev_ws/perception/install/velodyne_msgs/local/lib/python3.10/dist-packages/velodyne_msgs/velodyne_msgs_s__rosidl_typesupport_c.cpython-310-x86_64-linux-gnu.so" to ""
[2.424s] -- Installing: /home/aiv/ev_ws/perception/install/velodyne_msgs/lib/libvelodyne_msgs__rosidl_generator_py.so
[2.425s] -- Set runtime path of "/home/aiv/ev_ws/perception/install/velodyne_msgs/lib/libvelodyne_msgs__rosidl_generator_py.so" to ""
[2.425s] -- Installing: /home/aiv/ev_ws/perception/install/velodyne_msgs/share/velodyne_msgs/msg/VelodynePacket.idl
[2.425s] -- Installing: /home/aiv/ev_ws/perception/install/velodyne_msgs/share/velodyne_msgs/msg/VelodyneScan.idl
[2.425s] -- Installing: /home/aiv/ev_ws/perception/install/velodyne_msgs/share/velodyne_msgs/msg/VelodynePacket.msg
[2.425s] -- Installing: /home/aiv/ev_ws/perception/install/velodyne_msgs/share/velodyne_msgs/msg/VelodyneScan.msg
[2.425s] -- Installing: /home/aiv/ev_ws/perception/install/velodyne_msgs/share/ament_index/resource_index/package_run_dependencies/velodyne_msgs
[2.425s] -- Installing: /home/aiv/ev_ws/perception/install/velodyne_msgs/share/ament_index/resource_index/parent_prefix_path/velodyne_msgs
[2.425s] -- Installing: /home/aiv/ev_ws/perception/install/velodyne_msgs/share/velodyne_msgs/environment/ament_prefix_path.sh
[2.425s] -- Installing: /home/aiv/ev_ws/perception/install/velodyne_msgs/share/velodyne_msgs/environment/ament_prefix_path.dsv
[2.426s] -- Installing: /home/aiv/ev_ws/perception/install/velodyne_msgs/share/velodyne_msgs/environment/path.sh
[2.426s] -- Installing: /home/aiv/ev_ws/perception/install/velodyne_msgs/share/velodyne_msgs/environment/path.dsv
[2.426s] -- Installing: /home/aiv/ev_ws/perception/install/velodyne_msgs/share/velodyne_msgs/local_setup.bash
[2.426s] -- Installing: /home/aiv/ev_ws/perception/install/velodyne_msgs/share/velodyne_msgs/local_setup.sh
[2.426s] -- Installing: /home/aiv/ev_ws/perception/install/velodyne_msgs/share/velodyne_msgs/local_setup.zsh
[2.426s] -- Installing: /home/aiv/ev_ws/perception/install/velodyne_msgs/share/velodyne_msgs/local_setup.dsv
[2.426s] -- Installing: /home/aiv/ev_ws/perception/install/velodyne_msgs/share/velodyne_msgs/package.dsv
[2.426s] -- Installing: /home/aiv/ev_ws/perception/install/velodyne_msgs/share/ament_index/resource_index/packages/velodyne_msgs
[2.426s] -- Installing: /home/aiv/ev_ws/perception/install/velodyne_msgs/share/velodyne_msgs/cmake/export_velodyne_msgs__rosidl_generator_cExport.cmake
[2.426s] -- Installing: /home/aiv/ev_ws/perception/install/velodyne_msgs/share/velodyne_msgs/cmake/export_velodyne_msgs__rosidl_generator_cExport-noconfig.cmake
[2.427s] -- Installing: /home/aiv/ev_ws/perception/install/velodyne_msgs/share/velodyne_msgs/cmake/export_velodyne_msgs__rosidl_typesupport_fastrtps_cExport.cmake
[2.427s] -- Installing: /home/aiv/ev_ws/perception/install/velodyne_msgs/share/velodyne_msgs/cmake/export_velodyne_msgs__rosidl_typesupport_fastrtps_cExport-noconfig.cmake
[2.427s] -- Installing: /home/aiv/ev_ws/perception/install/velodyne_msgs/share/velodyne_msgs/cmake/export_velodyne_msgs__rosidl_generator_cppExport.cmake
[2.427s] -- Installing: /home/aiv/ev_ws/perception/install/velodyne_msgs/share/velodyne_msgs/cmake/export_velodyne_msgs__rosidl_typesupport_fastrtps_cppExport.cmake
[2.427s] -- Installing: /home/aiv/ev_ws/perception/install/velodyne_msgs/share/velodyne_msgs/cmake/export_velodyne_msgs__rosidl_typesupport_fastrtps_cppExport-noconfig.cmake
[2.427s] -- Installing: /home/aiv/ev_ws/perception/install/velodyne_msgs/share/velodyne_msgs/cmake/velodyne_msgs__rosidl_typesupport_introspection_cExport.cmake
[2.427s] -- Installing: /home/aiv/ev_ws/perception/install/velodyne_msgs/share/velodyne_msgs/cmake/velodyne_msgs__rosidl_typesupport_introspection_cExport-noconfig.cmake
[2.427s] -- Installing: /home/aiv/ev_ws/perception/install/velodyne_msgs/share/velodyne_msgs/cmake/velodyne_msgs__rosidl_typesupport_cExport.cmake
[2.427s] -- Installing: /home/aiv/ev_ws/perception/install/velodyne_msgs/share/velodyne_msgs/cmake/velodyne_msgs__rosidl_typesupport_cExport-noconfig.cmake
[2.427s] -- Installing: /home/aiv/ev_ws/perception/install/velodyne_msgs/share/velodyne_msgs/cmake/velodyne_msgs__rosidl_typesupport_introspection_cppExport.cmake
[2.428s] -- Installing: /home/aiv/ev_ws/perception/install/velodyne_msgs/share/velodyne_msgs/cmake/velodyne_msgs__rosidl_typesupport_introspection_cppExport-noconfig.cmake
[2.428s] -- Installing: /home/aiv/ev_ws/perception/install/velodyne_msgs/share/velodyne_msgs/cmake/velodyne_msgs__rosidl_typesupport_cppExport.cmake
[2.428s] -- Installing: /home/aiv/ev_ws/perception/install/velodyne_msgs/share/velodyne_msgs/cmake/velodyne_msgs__rosidl_typesupport_cppExport-noconfig.cmake
[2.428s] -- Installing: /home/aiv/ev_ws/perception/install/velodyne_msgs/share/velodyne_msgs/cmake/export_velodyne_msgs__rosidl_generator_pyExport.cmake
[2.428s] -- Installing: /home/aiv/ev_ws/perception/install/velodyne_msgs/share/velodyne_msgs/cmake/export_velodyne_msgs__rosidl_generator_pyExport-noconfig.cmake
[2.428s] -- Installing: /home/aiv/ev_ws/perception/install/velodyne_msgs/share/velodyne_msgs/cmake/rosidl_cmake-extras.cmake
[2.428s] -- Installing: /home/aiv/ev_ws/perception/install/velodyne_msgs/share/velodyne_msgs/cmake/ament_cmake_export_dependencies-extras.cmake
[2.428s] -- Installing: /home/aiv/ev_ws/perception/install/velodyne_msgs/share/velodyne_msgs/cmake/ament_cmake_export_include_directories-extras.cmake
[2.428s] -- Installing: /home/aiv/ev_ws/perception/install/velodyne_msgs/share/velodyne_msgs/cmake/ament_cmake_export_libraries-extras.cmake
[2.428s] -- Installing: /home/aiv/ev_ws/perception/install/velodyne_msgs/share/velodyne_msgs/cmake/ament_cmake_export_targets-extras.cmake
[2.428s] -- Installing: /home/aiv/ev_ws/perception/install/velodyne_msgs/share/velodyne_msgs/cmake/rosidl_cmake_export_typesupport_targets-extras.cmake
[2.429s] -- Installing: /home/aiv/ev_ws/perception/install/velodyne_msgs/share/velodyne_msgs/cmake/rosidl_cmake_export_typesupport_libraries-extras.cmake
[2.429s] -- Installing: /home/aiv/ev_ws/perception/install/velodyne_msgs/share/velodyne_msgs/cmake/velodyne_msgsConfig.cmake
[2.429s] -- Installing: /home/aiv/ev_ws/perception/install/velodyne_msgs/share/velodyne_msgs/cmake/velodyne_msgsConfig-version.cmake
[2.429s] -- Installing: /home/aiv/ev_ws/perception/install/velodyne_msgs/share/velodyne_msgs/package.xml
[2.431s] Invoked command in '/home/aiv/ev_ws/perception/build/velodyne_msgs' returned '0': CMAKE_PREFIX_PATH=${CMAKE_PREFIX_PATH}:/opt/ros/humble /usr/bin/cmake --install /home/aiv/ev_ws/perception/build/velodyne_msgs
